
Copyright (C) 1994-2018 Synopsys, Inc.
This Synopsys software and all associated documentation are proprietary to Synopsys, Inc.
and may only be used pursuant to the terms and conditions of a written license agreement
with Synopsys, Inc. All other use, reproduction, modification, or distribution of the
Synopsys software or the associated documentation is strictly prohibited.
Tool: Synplify Pro (R)
Build: N-2018.03M-SP1-1
Install: C:\Microsemi\Libero_SoC_v12.1\SynplifyPro
OS: Windows 6.2

Hostname: MONTREWKN78960

Implementation : synthesis
Synopsys HDL compiler and linker, Version comp2018q2p1, Build 223R, Built Oct 23 2018 09:18:38

Modified Files: 0
FID:  path (prevtimestamp, timestamp)

*******************************************************************
Modules that may have changed as a result of file changes: 0
MID:  lib.cell.view

*******************************************************************
Unmodified files: 169
FID:  path (timestamp)
188      C:\Microsemi\Libero_SoC_v12.1\SynplifyPro\lib\generic\igloo2.v (2018-12-21 01:52:12)
189      C:\Microsemi\Libero_SoC_v12.1\SynplifyPro\lib\vlog\hypermods.v (2018-12-21 01:52:16)
190      C:\Microsemi\Libero_SoC_v12.1\SynplifyPro\lib\vlog\scemi_objects.v (2018-12-21 01:52:16)
191      C:\Microsemi\Libero_SoC_v12.1\SynplifyPro\lib\vlog\scemi_pipes.svh (2018-12-21 01:52:16)
192      C:\Microsemi\Libero_SoC_v12.1\SynplifyPro\lib\vlog\umr_capim.v (2018-12-21 01:52:16)
15       D:\Work\Libero\IGL2_MiV_FreeRTOS_Demo\component\Actel\DirectCore\COREAHBTOAPB3\3.1.100\rtl\vlog\core\coreahbtoapb3.v (2019-03-18 10:28:09)
16       D:\Work\Libero\IGL2_MiV_FreeRTOS_Demo\component\Actel\DirectCore\COREAHBTOAPB3\3.1.100\rtl\vlog\core\coreahbtoapb3_ahbtoapbsm.v (2019-03-18 10:28:09)
17       D:\Work\Libero\IGL2_MiV_FreeRTOS_Demo\component\Actel\DirectCore\COREAHBTOAPB3\3.1.100\rtl\vlog\core\coreahbtoapb3_apbaddrdata.v (2019-03-18 10:28:09)
18       D:\Work\Libero\IGL2_MiV_FreeRTOS_Demo\component\Actel\DirectCore\COREAHBTOAPB3\3.1.100\rtl\vlog\core\coreahbtoapb3_penablescheduler.v (2019-03-18 10:28:09)
19       D:\Work\Libero\IGL2_MiV_FreeRTOS_Demo\component\Actel\DirectCore\COREJTAGDEBUG\3.0.100\core\corejtagdebug.v (2019-02-04 07:34:38)
20       D:\Work\Libero\IGL2_MiV_FreeRTOS_Demo\component\Actel\DirectCore\COREJTAGDEBUG\3.0.100\core\corejtagdebug_uj_jtag.v (2019-02-04 07:34:38)
21       D:\Work\Libero\IGL2_MiV_FreeRTOS_Demo\component\Actel\DirectCore\COREJTAGDEBUG\3.0.100\core\corejtagdebug_ujtag_wrapper.v (2019-02-04 07:34:38)
22       D:\Work\Libero\IGL2_MiV_FreeRTOS_Demo\component\Actel\DirectCore\CoreAHBLite\5.2.100\rtl\vlog\core\coreahblite.v (2018-03-21 16:01:07)
23       D:\Work\Libero\IGL2_MiV_FreeRTOS_Demo\component\Actel\DirectCore\CoreAHBLite\5.2.100\rtl\vlog\core\coreahblite_addrdec.v (2018-03-21 16:01:07)
24       D:\Work\Libero\IGL2_MiV_FreeRTOS_Demo\component\Actel\DirectCore\CoreAHBLite\5.2.100\rtl\vlog\core\coreahblite_defaultslavesm.v (2018-03-21 16:01:07)
25       D:\Work\Libero\IGL2_MiV_FreeRTOS_Demo\component\Actel\DirectCore\CoreAHBLite\5.2.100\rtl\vlog\core\coreahblite_masterstage.v (2018-03-21 16:01:07)
26       D:\Work\Libero\IGL2_MiV_FreeRTOS_Demo\component\Actel\DirectCore\CoreAHBLite\5.2.100\rtl\vlog\core\coreahblite_matrix4x16.v (2018-03-21 16:01:07)
27       D:\Work\Libero\IGL2_MiV_FreeRTOS_Demo\component\Actel\DirectCore\CoreAHBLite\5.2.100\rtl\vlog\core\coreahblite_slavearbiter.v (2018-03-21 16:01:07)
28       D:\Work\Libero\IGL2_MiV_FreeRTOS_Demo\component\Actel\DirectCore\CoreAHBLite\5.2.100\rtl\vlog\core\coreahblite_slavestage.v (2018-03-21 16:01:07)
29       D:\Work\Libero\IGL2_MiV_FreeRTOS_Demo\component\Actel\DirectCore\CoreAPB3\4.1.100\rtl\vlog\core_obfuscated\coreapb3.v (2018-07-31 08:50:39)
30       D:\Work\Libero\IGL2_MiV_FreeRTOS_Demo\component\Actel\DirectCore\CoreAPB3\4.1.100\rtl\vlog\core_obfuscated\coreapb3_iaddr_reg.v (2018-07-31 08:50:39)
31       D:\Work\Libero\IGL2_MiV_FreeRTOS_Demo\component\Actel\DirectCore\CoreAPB3\4.1.100\rtl\vlog\core_obfuscated\coreapb3_muxptob3.v (2018-07-31 08:50:39)
32       D:\Work\Libero\IGL2_MiV_FreeRTOS_Demo\component\Actel\DirectCore\CoreConfigMaster\2.1.102\rtl\vlog\core\coreconfigmaster.v (2018-03-21 16:00:35)
33       D:\Work\Libero\IGL2_MiV_FreeRTOS_Demo\component\Actel\DirectCore\CoreConfigP\7.1.100\rtl\vlog\core\coreconfigp.v (2018-03-21 16:01:07)
34       D:\Work\Libero\IGL2_MiV_FreeRTOS_Demo\component\Actel\DirectCore\CoreResetP\7.1.100\rtl\vlog\core\coreresetp.v (2018-03-21 16:01:07)
35       D:\Work\Libero\IGL2_MiV_FreeRTOS_Demo\component\Actel\DirectCore\CoreResetP\7.1.100\rtl\vlog\core\coreresetp_pcie_hotreset.v (2018-03-21 16:01:07)
36       D:\Work\Libero\IGL2_MiV_FreeRTOS_Demo\component\Actel\DirectCore\CoreTimer\2.0.103\rtl\vlog\core\coretimer.v (2019-03-18 13:32:27)
37       D:\Work\Libero\IGL2_MiV_FreeRTOS_Demo\component\Actel\SgCore\OSC\2.0.101\osc_comps.v (2018-03-21 16:01:08)
38       D:\Work\Libero\IGL2_MiV_FreeRTOS_Demo\component\USER\UserCore\MIRSLV2MIRMSTRBRIDGE_AHB\1.0.3\rtl\core\mirslv2mirmstrbridge_ahb.v (2018-03-22 10:26:21)
39       D:\Work\Libero\IGL2_MiV_FreeRTOS_Demo\component\work\AHB_MEM\AHB_MEM.v (2019-03-27 14:02:48)
40       D:\Work\Libero\IGL2_MiV_FreeRTOS_Demo\component\work\AHB_MMIO\AHB_MMIO.v (2019-03-27 14:03:18)
41       D:\Work\Libero\IGL2_MiV_FreeRTOS_Demo\component\work\AHB_Slave2MasterBridge\AHB_Slave2MasterBridge.v (2019-03-19 11:34:35)
42       D:\Work\Libero\IGL2_MiV_FreeRTOS_Demo\component\work\AHBtoAPB3\AHBtoAPB3.v (2019-03-18 13:26:40)
43       D:\Work\Libero\IGL2_MiV_FreeRTOS_Demo\component\work\APB3_Bus\APB3_Bus.v (2019-04-24 09:05:19)
193      D:\Work\Libero\IGL2_MiV_FreeRTOS_Demo\component\work\BasicIO_Interface\BasicIO_Interface_syn.v (2019-04-24 09:03:05)
46       D:\Work\Libero\IGL2_MiV_FreeRTOS_Demo\component\work\JTAG\JTAG.v (2019-03-18 13:04:11)
47       D:\Work\Libero\IGL2_MiV_FreeRTOS_Demo\component\work\MSS_SubSystem_sb\CCC_0\MSS_SubSystem_sb_CCC_0_FCCC.v (2019-03-27 14:26:25)
48       D:\Work\Libero\IGL2_MiV_FreeRTOS_Demo\component\work\MSS_SubSystem_sb\FABOSC_0\MSS_SubSystem_sb_FABOSC_0_OSC.v (2019-03-27 14:26:26)
49       D:\Work\Libero\IGL2_MiV_FreeRTOS_Demo\component\work\MSS_SubSystem_sb\MSS_SubSystem_sb.v (2019-03-27 14:26:27)
50       D:\Work\Libero\IGL2_MiV_FreeRTOS_Demo\component\work\MSS_SubSystem_sb_HPMS\MSS_SubSystem_sb_HPMS.v (2019-03-27 14:26:22)
51       D:\Work\Libero\IGL2_MiV_FreeRTOS_Demo\component\work\MSS_SubSystem_sb_HPMS\MSS_SubSystem_sb_HPMS_syn.v (2019-03-27 14:26:21)
52       D:\Work\Libero\IGL2_MiV_FreeRTOS_Demo\component\work\MiV_Core32\MiV_Core32.v (2019-04-23 09:51:14)
53       D:\Work\Libero\IGL2_MiV_FreeRTOS_Demo\component\work\MiV_Core32\MiV_Core32_0\core\miv_rv32ima_l1_ahb.v (2019-04-23 09:51:14)
54       D:\Work\Libero\IGL2_MiV_FreeRTOS_Demo\component\work\MiV_Core32\MiV_Core32_0\core\miv_rv32ima_l1_ahb_alu.v (2019-04-23 09:51:13)
55       D:\Work\Libero\IGL2_MiV_FreeRTOS_Demo\component\work\MiV_Core32\MiV_Core32_0\core\miv_rv32ima_l1_ahb_amoalu.v (2019-04-23 09:51:13)
56       D:\Work\Libero\IGL2_MiV_FreeRTOS_Demo\component\work\MiV_Core32\MiV_Core32_0\core\miv_rv32ima_l1_ahb_arbiter.v (2019-04-23 09:51:13)
57       D:\Work\Libero\IGL2_MiV_FreeRTOS_Demo\component\work\MiV_Core32\MiV_Core32_0\core\miv_rv32ima_l1_ahb_arbiter_1.v (2019-04-23 09:51:13)
58       D:\Work\Libero\IGL2_MiV_FreeRTOS_Demo\component\work\MiV_Core32\MiV_Core32_0\core\miv_rv32ima_l1_ahb_async_queue_sink.v (2019-04-23 09:51:13)
59       D:\Work\Libero\IGL2_MiV_FreeRTOS_Demo\component\work\MiV_Core32\MiV_Core32_0\core\miv_rv32ima_l1_ahb_async_queue_sink_1.v (2019-04-23 09:51:13)
60       D:\Work\Libero\IGL2_MiV_FreeRTOS_Demo\component\work\MiV_Core32\MiV_Core32_0\core\miv_rv32ima_l1_ahb_async_queue_sink_2.v (2019-04-23 09:51:13)
61       D:\Work\Libero\IGL2_MiV_FreeRTOS_Demo\component\work\MiV_Core32\MiV_Core32_0\core\miv_rv32ima_l1_ahb_async_queue_source.v (2019-04-23 09:51:13)
62       D:\Work\Libero\IGL2_MiV_FreeRTOS_Demo\component\work\MiV_Core32\MiV_Core32_0\core\miv_rv32ima_l1_ahb_async_queue_source_1.v (2019-04-23 09:51:13)
63       D:\Work\Libero\IGL2_MiV_FreeRTOS_Demo\component\work\MiV_Core32\MiV_Core32_0\core\miv_rv32ima_l1_ahb_async_queue_source_2.v (2019-04-23 09:51:13)
64       D:\Work\Libero\IGL2_MiV_FreeRTOS_Demo\component\work\MiV_Core32\MiV_Core32_0\core\miv_rv32ima_l1_ahb_async_reset_reg.v (2019-04-23 09:51:13)
65       D:\Work\Libero\IGL2_MiV_FreeRTOS_Demo\component\work\MiV_Core32\MiV_Core32_0\core\miv_rv32ima_l1_ahb_async_reset_reg_vec_w1_i0.v (2019-04-23 09:51:13)
66       D:\Work\Libero\IGL2_MiV_FreeRTOS_Demo\component\work\MiV_Core32\MiV_Core32_0\core\miv_rv32ima_l1_ahb_async_reset_reg_vec_w2_i0.v (2019-04-23 09:51:13)
67       D:\Work\Libero\IGL2_MiV_FreeRTOS_Demo\component\work\MiV_Core32\MiV_Core32_0\core\miv_rv32ima_l1_ahb_async_reset_reg_vec_w32_i0.v (2019-04-23 09:51:13)
68       D:\Work\Libero\IGL2_MiV_FreeRTOS_Demo\component\work\MiV_Core32\MiV_Core32_0\core\miv_rv32ima_l1_ahb_async_reset_reg_vec_w4_i15.v (2019-04-23 09:51:13)
69       D:\Work\Libero\IGL2_MiV_FreeRTOS_Demo\component\work\MiV_Core32\MiV_Core32_0\core\miv_rv32ima_l1_ahb_async_reset_synchronizer_shift_reg_w1_d1_i0.v (2019-04-23 09:51:13)
70       D:\Work\Libero\IGL2_MiV_FreeRTOS_Demo\component\work\MiV_Core32\MiV_Core32_0\core\miv_rv32ima_l1_ahb_async_reset_synchronizer_shift_reg_w1_d3_i0.v (2019-04-23 09:51:13)
71       D:\Work\Libero\IGL2_MiV_FreeRTOS_Demo\component\work\MiV_Core32\MiV_Core32_0\core\miv_rv32ima_l1_ahb_async_reset_synchronizer_shift_reg_w1_d4_i0.v (2019-04-23 09:51:13)
72       D:\Work\Libero\IGL2_MiV_FreeRTOS_Demo\component\work\MiV_Core32\MiV_Core32_0\core\miv_rv32ima_l1_ahb_async_valid_sync.v (2019-04-23 09:51:13)
73       D:\Work\Libero\IGL2_MiV_FreeRTOS_Demo\component\work\MiV_Core32\MiV_Core32_0\core\miv_rv32ima_l1_ahb_async_valid_sync_1.v (2019-04-23 09:51:13)
74       D:\Work\Libero\IGL2_MiV_FreeRTOS_Demo\component\work\MiV_Core32\MiV_Core32_0\core\miv_rv32ima_l1_ahb_async_valid_sync_2.v (2019-04-23 09:51:13)
75       D:\Work\Libero\IGL2_MiV_FreeRTOS_Demo\component\work\MiV_Core32\MiV_Core32_0\core\miv_rv32ima_l1_ahb_async_valid_sync_3.v (2019-04-23 09:51:13)
76       D:\Work\Libero\IGL2_MiV_FreeRTOS_Demo\component\work\MiV_Core32\MiV_Core32_0\core\miv_rv32ima_l1_ahb_async_valid_sync_4.v (2019-04-23 09:51:13)
77       D:\Work\Libero\IGL2_MiV_FreeRTOS_Demo\component\work\MiV_Core32\MiV_Core32_0\core\miv_rv32ima_l1_ahb_async_valid_sync_5.v (2019-04-23 09:51:13)
78       D:\Work\Libero\IGL2_MiV_FreeRTOS_Demo\component\work\MiV_Core32\MiV_Core32_0\core\miv_rv32ima_l1_ahb_breakpoint_unit.v (2019-04-23 09:51:13)
79       D:\Work\Libero\IGL2_MiV_FreeRTOS_Demo\component\work\MiV_Core32\MiV_Core32_0\core\miv_rv32ima_l1_ahb_capture_chain.v (2019-04-23 09:51:13)
80       D:\Work\Libero\IGL2_MiV_FreeRTOS_Demo\component\work\MiV_Core32\MiV_Core32_0\core\miv_rv32ima_l1_ahb_capture_update_chain.v (2019-04-23 09:51:13)
81       D:\Work\Libero\IGL2_MiV_FreeRTOS_Demo\component\work\MiV_Core32\MiV_Core32_0\core\miv_rv32ima_l1_ahb_capture_update_chain_1.v (2019-04-23 09:51:13)
82       D:\Work\Libero\IGL2_MiV_FreeRTOS_Demo\component\work\MiV_Core32\MiV_Core32_0\core\miv_rv32ima_l1_ahb_capture_update_chain_2.v (2019-04-23 09:51:13)
83       D:\Work\Libero\IGL2_MiV_FreeRTOS_Demo\component\work\MiV_Core32\MiV_Core32_0\core\miv_rv32ima_l1_ahb_coreplex_local_interrupter_clint.v (2019-04-23 09:51:13)
84       D:\Work\Libero\IGL2_MiV_FreeRTOS_Demo\component\work\MiV_Core32\MiV_Core32_0\core\miv_rv32ima_l1_ahb_csrfile.v (2019-04-23 09:51:14)
85       D:\Work\Libero\IGL2_MiV_FreeRTOS_Demo\component\work\MiV_Core32\MiV_Core32_0\core\miv_rv32ima_l1_ahb_data_arrays_0.v (2019-04-23 09:51:14)
86       D:\Work\Libero\IGL2_MiV_FreeRTOS_Demo\component\work\MiV_Core32\MiV_Core32_0\core\miv_rv32ima_l1_ahb_data_arrays_0_0.v (2019-04-23 09:51:14)
87       D:\Work\Libero\IGL2_MiV_FreeRTOS_Demo\component\work\MiV_Core32\MiV_Core32_0\core\miv_rv32ima_l1_ahb_data_arrays_0_0_ext.v (2019-04-23 09:51:14)
88       D:\Work\Libero\IGL2_MiV_FreeRTOS_Demo\component\work\MiV_Core32\MiV_Core32_0\core\miv_rv32ima_l1_ahb_data_arrays_0_ext.v (2019-04-23 09:51:14)
89       D:\Work\Libero\IGL2_MiV_FreeRTOS_Demo\component\work\MiV_Core32\MiV_Core32_0\core\miv_rv32ima_l1_ahb_dcache_data_array.v (2019-04-23 09:51:14)
90       D:\Work\Libero\IGL2_MiV_FreeRTOS_Demo\component\work\MiV_Core32\MiV_Core32_0\core\miv_rv32ima_l1_ahb_dcache_dcache.v (2019-04-23 09:51:14)
91       D:\Work\Libero\IGL2_MiV_FreeRTOS_Demo\component\work\MiV_Core32\MiV_Core32_0\core\miv_rv32ima_l1_ahb_debug_transport_module_jtag.v (2019-04-23 09:51:13)
92       D:\Work\Libero\IGL2_MiV_FreeRTOS_Demo\component\work\MiV_Core32\MiV_Core32_0\core\miv_rv32ima_l1_ahb_dmito_tl_dmi2tl.v (2019-04-23 09:51:13)
93       D:\Work\Libero\IGL2_MiV_FreeRTOS_Demo\component\work\MiV_Core32\MiV_Core32_0\core\miv_rv32ima_l1_ahb_frontend_frontend.v (2019-04-23 09:51:14)
94       D:\Work\Libero\IGL2_MiV_FreeRTOS_Demo\component\work\MiV_Core32\MiV_Core32_0\core\miv_rv32ima_l1_ahb_hella_cache_arbiter.v (2019-04-23 09:51:13)
95       D:\Work\Libero\IGL2_MiV_FreeRTOS_Demo\component\work\MiV_Core32\MiV_Core32_0\core\miv_rv32ima_l1_ahb_ibuf.v (2019-04-23 09:51:13)
96       D:\Work\Libero\IGL2_MiV_FreeRTOS_Demo\component\work\MiV_Core32\MiV_Core32_0\core\miv_rv32ima_l1_ahb_icache_icache.v (2019-04-23 09:51:14)
97       D:\Work\Libero\IGL2_MiV_FreeRTOS_Demo\component\work\MiV_Core32\MiV_Core32_0\core\miv_rv32ima_l1_ahb_identity_module.v (2019-04-23 09:51:13)
98       D:\Work\Libero\IGL2_MiV_FreeRTOS_Demo\component\work\MiV_Core32\MiV_Core32_0\core\miv_rv32ima_l1_ahb_int_sync_crossing_sink.v (2019-04-23 09:51:13)
99       D:\Work\Libero\IGL2_MiV_FreeRTOS_Demo\component\work\MiV_Core32\MiV_Core32_0\core\miv_rv32ima_l1_ahb_int_sync_crossing_sink_1.v (2019-04-23 09:51:13)
100      D:\Work\Libero\IGL2_MiV_FreeRTOS_Demo\component\work\MiV_Core32\MiV_Core32_0\core\miv_rv32ima_l1_ahb_int_sync_crossing_source.v (2019-04-23 09:51:13)
101      D:\Work\Libero\IGL2_MiV_FreeRTOS_Demo\component\work\MiV_Core32\MiV_Core32_0\core\miv_rv32ima_l1_ahb_int_sync_crossing_source_2.v (2019-04-23 09:51:13)
102      D:\Work\Libero\IGL2_MiV_FreeRTOS_Demo\component\work\MiV_Core32\MiV_Core32_0\core\miv_rv32ima_l1_ahb_int_xbar.v (2019-04-23 09:51:13)
103      D:\Work\Libero\IGL2_MiV_FreeRTOS_Demo\component\work\MiV_Core32\MiV_Core32_0\core\miv_rv32ima_l1_ahb_int_xbar_int_xbar.v (2019-04-23 09:51:13)
104      D:\Work\Libero\IGL2_MiV_FreeRTOS_Demo\component\work\MiV_Core32\MiV_Core32_0\core\miv_rv32ima_l1_ahb_int_xing.v (2019-04-23 09:51:13)
105      D:\Work\Libero\IGL2_MiV_FreeRTOS_Demo\component\work\MiV_Core32\MiV_Core32_0\core\miv_rv32ima_l1_ahb_jtag_bypass_chain.v (2019-04-23 09:51:13)
106      D:\Work\Libero\IGL2_MiV_FreeRTOS_Demo\component\work\MiV_Core32\MiV_Core32_0\core\miv_rv32ima_l1_ahb_jtag_state_machine.v (2019-04-23 09:51:13)
107      D:\Work\Libero\IGL2_MiV_FreeRTOS_Demo\component\work\MiV_Core32\MiV_Core32_0\core\miv_rv32ima_l1_ahb_jtag_tap_controller.v (2019-04-23 09:51:13)
108      D:\Work\Libero\IGL2_MiV_FreeRTOS_Demo\component\work\MiV_Core32\MiV_Core32_0\core\miv_rv32ima_l1_ahb_level_gateway.v (2019-04-23 09:51:13)
109      D:\Work\Libero\IGL2_MiV_FreeRTOS_Demo\component\work\MiV_Core32\MiV_Core32_0\core\miv_rv32ima_l1_ahb_memory_bus_mem_buses_0.v (2019-04-23 09:51:13)
110      D:\Work\Libero\IGL2_MiV_FreeRTOS_Demo\component\work\MiV_Core32\MiV_Core32_0\core\miv_rv32ima_l1_ahb_mul_div.v (2019-04-23 09:51:13)
111      D:\Work\Libero\IGL2_MiV_FreeRTOS_Demo\component\work\MiV_Core32\MiV_Core32_0\core\miv_rv32ima_l1_ahb_negative_edge_latch.v (2019-04-23 09:51:13)
112      D:\Work\Libero\IGL2_MiV_FreeRTOS_Demo\component\work\MiV_Core32\MiV_Core32_0\core\miv_rv32ima_l1_ahb_negative_edge_latch_2.v (2019-04-23 09:51:13)
113      D:\Work\Libero\IGL2_MiV_FreeRTOS_Demo\component\work\MiV_Core32\MiV_Core32_0\core\miv_rv32ima_l1_ahb_periphery_bus_pbus.v (2019-04-23 09:51:13)
114      D:\Work\Libero\IGL2_MiV_FreeRTOS_Demo\component\work\MiV_Core32\MiV_Core32_0\core\miv_rv32ima_l1_ahb_plusarg_reader.v (2019-04-23 09:51:13)
115      D:\Work\Libero\IGL2_MiV_FreeRTOS_Demo\component\work\MiV_Core32\MiV_Core32_0\core\miv_rv32ima_l1_ahb_queue.v (2019-04-23 09:51:13)
116      D:\Work\Libero\IGL2_MiV_FreeRTOS_Demo\component\work\MiV_Core32\MiV_Core32_0\core\miv_rv32ima_l1_ahb_queue_1.v (2019-04-23 09:51:13)
117      D:\Work\Libero\IGL2_MiV_FreeRTOS_Demo\component\work\MiV_Core32\MiV_Core32_0\core\miv_rv32ima_l1_ahb_queue_10.v (2019-04-23 09:51:13)
118      D:\Work\Libero\IGL2_MiV_FreeRTOS_Demo\component\work\MiV_Core32\MiV_Core32_0\core\miv_rv32ima_l1_ahb_queue_11.v (2019-04-23 09:51:13)
119      D:\Work\Libero\IGL2_MiV_FreeRTOS_Demo\component\work\MiV_Core32\MiV_Core32_0\core\miv_rv32ima_l1_ahb_queue_13.v (2019-04-23 09:51:13)
120      D:\Work\Libero\IGL2_MiV_FreeRTOS_Demo\component\work\MiV_Core32\MiV_Core32_0\core\miv_rv32ima_l1_ahb_queue_14.v (2019-04-23 09:51:13)
121      D:\Work\Libero\IGL2_MiV_FreeRTOS_Demo\component\work\MiV_Core32\MiV_Core32_0\core\miv_rv32ima_l1_ahb_queue_15.v (2019-04-23 09:51:13)
122      D:\Work\Libero\IGL2_MiV_FreeRTOS_Demo\component\work\MiV_Core32\MiV_Core32_0\core\miv_rv32ima_l1_ahb_queue_16.v (2019-04-23 09:51:13)
123      D:\Work\Libero\IGL2_MiV_FreeRTOS_Demo\component\work\MiV_Core32\MiV_Core32_0\core\miv_rv32ima_l1_ahb_queue_18.v (2019-04-23 09:51:13)
124      D:\Work\Libero\IGL2_MiV_FreeRTOS_Demo\component\work\MiV_Core32\MiV_Core32_0\core\miv_rv32ima_l1_ahb_queue_19.v (2019-04-23 09:51:13)
125      D:\Work\Libero\IGL2_MiV_FreeRTOS_Demo\component\work\MiV_Core32\MiV_Core32_0\core\miv_rv32ima_l1_ahb_queue_4.v (2019-04-23 09:51:13)
126      D:\Work\Libero\IGL2_MiV_FreeRTOS_Demo\component\work\MiV_Core32\MiV_Core32_0\core\miv_rv32ima_l1_ahb_queue_5.v (2019-04-23 09:51:13)
127      D:\Work\Libero\IGL2_MiV_FreeRTOS_Demo\component\work\MiV_Core32\MiV_Core32_0\core\miv_rv32ima_l1_ahb_queue_6.v (2019-04-23 09:51:13)
128      D:\Work\Libero\IGL2_MiV_FreeRTOS_Demo\component\work\MiV_Core32\MiV_Core32_0\core\miv_rv32ima_l1_ahb_repeater.v (2019-04-23 09:51:13)
129      D:\Work\Libero\IGL2_MiV_FreeRTOS_Demo\component\work\MiV_Core32\MiV_Core32_0\core\miv_rv32ima_l1_ahb_repeater_2.v (2019-04-23 09:51:13)
130      D:\Work\Libero\IGL2_MiV_FreeRTOS_Demo\component\work\MiV_Core32\MiV_Core32_0\core\miv_rv32ima_l1_ahb_reset_catch_and_sync_d3.v (2019-04-23 09:51:13)
131      D:\Work\Libero\IGL2_MiV_FreeRTOS_Demo\component\work\MiV_Core32\MiV_Core32_0\core\miv_rv32ima_l1_ahb_rocket.v (2019-04-23 09:51:14)
132      D:\Work\Libero\IGL2_MiV_FreeRTOS_Demo\component\work\MiV_Core32\MiV_Core32_0\core\miv_rv32ima_l1_ahb_rocket_system.v (2019-04-23 09:51:14)
133      D:\Work\Libero\IGL2_MiV_FreeRTOS_Demo\component\work\MiV_Core32\MiV_Core32_0\core\miv_rv32ima_l1_ahb_rocket_tile.v (2019-04-23 09:51:14)
134      D:\Work\Libero\IGL2_MiV_FreeRTOS_Demo\component\work\MiV_Core32\MiV_Core32_0\core\miv_rv32ima_l1_ahb_rvcexpander.v (2019-04-23 09:51:13)
135      D:\Work\Libero\IGL2_MiV_FreeRTOS_Demo\component\work\MiV_Core32\MiV_Core32_0\core\miv_rv32ima_l1_ahb_shift_queue.v (2019-04-23 09:51:13)
136      D:\Work\Libero\IGL2_MiV_FreeRTOS_Demo\component\work\MiV_Core32\MiV_Core32_0\core\miv_rv32ima_l1_ahb_simple_lazy_module_system_bus_from_tile.v (2019-04-23 09:51:13)
137      D:\Work\Libero\IGL2_MiV_FreeRTOS_Demo\component\work\MiV_Core32\MiV_Core32_0\core\miv_rv32ima_l1_ahb_synchronizer_shift_reg_w12_d1.v (2019-04-23 09:51:13)
138      D:\Work\Libero\IGL2_MiV_FreeRTOS_Demo\component\work\MiV_Core32\MiV_Core32_0\core\miv_rv32ima_l1_ahb_synchronizer_shift_reg_w1_d3.v (2019-04-23 09:51:13)
139      D:\Work\Libero\IGL2_MiV_FreeRTOS_Demo\component\work\MiV_Core32\MiV_Core32_0\core\miv_rv32ima_l1_ahb_synchronizer_shift_reg_w31_d3.v (2019-04-23 09:51:13)
140      D:\Work\Libero\IGL2_MiV_FreeRTOS_Demo\component\work\MiV_Core32\MiV_Core32_0\core\miv_rv32ima_l1_ahb_synchronizer_shift_reg_w42_d1.v (2019-04-23 09:51:13)
141      D:\Work\Libero\IGL2_MiV_FreeRTOS_Demo\component\work\MiV_Core32\MiV_Core32_0\core\miv_rv32ima_l1_ahb_synchronizer_shift_reg_w54_d1.v (2019-04-23 09:51:13)
142      D:\Work\Libero\IGL2_MiV_FreeRTOS_Demo\component\work\MiV_Core32\MiV_Core32_0\core\miv_rv32ima_l1_ahb_system_bus_sbus.v (2019-04-23 09:51:13)
143      D:\Work\Libero\IGL2_MiV_FreeRTOS_Demo\component\work\MiV_Core32\MiV_Core32_0\core\miv_rv32ima_l1_ahb_tag_array.v (2019-04-23 09:51:14)
144      D:\Work\Libero\IGL2_MiV_FreeRTOS_Demo\component\work\MiV_Core32\MiV_Core32_0\core\miv_rv32ima_l1_ahb_tag_array_0.v (2019-04-23 09:51:14)
145      D:\Work\Libero\IGL2_MiV_FreeRTOS_Demo\component\work\MiV_Core32\MiV_Core32_0\core\miv_rv32ima_l1_ahb_tag_array_0_ext.v (2019-04-23 09:51:14)
146      D:\Work\Libero\IGL2_MiV_FreeRTOS_Demo\component\work\MiV_Core32\MiV_Core32_0\core\miv_rv32ima_l1_ahb_tag_array_ext.v (2019-04-23 09:51:14)
147      D:\Work\Libero\IGL2_MiV_FreeRTOS_Demo\component\work\MiV_Core32\MiV_Core32_0\core\miv_rv32ima_l1_ahb_tlasync_crossing_sink_dmi_xing.v (2019-04-23 09:51:13)
148      D:\Work\Libero\IGL2_MiV_FreeRTOS_Demo\component\work\MiV_Core32\MiV_Core32_0\core\miv_rv32ima_l1_ahb_tlasync_crossing_source_dm_inner.v (2019-04-23 09:51:13)
149      D:\Work\Libero\IGL2_MiV_FreeRTOS_Demo\component\work\MiV_Core32\MiV_Core32_0\core\miv_rv32ima_l1_ahb_tlatomic_automata_periphery_bus_slave_tlfragmenter.v (2019-04-23 09:51:13)
150      D:\Work\Libero\IGL2_MiV_FreeRTOS_Demo\component\work\MiV_Core32\MiV_Core32_0\core\miv_rv32ima_l1_ahb_tlb.v (2019-04-23 09:51:13)
151      D:\Work\Libero\IGL2_MiV_FreeRTOS_Demo\component\work\MiV_Core32\MiV_Core32_0\core\miv_rv32ima_l1_ahb_tlb_1.v (2019-04-23 09:51:13)
152      D:\Work\Libero\IGL2_MiV_FreeRTOS_Demo\component\work\MiV_Core32\MiV_Core32_0\core\miv_rv32ima_l1_ahb_tlbuffer_periphery_bus_slave_tlbuffer.v (2019-04-23 09:51:13)
153      D:\Work\Libero\IGL2_MiV_FreeRTOS_Demo\component\work\MiV_Core32\MiV_Core32_0\core\miv_rv32ima_l1_ahb_tlbuffer_periphery_bus_slave_tlfragmenter.v (2019-04-23 09:51:13)
154      D:\Work\Libero\IGL2_MiV_FreeRTOS_Demo\component\work\MiV_Core32\MiV_Core32_0\core\miv_rv32ima_l1_ahb_tlbuffer_system_bus.v (2019-04-23 09:51:13)
155      D:\Work\Libero\IGL2_MiV_FreeRTOS_Demo\component\work\MiV_Core32\MiV_Core32_0\core\miv_rv32ima_l1_ahb_tlbuffer_system_bus_slave_tlbuffer.v (2019-04-23 09:51:13)
156      D:\Work\Libero\IGL2_MiV_FreeRTOS_Demo\component\work\MiV_Core32\MiV_Core32_0\core\miv_rv32ima_l1_ahb_tlcache_cork_system_bus.v (2019-04-23 09:51:13)
157      D:\Work\Libero\IGL2_MiV_FreeRTOS_Demo\component\work\MiV_Core32\MiV_Core32_0\core\miv_rv32ima_l1_ahb_tldebug_module_debug.v (2019-04-23 09:51:13)
158      D:\Work\Libero\IGL2_MiV_FreeRTOS_Demo\component\work\MiV_Core32\MiV_Core32_0\core\miv_rv32ima_l1_ahb_tldebug_module_inner_async_dm_inner.v (2019-04-23 09:51:13)
159      D:\Work\Libero\IGL2_MiV_FreeRTOS_Demo\component\work\MiV_Core32\MiV_Core32_0\core\miv_rv32ima_l1_ahb_tldebug_module_inner_dm_inner.v (2019-04-23 09:51:13)
160      D:\Work\Libero\IGL2_MiV_FreeRTOS_Demo\component\work\MiV_Core32\MiV_Core32_0\core\miv_rv32ima_l1_ahb_tldebug_module_outer_async_dm_outer.v (2019-04-23 09:51:13)
161      D:\Work\Libero\IGL2_MiV_FreeRTOS_Demo\component\work\MiV_Core32\MiV_Core32_0\core\miv_rv32ima_l1_ahb_tldebug_module_outer_dm_outer.v (2019-04-23 09:51:13)
162      D:\Work\Libero\IGL2_MiV_FreeRTOS_Demo\component\work\MiV_Core32\MiV_Core32_0\core\miv_rv32ima_l1_ahb_tlerror_error.v (2019-04-23 09:51:14)
163      D:\Work\Libero\IGL2_MiV_FreeRTOS_Demo\component\work\MiV_Core32\MiV_Core32_0\core\miv_rv32ima_l1_ahb_tlfifofixer_system_bus.v (2019-04-23 09:51:14)
164      D:\Work\Libero\IGL2_MiV_FreeRTOS_Demo\component\work\MiV_Core32\MiV_Core32_0\core\miv_rv32ima_l1_ahb_tlfifofixer_system_bus_pbus_tlfifofixer.v (2019-04-23 09:51:14)
165      D:\Work\Libero\IGL2_MiV_FreeRTOS_Demo\component\work\MiV_Core32\MiV_Core32_0\core\miv_rv32ima_l1_ahb_tlfilter.v (2019-04-23 09:51:14)
166      D:\Work\Libero\IGL2_MiV_FreeRTOS_Demo\component\work\MiV_Core32\MiV_Core32_0\core\miv_rv32ima_l1_ahb_tlfragmenter_periphery_bus_slave_tlfragmenter.v (2019-04-23 09:51:14)
167      D:\Work\Libero\IGL2_MiV_FreeRTOS_Demo\component\work\MiV_Core32\MiV_Core32_0\core\miv_rv32ima_l1_ahb_tlplic_plic.v (2019-04-23 09:51:14)
168      D:\Work\Libero\IGL2_MiV_FreeRTOS_Demo\component\work\MiV_Core32\MiV_Core32_0\core\miv_rv32ima_l1_ahb_tlsplitter_system_bus_master_tlsplitter.v (2019-04-23 09:51:14)
169      D:\Work\Libero\IGL2_MiV_FreeRTOS_Demo\component\work\MiV_Core32\MiV_Core32_0\core\miv_rv32ima_l1_ahb_tlto_ahb.v (2019-04-23 09:51:14)
170      D:\Work\Libero\IGL2_MiV_FreeRTOS_Demo\component\work\MiV_Core32\MiV_Core32_0\core\miv_rv32ima_l1_ahb_tlto_ahb_converter.v (2019-04-23 09:51:14)
171      D:\Work\Libero\IGL2_MiV_FreeRTOS_Demo\component\work\MiV_Core32\MiV_Core32_0\core\miv_rv32ima_l1_ahb_tlwidth_widget.v (2019-04-23 09:51:14)
172      D:\Work\Libero\IGL2_MiV_FreeRTOS_Demo\component\work\MiV_Core32\MiV_Core32_0\core\miv_rv32ima_l1_ahb_tlwidth_widget_system_bus_slave_tlwidth_widget.v (2019-04-23 09:51:14)
173      D:\Work\Libero\IGL2_MiV_FreeRTOS_Demo\component\work\MiV_Core32\MiV_Core32_0\core\miv_rv32ima_l1_ahb_tlxbar_dmi_xbar.v (2019-04-23 09:51:14)
174      D:\Work\Libero\IGL2_MiV_FreeRTOS_Demo\component\work\MiV_Core32\MiV_Core32_0\core\miv_rv32ima_l1_ahb_tlxbar_memory_bus.v (2019-04-23 09:51:14)
175      D:\Work\Libero\IGL2_MiV_FreeRTOS_Demo\component\work\MiV_Core32\MiV_Core32_0\core\miv_rv32ima_l1_ahb_tlxbar_periphery_bus.v (2019-04-23 09:51:14)
176      D:\Work\Libero\IGL2_MiV_FreeRTOS_Demo\component\work\MiV_Core32\MiV_Core32_0\core\miv_rv32ima_l1_ahb_tlxbar_system_bus.v (2019-04-23 09:51:14)
177      D:\Work\Libero\IGL2_MiV_FreeRTOS_Demo\component\work\MiV_Core32\MiV_Core32_0\core\miv_rv32ima_l1_ahb_tlxbar_tl_master_xbar.v (2019-04-23 09:51:14)
178      D:\Work\Libero\IGL2_MiV_FreeRTOS_Demo\component\work\Timer\Timer.v (2019-03-18 13:32:27)
179      D:\Work\Libero\IGL2_MiV_FreeRTOS_Demo\component\work\Top_Level\Top_Level.v (2019-04-24 09:08:07)

*******************************************************************
Unchanged modules: 169
MID:  lib.cell.view
0        COREAHBLITE_LIB.COREAHBLITE_ADDRDEC.verilog
1        COREAHBLITE_LIB.COREAHBLITE_DEFAULTSLAVESM.verilog
2        COREAHBLITE_LIB.COREAHBLITE_MASTERSTAGE.verilog
3        COREAHBLITE_LIB.COREAHBLITE_MATRIX4X16.verilog
4        COREAHBLITE_LIB.COREAHBLITE_SLAVEARBITER.verilog
5        COREAHBLITE_LIB.COREAHBLITE_SLAVESTAGE.verilog
6        COREAHBLITE_LIB.CoreAHBLite.verilog
7        COREAHBTOAPB3_LIB.COREAHBTOAPB3.verilog
8        COREAHBTOAPB3_LIB.CoreAHBtoAPB3_AhbToApbSM.verilog
9        COREAHBTOAPB3_LIB.CoreAHBtoAPB3_ApbAddrData.verilog
10       COREAHBTOAPB3_LIB.CoreAHBtoAPB3_PenableScheduler.verilog
11       COREAPB3_LIB.CAPB3II.verilog
12       COREAPB3_LIB.CAPB3O.verilog
13       COREAPB3_LIB.CoreAPB3.verilog
14       COREJTAGDEBUG_LIB.COREJTAGDEBUG.verilog
15       COREJTAGDEBUG_LIB.COREJTAGDEBUG_UJTAG_WRAPPER.verilog
16       COREJTAGDEBUG_LIB.COREJTAGDEBUG_UJ_JTAG.verilog
17       CORETIMER_LIB.CoreTimer.verilog
18       MIRSLV2MIRMSTRBRIDGE_AHB_LIB.MIRSLV2MIRMSTRBRIDGE_AHB.verilog
19       work.AHB_MEM.verilog
20       work.AHB_MMIO.verilog
21       work.AHB_Slave2MasterBridge.verilog
22       work.AHBtoAPB3.verilog
23       work.APB3_Bus.verilog
181      work.BasicIO_Interface.verilog
24       work.CoreConfigMaster.verilog
25       work.CoreConfigP.verilog
26       work.CoreResetP.verilog
29       work.JTAG.verilog
30       work.MSS_025.verilog
31       work.MSS_SubSystem_sb.verilog
32       work.MSS_SubSystem_sb_CCC_0_FCCC.verilog
33       work.MSS_SubSystem_sb_FABOSC_0_OSC.verilog
34       work.MSS_SubSystem_sb_HPMS.verilog
35       work.MiV_Core32.verilog
36       work.MiV_Core32_MiV_Core32_0_MIV_RV32IMA_L1_AHB.verilog
37       work.MiV_Core32_MiV_Core32_0_MIV_RV32IMA_L1_AHB_ALU.verilog
38       work.MiV_Core32_MiV_Core32_0_MIV_RV32IMA_L1_AHB_AMOALU.verilog
39       work.MiV_Core32_MiV_Core32_0_MIV_RV32IMA_L1_AHB_ARBITER.verilog
40       work.MiV_Core32_MiV_Core32_0_MIV_RV32IMA_L1_AHB_ARBITER_1.verilog
41       work.MiV_Core32_MiV_Core32_0_MIV_RV32IMA_L1_AHB_ASYNC_QUEUE_SINK.verilog
42       work.MiV_Core32_MiV_Core32_0_MIV_RV32IMA_L1_AHB_ASYNC_QUEUE_SINK_1.verilog
43       work.MiV_Core32_MiV_Core32_0_MIV_RV32IMA_L1_AHB_ASYNC_QUEUE_SINK_2.verilog
44       work.MiV_Core32_MiV_Core32_0_MIV_RV32IMA_L1_AHB_ASYNC_QUEUE_SOURCE.verilog
45       work.MiV_Core32_MiV_Core32_0_MIV_RV32IMA_L1_AHB_ASYNC_QUEUE_SOURCE_1.verilog
46       work.MiV_Core32_MiV_Core32_0_MIV_RV32IMA_L1_AHB_ASYNC_QUEUE_SOURCE_2.verilog
47       work.MiV_Core32_MiV_Core32_0_MIV_RV32IMA_L1_AHB_ASYNC_RESET_REG.verilog
48       work.MiV_Core32_MiV_Core32_0_MIV_RV32IMA_L1_AHB_ASYNC_RESET_REG_VEC_W1_I0.verilog
49       work.MiV_Core32_MiV_Core32_0_MIV_RV32IMA_L1_AHB_ASYNC_RESET_REG_VEC_W2_I0.verilog
50       work.MiV_Core32_MiV_Core32_0_MIV_RV32IMA_L1_AHB_ASYNC_RESET_REG_VEC_W32_I0.verilog
51       work.MiV_Core32_MiV_Core32_0_MIV_RV32IMA_L1_AHB_ASYNC_RESET_REG_VEC_W4_I15.verilog
52       work.MiV_Core32_MiV_Core32_0_MIV_RV32IMA_L1_AHB_ASYNC_RESET_SYNCHRONIZER_SHIFT_REG_W1_D1_I0.verilog
53       work.MiV_Core32_MiV_Core32_0_MIV_RV32IMA_L1_AHB_ASYNC_RESET_SYNCHRONIZER_SHIFT_REG_W1_D3_I0.verilog
54       work.MiV_Core32_MiV_Core32_0_MIV_RV32IMA_L1_AHB_ASYNC_RESET_SYNCHRONIZER_SHIFT_REG_W1_D4_I0.verilog
55       work.MiV_Core32_MiV_Core32_0_MIV_RV32IMA_L1_AHB_ASYNC_VALID_SYNC.verilog
56       work.MiV_Core32_MiV_Core32_0_MIV_RV32IMA_L1_AHB_ASYNC_VALID_SYNC_1.verilog
57       work.MiV_Core32_MiV_Core32_0_MIV_RV32IMA_L1_AHB_ASYNC_VALID_SYNC_2.verilog
58       work.MiV_Core32_MiV_Core32_0_MIV_RV32IMA_L1_AHB_ASYNC_VALID_SYNC_3.verilog
59       work.MiV_Core32_MiV_Core32_0_MIV_RV32IMA_L1_AHB_ASYNC_VALID_SYNC_4.verilog
60       work.MiV_Core32_MiV_Core32_0_MIV_RV32IMA_L1_AHB_ASYNC_VALID_SYNC_5.verilog
61       work.MiV_Core32_MiV_Core32_0_MIV_RV32IMA_L1_AHB_BREAKPOINT_UNIT.verilog
62       work.MiV_Core32_MiV_Core32_0_MIV_RV32IMA_L1_AHB_CAPTURE_CHAIN.verilog
63       work.MiV_Core32_MiV_Core32_0_MIV_RV32IMA_L1_AHB_CAPTURE_UPDATE_CHAIN.verilog
64       work.MiV_Core32_MiV_Core32_0_MIV_RV32IMA_L1_AHB_CAPTURE_UPDATE_CHAIN_1.verilog
65       work.MiV_Core32_MiV_Core32_0_MIV_RV32IMA_L1_AHB_CAPTURE_UPDATE_CHAIN_2.verilog
66       work.MiV_Core32_MiV_Core32_0_MIV_RV32IMA_L1_AHB_COREPLEX_LOCAL_INTERRUPTER_CLINT.verilog
67       work.MiV_Core32_MiV_Core32_0_MIV_RV32IMA_L1_AHB_CSRFILE.verilog
68       work.MiV_Core32_MiV_Core32_0_MIV_RV32IMA_L1_AHB_DATA_ARRAYS_0.verilog
69       work.MiV_Core32_MiV_Core32_0_MIV_RV32IMA_L1_AHB_DATA_ARRAYS_0_0.verilog
70       work.MiV_Core32_MiV_Core32_0_MIV_RV32IMA_L1_AHB_DATA_ARRAYS_0_0_EXT.verilog
71       work.MiV_Core32_MiV_Core32_0_MIV_RV32IMA_L1_AHB_DATA_ARRAYS_0_EXT.verilog
72       work.MiV_Core32_MiV_Core32_0_MIV_RV32IMA_L1_AHB_DCACHE_DATA_ARRAY.verilog
73       work.MiV_Core32_MiV_Core32_0_MIV_RV32IMA_L1_AHB_DCACHE_DCACHE.verilog
74       work.MiV_Core32_MiV_Core32_0_MIV_RV32IMA_L1_AHB_DEBUG_TRANSPORT_MODULE_JTAG.verilog
75       work.MiV_Core32_MiV_Core32_0_MIV_RV32IMA_L1_AHB_DMITO_TL_DMI2TL.verilog
76       work.MiV_Core32_MiV_Core32_0_MIV_RV32IMA_L1_AHB_FRONTEND_FRONTEND.verilog
77       work.MiV_Core32_MiV_Core32_0_MIV_RV32IMA_L1_AHB_HELLA_CACHE_ARBITER.verilog
78       work.MiV_Core32_MiV_Core32_0_MIV_RV32IMA_L1_AHB_IBUF.verilog
79       work.MiV_Core32_MiV_Core32_0_MIV_RV32IMA_L1_AHB_ICACHE_ICACHE.verilog
80       work.MiV_Core32_MiV_Core32_0_MIV_RV32IMA_L1_AHB_IDENTITY_MODULE.verilog
81       work.MiV_Core32_MiV_Core32_0_MIV_RV32IMA_L1_AHB_INT_SYNC_CROSSING_SINK.verilog
82       work.MiV_Core32_MiV_Core32_0_MIV_RV32IMA_L1_AHB_INT_SYNC_CROSSING_SINK_1.verilog
83       work.MiV_Core32_MiV_Core32_0_MIV_RV32IMA_L1_AHB_INT_SYNC_CROSSING_SOURCE.verilog
84       work.MiV_Core32_MiV_Core32_0_MIV_RV32IMA_L1_AHB_INT_SYNC_CROSSING_SOURCE_2.verilog
85       work.MiV_Core32_MiV_Core32_0_MIV_RV32IMA_L1_AHB_INT_XBAR.verilog
86       work.MiV_Core32_MiV_Core32_0_MIV_RV32IMA_L1_AHB_INT_XBAR_INT_XBAR.verilog
87       work.MiV_Core32_MiV_Core32_0_MIV_RV32IMA_L1_AHB_INT_XING.verilog
88       work.MiV_Core32_MiV_Core32_0_MIV_RV32IMA_L1_AHB_JTAG_BYPASS_CHAIN.verilog
89       work.MiV_Core32_MiV_Core32_0_MIV_RV32IMA_L1_AHB_JTAG_STATE_MACHINE.verilog
90       work.MiV_Core32_MiV_Core32_0_MIV_RV32IMA_L1_AHB_JTAG_TAP_CONTROLLER.verilog
91       work.MiV_Core32_MiV_Core32_0_MIV_RV32IMA_L1_AHB_LEVEL_GATEWAY.verilog
92       work.MiV_Core32_MiV_Core32_0_MIV_RV32IMA_L1_AHB_MEMORY_BUS_MEM_BUSES_0.verilog
93       work.MiV_Core32_MiV_Core32_0_MIV_RV32IMA_L1_AHB_MUL_DIV.verilog
94       work.MiV_Core32_MiV_Core32_0_MIV_RV32IMA_L1_AHB_NEGATIVE_EDGE_LATCH.verilog
95       work.MiV_Core32_MiV_Core32_0_MIV_RV32IMA_L1_AHB_NEGATIVE_EDGE_LATCH_2.verilog
96       work.MiV_Core32_MiV_Core32_0_MIV_RV32IMA_L1_AHB_PERIPHERY_BUS_PBUS.verilog
97       work.MiV_Core32_MiV_Core32_0_MIV_RV32IMA_L1_AHB_PLUSARG_READER.verilog
98       work.MiV_Core32_MiV_Core32_0_MIV_RV32IMA_L1_AHB_QUEUE.verilog
99       work.MiV_Core32_MiV_Core32_0_MIV_RV32IMA_L1_AHB_QUEUE_1.verilog
100      work.MiV_Core32_MiV_Core32_0_MIV_RV32IMA_L1_AHB_QUEUE_10.verilog
101      work.MiV_Core32_MiV_Core32_0_MIV_RV32IMA_L1_AHB_QUEUE_11.verilog
102      work.MiV_Core32_MiV_Core32_0_MIV_RV32IMA_L1_AHB_QUEUE_13.verilog
103      work.MiV_Core32_MiV_Core32_0_MIV_RV32IMA_L1_AHB_QUEUE_14.verilog
104      work.MiV_Core32_MiV_Core32_0_MIV_RV32IMA_L1_AHB_QUEUE_15.verilog
105      work.MiV_Core32_MiV_Core32_0_MIV_RV32IMA_L1_AHB_QUEUE_16.verilog
106      work.MiV_Core32_MiV_Core32_0_MIV_RV32IMA_L1_AHB_QUEUE_18.verilog
107      work.MiV_Core32_MiV_Core32_0_MIV_RV32IMA_L1_AHB_QUEUE_19.verilog
108      work.MiV_Core32_MiV_Core32_0_MIV_RV32IMA_L1_AHB_QUEUE_4.verilog
109      work.MiV_Core32_MiV_Core32_0_MIV_RV32IMA_L1_AHB_QUEUE_5.verilog
110      work.MiV_Core32_MiV_Core32_0_MIV_RV32IMA_L1_AHB_QUEUE_6.verilog
111      work.MiV_Core32_MiV_Core32_0_MIV_RV32IMA_L1_AHB_REPEATER.verilog
112      work.MiV_Core32_MiV_Core32_0_MIV_RV32IMA_L1_AHB_REPEATER_2.verilog
113      work.MiV_Core32_MiV_Core32_0_MIV_RV32IMA_L1_AHB_RESET_CATCH_AND_SYNC_D3.verilog
114      work.MiV_Core32_MiV_Core32_0_MIV_RV32IMA_L1_AHB_ROCKET.verilog
115      work.MiV_Core32_MiV_Core32_0_MIV_RV32IMA_L1_AHB_ROCKET_SYSTEM.verilog
116      work.MiV_Core32_MiV_Core32_0_MIV_RV32IMA_L1_AHB_ROCKET_TILE.verilog
117      work.MiV_Core32_MiV_Core32_0_MIV_RV32IMA_L1_AHB_RVCEXPANDER.verilog
118      work.MiV_Core32_MiV_Core32_0_MIV_RV32IMA_L1_AHB_SHIFT_QUEUE.verilog
119      work.MiV_Core32_MiV_Core32_0_MIV_RV32IMA_L1_AHB_SIMPLE_LAZY_MODULE_SYSTEM_BUS_FROM_TILE.verilog
120      work.MiV_Core32_MiV_Core32_0_MIV_RV32IMA_L1_AHB_SYNCHRONIZER_SHIFT_REG_W12_D1.verilog
121      work.MiV_Core32_MiV_Core32_0_MIV_RV32IMA_L1_AHB_SYNCHRONIZER_SHIFT_REG_W1_D3.verilog
122      work.MiV_Core32_MiV_Core32_0_MIV_RV32IMA_L1_AHB_SYNCHRONIZER_SHIFT_REG_W31_D3.verilog
123      work.MiV_Core32_MiV_Core32_0_MIV_RV32IMA_L1_AHB_SYNCHRONIZER_SHIFT_REG_W42_D1.verilog
124      work.MiV_Core32_MiV_Core32_0_MIV_RV32IMA_L1_AHB_SYNCHRONIZER_SHIFT_REG_W54_D1.verilog
125      work.MiV_Core32_MiV_Core32_0_MIV_RV32IMA_L1_AHB_SYSTEM_BUS_SBUS.verilog
126      work.MiV_Core32_MiV_Core32_0_MIV_RV32IMA_L1_AHB_TAG_ARRAY.verilog
127      work.MiV_Core32_MiV_Core32_0_MIV_RV32IMA_L1_AHB_TAG_ARRAY_0.verilog
128      work.MiV_Core32_MiV_Core32_0_MIV_RV32IMA_L1_AHB_TAG_ARRAY_0_EXT.verilog
129      work.MiV_Core32_MiV_Core32_0_MIV_RV32IMA_L1_AHB_TAG_ARRAY_EXT.verilog
130      work.MiV_Core32_MiV_Core32_0_MIV_RV32IMA_L1_AHB_TLASYNC_CROSSING_SINK_DMI_XING.verilog
131      work.MiV_Core32_MiV_Core32_0_MIV_RV32IMA_L1_AHB_TLASYNC_CROSSING_SOURCE_DM_INNER.verilog
132      work.MiV_Core32_MiV_Core32_0_MIV_RV32IMA_L1_AHB_TLATOMIC_AUTOMATA_PERIPHERY_BUS_SLAVE_TLFRAGMENTER.verilog
133      work.MiV_Core32_MiV_Core32_0_MIV_RV32IMA_L1_AHB_TLB.verilog
134      work.MiV_Core32_MiV_Core32_0_MIV_RV32IMA_L1_AHB_TLBUFFER_PERIPHERY_BUS_SLAVE_TLBUFFER.verilog
135      work.MiV_Core32_MiV_Core32_0_MIV_RV32IMA_L1_AHB_TLBUFFER_PERIPHERY_BUS_SLAVE_TLFRAGMENTER.verilog
136      work.MiV_Core32_MiV_Core32_0_MIV_RV32IMA_L1_AHB_TLBUFFER_SYSTEM_BUS.verilog
137      work.MiV_Core32_MiV_Core32_0_MIV_RV32IMA_L1_AHB_TLBUFFER_SYSTEM_BUS_SLAVE_TLBUFFER.verilog
138      work.MiV_Core32_MiV_Core32_0_MIV_RV32IMA_L1_AHB_TLB_1.verilog
139      work.MiV_Core32_MiV_Core32_0_MIV_RV32IMA_L1_AHB_TLCACHE_CORK_SYSTEM_BUS.verilog
140      work.MiV_Core32_MiV_Core32_0_MIV_RV32IMA_L1_AHB_TLDEBUG_MODULE_DEBUG.verilog
141      work.MiV_Core32_MiV_Core32_0_MIV_RV32IMA_L1_AHB_TLDEBUG_MODULE_INNER_ASYNC_DM_INNER.verilog
142      work.MiV_Core32_MiV_Core32_0_MIV_RV32IMA_L1_AHB_TLDEBUG_MODULE_INNER_DM_INNER.verilog
143      work.MiV_Core32_MiV_Core32_0_MIV_RV32IMA_L1_AHB_TLDEBUG_MODULE_OUTER_ASYNC_DM_OUTER.verilog
144      work.MiV_Core32_MiV_Core32_0_MIV_RV32IMA_L1_AHB_TLDEBUG_MODULE_OUTER_DM_OUTER.verilog
145      work.MiV_Core32_MiV_Core32_0_MIV_RV32IMA_L1_AHB_TLERROR_ERROR.verilog
146      work.MiV_Core32_MiV_Core32_0_MIV_RV32IMA_L1_AHB_TLFIFOFIXER_SYSTEM_BUS.verilog
147      work.MiV_Core32_MiV_Core32_0_MIV_RV32IMA_L1_AHB_TLFIFOFIXER_SYSTEM_BUS_PBUS_TLFIFOFIXER.verilog
148      work.MiV_Core32_MiV_Core32_0_MIV_RV32IMA_L1_AHB_TLFILTER.verilog
149      work.MiV_Core32_MiV_Core32_0_MIV_RV32IMA_L1_AHB_TLFRAGMENTER_PERIPHERY_BUS_SLAVE_TLFRAGMENTER.verilog
150      work.MiV_Core32_MiV_Core32_0_MIV_RV32IMA_L1_AHB_TLPLIC_PLIC.verilog
151      work.MiV_Core32_MiV_Core32_0_MIV_RV32IMA_L1_AHB_TLSPLITTER_SYSTEM_BUS_MASTER_TLSPLITTER.verilog
152      work.MiV_Core32_MiV_Core32_0_MIV_RV32IMA_L1_AHB_TLTO_AHB.verilog
153      work.MiV_Core32_MiV_Core32_0_MIV_RV32IMA_L1_AHB_TLTO_AHB_CONVERTER.verilog
154      work.MiV_Core32_MiV_Core32_0_MIV_RV32IMA_L1_AHB_TLWIDTH_WIDGET.verilog
155      work.MiV_Core32_MiV_Core32_0_MIV_RV32IMA_L1_AHB_TLWIDTH_WIDGET_SYSTEM_BUS_SLAVE_TLWIDTH_WIDGET.verilog
156      work.MiV_Core32_MiV_Core32_0_MIV_RV32IMA_L1_AHB_TLXBAR_DMI_XBAR.verilog
157      work.MiV_Core32_MiV_Core32_0_MIV_RV32IMA_L1_AHB_TLXBAR_MEMORY_BUS.verilog
158      work.MiV_Core32_MiV_Core32_0_MIV_RV32IMA_L1_AHB_TLXBAR_PERIPHERY_BUS.verilog
159      work.MiV_Core32_MiV_Core32_0_MIV_RV32IMA_L1_AHB_TLXBAR_SYSTEM_BUS.verilog
160      work.MiV_Core32_MiV_Core32_0_MIV_RV32IMA_L1_AHB_TLXBAR_TL_MASTER_XBAR.verilog
161      work.RCOSC_1MHZ.verilog
162      work.RCOSC_1MHZ_FAB.verilog
163      work.RCOSC_25_50MHZ.verilog
164      work.RCOSC_25_50MHZ_FAB.verilog
165      work.Timer.verilog
166      work.Top_Level.verilog
176      work.XTLOSC.verilog
177      work.XTLOSC_FAB.verilog
178      work.coreresetp_pcie_hotreset.verilog
