Resource Report
Microsemi Corporation - Microsemi Libero Software Release v12.3 (Version 12.800.0.16)
Date: Wed Jan  6 16:36:23 2021

Device Selection
+--------------------------------+----------------+
| Family                         | IGLOO2         |
| Device                         | M2GL025        |
| Package                        | 256 VF         |
| Speed Grade                    | STD            |
| Temp                           | 0:25:85        |
| Voltage                        | 1.26:1.20:1.14 |
| Core Voltage                   | 1.2V           |
| Ramp Rate                      | 100ms Minimum  |
| System Controller Suspend Mode | No             |
| PLL Supply Voltage             | 2.5V           |
| Default I/O technology         | LVCMOS 3.3V    |
| Restrict Probe Pins            | Yes            |
| Restrict SPI Pins              | No             |
+--------------------------------+----------------+

Source Files
+---------+--------------------------------------------------------------------------------------------------+
| Topcell | sccb_design                                                                                      |
| Format  | Verilog                                                                                          |
| Source  | C:\Users\cheec\Desktop\Master\RISC-V_FreeRTOS_Computer_Vision\SCCB_Test\synthesis\sccb_design.vm |
+---------+--------------------------------------------------------------------------------------------------+

Options
+----------------------------------------------------+-------+
| Enable Single Event Transient mitigation           | false |
| Enable Design Separation Methodology               | false |
| Limit the number of high fanout nets to display to | 10    |
+----------------------------------------------------+-------+

Resource Usage
+---------------------------+------+-------+------------+
| Type                      | Used | Total | Percentage |
+---------------------------+------+-------+------------+
| 4LUT                      | 52   | 27696 | 0.19       |
| DFF                       | 21   | 27696 | 0.08       |
| I/O Register              | 0    | 414   | 0.00       |
| User I/O                  | 3    | 138   | 2.17       |
| -- Single-ended I/O       | 3    | 138   | 2.17       |
| -- Differential I/O Pairs | 0    | 65    | 0.00       |
| RAM64x18                  | 0    | 34    | 0.00       |
| RAM1K18                   | 0    | 31    | 0.00       |
| MACC                      | 0    | 34    | 0.00       |
| Chip Globals              | 2    | 16    | 12.50      |
| CCC                       | 0    | 6     | 0.00       |
| RCOSC_25_50MHZ            | 0    | 1     | 0.00       |
| RCOSC_1MHZ                | 0    | 1     | 0.00       |
| XTLOSC                    | 0    | 1     | 0.00       |
| HPMS                      | 0    | 1     | 0.00       |
+---------------------------+------+-------+------------+

Detailed Logic Resource Usage
+--------------------------+------+-----+
| Type                     | 4LUT | DFF |
+--------------------------+------+-----+
| Fabric Logic             | 52   | 21  |
| RAM64x18 Interface Logic | 0    | 0   |
| RAM1K18 Interface Logic  | 0    | 0   |
| MACC Interface Logic     | 0    | 0   |
| Total Used               | 52   | 21  |
+--------------------------+------+-----+

Detailed Carry Chains Resource Usage
+--------+------+
| Length | Used |
| 8      | 1    |
| 9      | 1    |
| Total  | 2    |
+--------+------+

I/O Function
+-------------------------------+--------------+-------------+-----------------+
| Type                          | w/o register | w/ register | w/ DDR register |
+-------------------------------+--------------+-------------+-----------------+
| Input I/O                     | 1            | 0           | 0               |
| Output I/O                    | 2            | 0           | 0               |
| Bidirectional I/O             | 0            | 0           | 0               |
| Differential Input I/O Pairs  | 0            | 0           | 0               |
| Differential Output I/O Pairs | 0            | 0           | 0               |
+-------------------------------+--------------+-------------+-----------------+

I/O Technology
+--------------+--------+------+-------+--------+---------------+
| I/O Standard | Vddi   | Vref | Input | Output | Bidirectional |
+--------------+--------+------+-------+--------+---------------+
| LVCMOS33     |  3.30v |  N/A |  1    |  2     |  0            |
+--------------+--------+------+-------+--------+---------------+

I/O Placement
+----------+-------+------------+
| Type     | Count | Percentage |
+----------+-------+------------+
| Locked   |  0    | 0.00%      |
| Placed   |  0    | 0.00%      |
| UnPlaced |  3    | 100.00%    |
+----------+-------+------------+

Nets assigned to chip global resources
+--------+---------+------------------------------------------------------------+
| Fanout | Type    | Name                                                       |
+--------+---------+------------------------------------------------------------+
| 18     | INT_NET | Net   : xclk_c                                             |
|        |         | Driver: xclk_ibuf_RNIN1HC/U0_RGB1                          |
|        |         | Source: NETLIST                                            |
| 3      | INT_NET | Net   : SCCB_CTRL_0/SCCB_CLK_Z                             |
|        |         | Driver: SCCB_CTRL_0/SCCB_CLK_inferred_clock_RNIPQ8/U0_RGB1 |
|        |         | Source: NETLIST                                            |
+--------+---------+------------------------------------------------------------+

Nets assigned to row global resources
+--------+------+------+
| Fanout | Type | Name |
+--------+------+------+
+--------+------+------+

High fanout nets
+--------+---------+---------------------------------------------+
| Fanout | Type    | Name                                        |
+--------+---------+---------------------------------------------+
| 10     | INT_NET | Net   : SCCB_CTRL_0/step[1]                 |
|        |         | Driver: SCCB_CTRL_0/step[1]                 |
| 10     | INT_NET | Net   : SCCB_CTRL_0/SCCB_CLK_CNT_lcry       |
|        |         | Driver: SCCB_CTRL_0/SCCB_CLK_CNT12lto7_i_a2 |
| 9      | INT_NET | Net   : SCCB_CTRL_0/step[0]                 |
|        |         | Driver: SCCB_CTRL_0/step[0]                 |
| 6      | INT_NET | Net   : SCCB_CTRL_0/step[5]                 |
|        |         | Driver: SCCB_CTRL_0/step[5]                 |
| 6      | INT_NET | Net   : SCCB_CTRL_0/step[3]                 |
|        |         | Driver: SCCB_CTRL_0/step[3]                 |
| 6      | INT_NET | Net   : SCCB_CTRL_0/N_48                    |
|        |         | Driver: SCCB_CTRL_0/un1_data_send82_2_0_a3  |
| 6      | INT_NET | Net   : SCCB_CTRL_0/N_50                    |
|        |         | Driver: SCCB_CTRL_0/data_send82_0_a3        |
| 5      | INT_NET | Net   : SCCB_CTRL_0/step[4]                 |
|        |         | Driver: SCCB_CTRL_0/step[4]                 |
| 5      | INT_NET | Net   : SCCB_CTRL_0/step[2]                 |
|        |         | Driver: SCCB_CTRL_0/step[2]                 |
| 5      | INT_NET | Net   : SCCB_CTRL_0/N_53                    |
|        |         | Driver: SCCB_CTRL_0/data_send60_0_a3        |
+--------+---------+---------------------------------------------+

High fanout nets (through buffer trees)
+--------+---------+---------------------------------------------+
| Fanout | Type    | Name                                        |
+--------+---------+---------------------------------------------+
| 10     | INT_NET | Net   : SCCB_CTRL_0/step[1]                 |
|        |         | Driver: SCCB_CTRL_0/step[1]                 |
| 10     | INT_NET | Net   : SCCB_CTRL_0/SCCB_CLK_CNT_lcry       |
|        |         | Driver: SCCB_CTRL_0/SCCB_CLK_CNT12lto7_i_a2 |
| 9      | INT_NET | Net   : SCCB_CTRL_0/step[0]                 |
|        |         | Driver: SCCB_CTRL_0/step[0]                 |
| 6      | INT_NET | Net   : SCCB_CTRL_0/step[5]                 |
|        |         | Driver: SCCB_CTRL_0/step[5]                 |
| 6      | INT_NET | Net   : SCCB_CTRL_0/step[3]                 |
|        |         | Driver: SCCB_CTRL_0/step[3]                 |
| 6      | INT_NET | Net   : SCCB_CTRL_0/N_48                    |
|        |         | Driver: SCCB_CTRL_0/un1_data_send82_2_0_a3  |
| 6      | INT_NET | Net   : SCCB_CTRL_0/N_50                    |
|        |         | Driver: SCCB_CTRL_0/data_send82_0_a3        |
| 5      | INT_NET | Net   : SCCB_CTRL_0/step[4]                 |
|        |         | Driver: SCCB_CTRL_0/step[4]                 |
| 5      | INT_NET | Net   : SCCB_CTRL_0/step[2]                 |
|        |         | Driver: SCCB_CTRL_0/step[2]                 |
| 5      | INT_NET | Net   : SCCB_CTRL_0/N_53                    |
|        |         | Driver: SCCB_CTRL_0/data_send60_0_a3        |
+--------+---------+---------------------------------------------+

