Resource Usage Report for Top_Level 

Mapping to part: m2gl025vf400std
Cell usage:
BasicIO_Interface  1 use
CCC             1 use
CLKINT          15 uses
MSS_025         1 use
RCOSC_25_50MHZ  1 use
RCOSC_25_50MHZ_FAB  1 use
SYSRESET        1 use
UJTAG           1 use
CFG1           18 uses
CFG2           1416 uses
CFG3           4187 uses
CFG4           5024 uses

Carry cells:
ARI1            975 uses - used for arithmetic functions
ARI1            387 uses - used for Wide-Mux implementation
Total ARI1      1362 uses


Sequential Cells: 
SLE            6030 uses

DSP Blocks:    2 of 34 (5%)
 MACC:         1 Mult
 MACC:         1 MultAdd

I/O ports: 68
I/O primitives: 59
BIBUF          19 uses
BIBUF_DIFF     2 uses
INBUF          4 uses
OUTBUF         33 uses
OUTBUF_DIFF    1 use


Global Clock Buffers: 15

Total LUTs:    12007

Extra resources required for RAM and MACC interface logic during P&R:

RAM64x18 Interface Logic : SLEs = 288; LUTs = 288;
RAM1K18  Interface Logic : SLEs = 288; LUTs = 288;
MACC     Interface Logic : SLEs = 72; LUTs = 72;

Total number of SLEs after P&R:  6030 + 288 + 288 + 72 = 6678;
Total number of LUTs after P&R:  12007 + 288 + 288 + 72 = 12655;

