Resource Report
Microsemi Corporation - Microsemi Libero Software Release v12.3 (Version 12.800.0.16)
Date: Mon Feb  8 17:35:55 2021

Device Selection
+--------------------------------+----------------+
| Family                         | IGLOO2         |
| Device                         | M2GL025        |
| Package                        | 256 VF         |
| Speed Grade                    | STD            |
| Temp                           | 0:25:85        |
| Voltage                        | 1.26:1.20:1.14 |
| Core Voltage                   | 1.2V           |
| Ramp Rate                      | 100ms Minimum  |
| System Controller Suspend Mode | No             |
| PLL Supply Voltage             | 3.3V           |
| Default I/O technology         | LVCMOS 3.3V    |
| Restrict Probe Pins            | Yes            |
| Restrict SPI Pins              | No             |
+--------------------------------+----------------+

Source Files
+---------+---------------------------------------------------------------------------------------------------------------------------------------+
| Topcell | sccb_design                                                                                                                           |
| Format  | Verilog                                                                                                                               |
| Source  | C:\Users\cheec\Desktop\Master\RISC-V_FreeRTOS_Computer_Vision\SCCB_Testing\sccb_fpga_design\sccb_fpga_design\synthesis\sccb_design.vm |
+---------+---------------------------------------------------------------------------------------------------------------------------------------+

Options
+----------------------------------------------------+-------+
| Enable Single Event Transient mitigation           | false |
| Enable Design Separation Methodology               | false |
| Limit the number of high fanout nets to display to | 10    |
+----------------------------------------------------+-------+

Resource Usage
+---------------------------+------+-------+------------+
| Type                      | Used | Total | Percentage |
+---------------------------+------+-------+------------+
| 4LUT                      | 123  | 27696 | 0.44       |
| DFF                       | 57   | 27696 | 0.21       |
| I/O Register              | 0    | 414   | 0.00       |
| User I/O                  | 5    | 138   | 3.62       |
| -- Single-ended I/O       | 5    | 138   | 3.62       |
| -- Differential I/O Pairs | 0    | 65    | 0.00       |
| RAM64x18                  | 0    | 34    | 0.00       |
| RAM1K18                   | 0    | 31    | 0.00       |
| MACC                      | 0    | 34    | 0.00       |
| Chip Globals              | 2    | 16    | 12.50      |
| CCC                       | 1    | 6     | 16.67      |
| RCOSC_25_50MHZ            | 1    | 1     | 100.00     |
| RCOSC_1MHZ                | 0    | 1     | 0.00       |
| XTLOSC                    | 0    | 1     | 0.00       |
| HPMS                      | 0    | 1     | 0.00       |
+---------------------------+------+-------+------------+

Detailed Logic Resource Usage
+--------------------------+------+-----+
| Type                     | 4LUT | DFF |
+--------------------------+------+-----+
| Fabric Logic             | 123  | 57  |
| RAM64x18 Interface Logic | 0    | 0   |
| RAM1K18 Interface Logic  | 0    | 0   |
| MACC Interface Logic     | 0    | 0   |
| Total Used               | 123  | 57  |
+--------------------------+------+-----+

Detailed Carry Chains Resource Usage
+--------+------+
| Length | Used |
| 10     | 1    |
| Total  | 1    |
+--------+------+

I/O Function
+-------------------------------+--------------+-------------+-----------------+
| Type                          | w/o register | w/ register | w/ DDR register |
+-------------------------------+--------------+-------------+-----------------+
| Input I/O                     | 0            | 0           | 0               |
| Output I/O                    | 4            | 0           | 0               |
| Bidirectional I/O             | 1            | 0           | 0               |
| Differential Input I/O Pairs  | 0            | 0           | 0               |
| Differential Output I/O Pairs | 0            | 0           | 0               |
+-------------------------------+--------------+-------------+-----------------+

I/O Technology
+--------------+--------+------+-------+--------+---------------+
| I/O Standard | Vddi   | Vref | Input | Output | Bidirectional |
+--------------+--------+------+-------+--------+---------------+
| LVCMOS33     |  3.30v |  N/A |  0    |  4     |  1            |
+--------------+--------+------+-------+--------+---------------+

I/O Placement
+----------+-------+------------+
| Type     | Count | Percentage |
+----------+-------+------------+
| Locked   |  0    | 0.00%      |
| Placed   |  0    | 0.00%      |
| UnPlaced |  5    | 100.00%    |
+----------+-------+------------+

Nets assigned to chip global resources
+--------+---------+--------------------------------------------------------------------------+
| Fanout | Type    | Name                                                                     |
+--------+---------+--------------------------------------------------------------------------+
| 37     | INT_NET | Net   : config_sccb_0/sccb_clk                                           |
|        |         | Driver: config_sccb_0/sccb_clk_0/sccb_clk_inferred_clock_RNIBKR2/U0_RGB1 |
|        |         | Source: NETLIST                                                          |
| 21     | INT_NET | Net   : xclk_c                                                           |
|        |         | Driver: FCCC_C0_0/FCCC_C0_0/GL0_INST/U0_RGB1                             |
|        |         | Source: NETLIST                                                          |
+--------+---------+--------------------------------------------------------------------------+

Nets assigned to row global resources
+--------+------+------+
| Fanout | Type | Name |
+--------+------+------+
+--------+------+------+

High fanout nets
+--------+---------+-----------------------------------------------------------+
| Fanout | Type    | Name                                                      |
+--------+---------+-----------------------------------------------------------+
| 28     | INT_NET | Net   : config_sccb_0/coresccb_0/N_238                    |
|        |         | Driver: config_sccb_0/coresccb_0/state_29_sqmuxa_i_o4     |
| 22     | INT_NET | Net   : AND2_0_Y_arst                                     |
|        |         | Driver: AND2_0                                            |
| 10     | INT_NET | Net   : config_sccb_0/coresccb_0/data_in_saved_dec[0]     |
|        |         | Driver: config_sccb_0/coresccb_0/data_in_saved_dec_0_0_a2 |
| 10     | INT_NET | Net   : config_sccb_0/coresccb_0/siod_o_en77_Z            |
|        |         | Driver: config_sccb_0/coresccb_0/siod_o_en77              |
| 9      | INT_NET | Net   : config_sccb_0/coresccb_0/count_index[0]           |
|        |         | Driver: config_sccb_0/coresccb_0/count_index[0]           |
| 7      | INT_NET | Net   : config_sccb_0/coresccb_0/count_index[2]           |
|        |         | Driver: config_sccb_0/coresccb_0/count_index[2]           |
| 7      | INT_NET | Net   : config_sccb_0/coresccb_0/count_index[1]           |
|        |         | Driver: config_sccb_0/coresccb_0/count_index[1]           |
| 7      | INT_NET | Net   : config_sccb_0/coresccb_0/state[20]                |
|        |         | Driver: config_sccb_0/coresccb_0/state[20]                |
| 7      | INT_NET | Net   : config_sccb_0/coresccb_0/state[4]                 |
|        |         | Driver: config_sccb_0/coresccb_0/state[4]                 |
| 6      | INT_NET | Net   : config_sccb_0/state[1]                            |
|        |         | Driver: config_sccb_0/state[1]                            |
+--------+---------+-----------------------------------------------------------+

High fanout nets (through buffer trees)
+--------+---------+-----------------------------------------------------------+
| Fanout | Type    | Name                                                      |
+--------+---------+-----------------------------------------------------------+
| 28     | INT_NET | Net   : config_sccb_0/coresccb_0/N_238                    |
|        |         | Driver: config_sccb_0/coresccb_0/state_29_sqmuxa_i_o4     |
| 22     | INT_NET | Net   : AND2_0_Y_arst                                     |
|        |         | Driver: AND2_0                                            |
| 10     | INT_NET | Net   : config_sccb_0/coresccb_0/data_in_saved_dec[0]     |
|        |         | Driver: config_sccb_0/coresccb_0/data_in_saved_dec_0_0_a2 |
| 10     | INT_NET | Net   : config_sccb_0/coresccb_0/siod_o_en77_Z            |
|        |         | Driver: config_sccb_0/coresccb_0/siod_o_en77              |
| 9      | INT_NET | Net   : config_sccb_0/coresccb_0/count_index[0]           |
|        |         | Driver: config_sccb_0/coresccb_0/count_index[0]           |
| 7      | INT_NET | Net   : config_sccb_0/coresccb_0/count_index[2]           |
|        |         | Driver: config_sccb_0/coresccb_0/count_index[2]           |
| 7      | INT_NET | Net   : config_sccb_0/coresccb_0/count_index[1]           |
|        |         | Driver: config_sccb_0/coresccb_0/count_index[1]           |
| 7      | INT_NET | Net   : config_sccb_0/coresccb_0/state[20]                |
|        |         | Driver: config_sccb_0/coresccb_0/state[20]                |
| 7      | INT_NET | Net   : config_sccb_0/coresccb_0/state[4]                 |
|        |         | Driver: config_sccb_0/coresccb_0/state[4]                 |
| 6      | INT_NET | Net   : config_sccb_0/state[1]                            |
|        |         | Driver: config_sccb_0/state[1]                            |
+--------+---------+-----------------------------------------------------------+

