Resource Report
Microsemi Corporation - Microsemi Libero Software Release v12.3 (Version 12.800.0.16)
Date: Wed Feb 17 22:06:33 2021

Device Selection
+--------------------------------+----------------+
| Family                         | IGLOO2         |
| Device                         | M2GL025        |
| Package                        | 256 VF         |
| Speed Grade                    | STD            |
| Temp                           | 0:25:85        |
| Voltage                        | 1.26:1.20:1.14 |
| Core Voltage                   | 1.2V           |
| Ramp Rate                      | 100ms Minimum  |
| System Controller Suspend Mode | No             |
| PLL Supply Voltage             | 3.3V           |
| Default I/O technology         | LVCMOS 3.3V    |
| Restrict Probe Pins            | Yes            |
| Restrict SPI Pins              | No             |
+--------------------------------+----------------+

Source Files
+---------+---------------------------------------------------------------------------------------------------------------------------------------+
| Topcell | sccb_design                                                                                                                           |
| Format  | Verilog                                                                                                                               |
| Source  | C:\Users\cheec\Desktop\Master\RISC-V_FreeRTOS_Computer_Vision\SCCB_Testing\sccb_fpga_design\sccb_fpga_design\synthesis\sccb_design.vm |
+---------+---------------------------------------------------------------------------------------------------------------------------------------+

Options
+----------------------------------------------------+-------+
| Enable Single Event Transient mitigation           | false |
| Enable Design Separation Methodology               | false |
| Limit the number of high fanout nets to display to | 10    |
+----------------------------------------------------+-------+

Resource Usage
+---------------------------+------+-------+------------+
| Type                      | Used | Total | Percentage |
+---------------------------+------+-------+------------+
| 4LUT                      | 0    | 27696 | 0.00       |
| DFF                       | 0    | 27696 | 0.00       |
| I/O Register              | 0    | 414   | 0.00       |
| User I/O                  | 5    | 138   | 3.62       |
| -- Single-ended I/O       | 5    | 138   | 3.62       |
| -- Differential I/O Pairs | 0    | 65    | 0.00       |
| RAM64x18                  | 0    | 34    | 0.00       |
| RAM1K18                   | 0    | 31    | 0.00       |
| MACC                      | 0    | 34    | 0.00       |
| Chip Globals              | 1    | 16    | 6.25       |
| CCC                       | 1    | 6     | 16.67      |
| RCOSC_25_50MHZ            | 1    | 1     | 100.00     |
| RCOSC_1MHZ                | 0    | 1     | 0.00       |
| XTLOSC                    | 0    | 1     | 0.00       |
| HPMS                      | 0    | 1     | 0.00       |
+---------------------------+------+-------+------------+

Detailed Logic Resource Usage
+--------------------------+------+-----+
| Type                     | 4LUT | DFF |
+--------------------------+------+-----+
| Fabric Logic             | 0    | 0   |
| RAM64x18 Interface Logic | 0    | 0   |
| RAM1K18 Interface Logic  | 0    | 0   |
| MACC Interface Logic     | 0    | 0   |
| Total Used               | 0    | 0   |
+--------------------------+------+-----+

I/O Function
+-------------------------------+--------------+-------------+-----------------+
| Type                          | w/o register | w/ register | w/ DDR register |
+-------------------------------+--------------+-------------+-----------------+
| Input I/O                     | 0            | 0           | 0               |
| Output I/O                    | 5            | 0           | 0               |
| Bidirectional I/O             | 0            | 0           | 0               |
| Differential Input I/O Pairs  | 0            | 0           | 0               |
| Differential Output I/O Pairs | 0            | 0           | 0               |
+-------------------------------+--------------+-------------+-----------------+

I/O Technology
+--------------+--------+------+-------+--------+---------------+
| I/O Standard | Vddi   | Vref | Input | Output | Bidirectional |
+--------------+--------+------+-------+--------+---------------+
| LVCMOS33     |  3.30v |  N/A |  0    |  5     |  0            |
+--------------+--------+------+-------+--------+---------------+

I/O Placement
+----------+-------+------------+
| Type     | Count | Percentage |
+----------+-------+------------+
| Locked   |  0    | 0.00%      |
| Placed   |  0    | 0.00%      |
| UnPlaced |  5    | 100.00%    |
+----------+-------+------------+

Nets assigned to chip global resources
+--------+---------+----------------------------------------------+
| Fanout | Type    | Name                                         |
+--------+---------+----------------------------------------------+
| 1      | INT_NET | Net   : xclk_c                               |
|        |         | Driver: FCCC_C0_0/FCCC_C0_0/GL0_INST/U0_RGB1 |
|        |         | Source: NETLIST                              |
+--------+---------+----------------------------------------------+

Nets assigned to row global resources
+--------+------+------+
| Fanout | Type | Name |
+--------+------+------+
+--------+------+------+

High fanout nets
+--------+---------+------------------------------------------------+
| Fanout | Type    | Name                                           |
+--------+---------+------------------------------------------------+
| 1      | INT_NET | Net   : FCCC_C0_0/FCCC_C0_0/GL0_INST/U0_YWn    |
|        |         | Driver: FCCC_C0_0/FCCC_C0_0/GL0_INST           |
| 1      | INT_NET | Net   : ff_to_start_net                        |
|        |         | Driver: flash_freeze_inst/INST_FLASH_FREEZE_IP |
+--------+---------+------------------------------------------------+

High fanout nets (through buffer trees)
+--------+---------+------------------------------------------------+
| Fanout | Type    | Name                                           |
+--------+---------+------------------------------------------------+
| 1      | INT_NET | Net   : FCCC_C0_0/FCCC_C0_0/GL0_INST/U0_YWn    |
|        |         | Driver: FCCC_C0_0/FCCC_C0_0/GL0_INST           |
| 1      | INT_NET | Net   : ff_to_start_net                        |
|        |         | Driver: flash_freeze_inst/INST_FLASH_FREEZE_IP |
+--------+---------+------------------------------------------------+

