Archive member included to satisfy reference by file (symbol)

c:/microsemi/softconsole_v6.2/riscv-unknown-elf-gcc/bin/../lib/gcc/riscv64-unknown-elf/8.2.0/../../../../riscv64-unknown-elf/lib/rv32im/ilp32\libg_nano.a(lib_a-sysisatty.o)
                              ./riscv_hal/syscall.o (isatty)
c:/microsemi/softconsole_v6.2/riscv-unknown-elf-gcc/bin/../lib/gcc/riscv64-unknown-elf/8.2.0/../../../../riscv64-unknown-elf/lib/rv32im/ilp32\libg_nano.a(lib_a-syswrite.o)
                              ./riscv_hal/syscall.o (write)
c:/microsemi/softconsole_v6.2/riscv-unknown-elf-gcc/bin/../lib/gcc/riscv64-unknown-elf/8.2.0/../../../../riscv64-unknown-elf/lib/rv32im/ilp32\libg_nano.a(lib_a-writer.o)
                              c:/microsemi/softconsole_v6.2/riscv-unknown-elf-gcc/bin/../lib/gcc/riscv64-unknown-elf/8.2.0/../../../../riscv64-unknown-elf/lib/rv32im/ilp32\libg_nano.a(lib_a-syswrite.o) (_write_r)
c:/microsemi/softconsole_v6.2/riscv-unknown-elf-gcc/bin/../lib/gcc/riscv64-unknown-elf/8.2.0/../../../../riscv64-unknown-elf/lib/rv32im/ilp32\libg_nano.a(lib_a-impure.o)
                              c:/microsemi/softconsole_v6.2/riscv-unknown-elf-gcc/bin/../lib/gcc/riscv64-unknown-elf/8.2.0/../../../../riscv64-unknown-elf/lib/rv32im/ilp32\libg_nano.a(lib_a-syswrite.o) (_impure_ptr)

Allocating common symbols
Common symbol       size              file

errno               0x4               ./riscv_hal/syscall.o
g_timer_0           0x4               ./main.o
xQueueRegistry      0x40              ./FreeRTOS/queue.o

Discarded input sections

 .text          0x0000000000000000        0x0 ./riscv_hal/entry.o
 .data          0x0000000000000000        0x0 ./riscv_hal/entry.o
 .bss           0x0000000000000000        0x0 ./riscv_hal/entry.o
 .group         0x0000000000000000        0xc ./riscv_hal/init.o
 .group         0x0000000000000000        0xc ./riscv_hal/init.o
 .group         0x0000000000000000        0xc ./riscv_hal/init.o
 .group         0x0000000000000000        0xc ./riscv_hal/init.o
 .group         0x0000000000000000        0xc ./riscv_hal/init.o
 .group         0x0000000000000000        0xc ./riscv_hal/init.o
 .group         0x0000000000000000        0xc ./riscv_hal/init.o
 .group         0x0000000000000000        0xc ./riscv_hal/init.o
 .group         0x0000000000000000        0xc ./riscv_hal/init.o
 .group         0x0000000000000000        0xc ./riscv_hal/init.o
 .group         0x0000000000000000        0xc ./riscv_hal/init.o
 .group         0x0000000000000000        0xc ./riscv_hal/init.o
 .group         0x0000000000000000        0xc ./riscv_hal/init.o
 .group         0x0000000000000000        0xc ./riscv_hal/init.o
 .group         0x0000000000000000        0xc ./riscv_hal/init.o
 .group         0x0000000000000000        0xc ./riscv_hal/init.o
 .group         0x0000000000000000        0xc ./riscv_hal/init.o
 .group         0x0000000000000000        0xc ./riscv_hal/init.o
 .group         0x0000000000000000        0xc ./riscv_hal/init.o
 .group         0x0000000000000000        0xc ./riscv_hal/init.o
 .group         0x0000000000000000        0xc ./riscv_hal/init.o
 .group         0x0000000000000000        0xc ./riscv_hal/init.o
 .group         0x0000000000000000        0xc ./riscv_hal/init.o
 .group         0x0000000000000000        0xc ./riscv_hal/init.o
 .group         0x0000000000000000        0xc ./riscv_hal/init.o
 .group         0x0000000000000000        0xc ./riscv_hal/init.o
 .group         0x0000000000000000        0xc ./riscv_hal/init.o
 .group         0x0000000000000000        0xc ./riscv_hal/init.o
 .group         0x0000000000000000        0xc ./riscv_hal/init.o
 .group         0x0000000000000000        0xc ./riscv_hal/init.o
 .group         0x0000000000000000        0xc ./riscv_hal/init.o
 .group         0x0000000000000000        0xc ./riscv_hal/init.o
 .group         0x0000000000000000        0xc ./riscv_hal/init.o
 .group         0x0000000000000000        0xc ./riscv_hal/init.o
 .group         0x0000000000000000        0xc ./riscv_hal/init.o
 .text          0x0000000000000000        0x0 ./riscv_hal/init.o
 .data          0x0000000000000000        0x0 ./riscv_hal/init.o
 .bss           0x0000000000000000        0x0 ./riscv_hal/init.o
 .group         0x0000000000000000        0xc ./riscv_hal/riscv_hal.o
 .group         0x0000000000000000        0xc ./riscv_hal/riscv_hal.o
 .group         0x0000000000000000        0xc ./riscv_hal/riscv_hal.o
 .group         0x0000000000000000        0xc ./riscv_hal/riscv_hal.o
 .group         0x0000000000000000        0xc ./riscv_hal/riscv_hal.o
 .group         0x0000000000000000        0xc ./riscv_hal/riscv_hal.o
 .group         0x0000000000000000        0xc ./riscv_hal/riscv_hal.o
 .group         0x0000000000000000        0xc ./riscv_hal/riscv_hal.o
 .group         0x0000000000000000        0xc ./riscv_hal/riscv_hal.o
 .group         0x0000000000000000        0xc ./riscv_hal/riscv_hal.o
 .group         0x0000000000000000        0xc ./riscv_hal/riscv_hal.o
[...]
Memory Configuration

Name             Origin             Length             Attributes
envm             0x0000000060000000 0x000000000003c000 xr
ram              0x0000000080000000 0x0000000000100000 xrw
*default*        0x0000000000000000 0xffffffffffffffff

Linker script and memory map

LOAD ./riscv_hal/entry.o
LOAD ./riscv_hal/init.o
LOAD ./riscv_hal/riscv_hal.o
LOAD ./riscv_hal/riscv_hal_stubs.o
LOAD ./riscv_hal/syscall.o
LOAD ./hal/hal_irq.o
LOAD ./hal/hw_reg_access.o
LOAD ./drivers/CoreUARTapb/core_uart_apb.o
LOAD ./drivers/CoreTimer/core_timer.o
LOAD ./drivers/CoreGPIO/core_gpio.o
LOAD ./FreeRTOS/portable/MemMang/heap_2.o
LOAD ./FreeRTOS/portable/GCC/RISCV/port.o
LOAD ./FreeRTOS/portable/GCC/RISCV/portasm.o
LOAD ./FreeRTOS/croutine.o
LOAD ./FreeRTOS/event_groups.o
LOAD ./FreeRTOS/list.o
LOAD ./FreeRTOS/queue.o
LOAD ./FreeRTOS/string.o
LOAD ./FreeRTOS/tasks.o
LOAD ./FreeRTOS/timers.o
LOAD ./Creative/BasicIO.o
LOAD ./.metadata/.plugins/org.eclipse.cdt.make.core/specs.o
LOAD ./main.o
LOAD c:/microsemi/softconsole_v6.2/riscv-unknown-elf-gcc/bin/../lib/gcc/riscv64-unknown-elf/8.2.0/rv32im/ilp32\libgcc.a
LOAD c:/microsemi/softconsole_v6.2/riscv-unknown-elf-gcc/bin/../lib/gcc/riscv64-unknown-elf/8.2.0/../../../../riscv64-unknown-elf/lib/rv32im/ilp32\libg_nano.a
LOAD c:/microsemi/softconsole_v6.2/riscv-unknown-elf-gcc/bin/../lib/gcc/riscv64-unknown-elf/8.2.0/../../../../riscv64-unknown-elf/lib/rv32im/ilp32\libc_nano.a
LOAD c:/microsemi/softconsole_v6.2/riscv-unknown-elf-gcc/bin/../lib/gcc/riscv64-unknown-elf/8.2.0/rv32im/ilp32\libgcc.a
START GROUP
LOAD c:/microsemi/softconsole_v6.2/riscv-unknown-elf-gcc/bin/../lib/gcc/riscv64-unknown-elf/8.2.0/rv32im/ilp32\libgcc.a
LOAD c:/microsemi/softconsole_v6.2/riscv-unknown-elf-gcc/bin/../lib/gcc/riscv64-unknown-elf/8.2.0/../../../../riscv64-unknown-elf/lib/rv32im/ilp32\libc_nano.a
END GROUP
                0x0000000080000000                RAM_START_ADDRESS = 0x80000000
                0x0000000000100000                RAM_SIZE = 0x100000
                0x0000000000001000                STACK_SIZE = 0x1000
                0x0000000000001000                HEAP_SIZE = 0x1000

.text           0x0000000060000000     0x2fc0
 *(SORT_NONE(.text.entry))
 .text.entry    0x0000000060000000      0x160 ./riscv_hal/entry.o
                0x0000000060000000                _start
                0x0000000060000160                . = ALIGN (0x10)
 *(.text .text.* .gnu.linkonce.t.*)
 .text.copy_section
                0x0000000060000160       0x60 ./riscv_hal/init.o
 .text.zero_section
                0x00000000600001c0       0x50 ./riscv_hal/init.o
 .text._init    0x0000000060000210       0x98 ./riscv_hal/init.o
                0x0000000060000210                _init
 .text._fini    0x00000000600002a8       0x1c ./riscv_hal/init.o
                0x00000000600002a8                _fini
 .text.PLIC_DisableIRQ
                0x00000000600002c4       0xb8 ./riscv_hal/riscv_hal.o
 .text.PLIC_ClaimIRQ
                0x000000006000037c       0x44 ./riscv_hal/riscv_hal.o
 .text.PLIC_CompleteIRQ
                0x00000000600003c0       0x4c ./riscv_hal/riscv_hal.o
 .text.__enable_irq
                0x000000006000040c       0x24 ./riscv_hal/riscv_hal.o
                0x000000006000040c                __enable_irq
 .text.handle_m_timer_interrupt
                0x0000000060000430       0xa8 ./riscv_hal/riscv_hal.o
 .text.handle_m_ext_interrupt
                0x00000000600004d8       0x70 ./riscv_hal/riscv_hal.o
 .text.handle_m_soft_interrupt
                0x0000000060000548       0x30 ./riscv_hal/riscv_hal.o
 .text.handle_trap
                0x0000000060000578       0xfc ./riscv_hal/riscv_hal.o
                0x0000000060000578                handle_trap
 .text.Invalid_IRQHandler
                0x0000000060000674       0x20 ./riscv_hal/riscv_hal_stubs.o
                0x0000000060000674                Invalid_IRQHandler
 .text.External_1_IRQHandler
                0x0000000060000694       0x20 ./riscv_hal/riscv_hal_stubs.o
                0x0000000060000694                External_1_IRQHandler
 .text.External_2_IRQHandler
                0x00000000600006b4       0x20 ./riscv_hal/riscv_hal_stubs.o
                0x00000000600006b4                External_2_IRQHandler
 .text.External_3_IRQHandler
                0x00000000600006d4       0x20 ./riscv_hal/riscv_hal_stubs.o
                0x00000000600006d4                External_3_IRQHandler
 .text.External_4_IRQHandler
                0x00000000600006f4       0x20 ./riscv_hal/riscv_hal_stubs.o
                0x00000000600006f4                External_4_IRQHandler
 .text.External_5_IRQHandler
                0x0000000060000714       0x20 ./riscv_hal/riscv_hal_stubs.o
                0x0000000060000714                External_5_IRQHandler
 .text.External_6_IRQHandler
                0x0000000060000734       0x20 ./riscv_hal/riscv_hal_stubs.o
                0x0000000060000734                External_6_IRQHandler
 .text.External_7_IRQHandler
                0x0000000060000754       0x20 ./riscv_hal/riscv_hal_stubs.o
                0x0000000060000754                External_7_IRQHandler
 .text.External_8_IRQHandler
                0x0000000060000774       0x20 ./riscv_hal/riscv_hal_stubs.o
                0x0000000060000774                External_8_IRQHandler
 .text.External_9_IRQHandler
                0x0000000060000794       0x20 ./riscv_hal/riscv_hal_stubs.o
                0x0000000060000794                External_9_IRQHandler
 .text.External_10_IRQHandler
                0x00000000600007b4       0x20 ./riscv_hal/riscv_hal_stubs.o
                0x00000000600007b4                External_10_IRQHandler
 .text.External_11_IRQHandler
                0x00000000600007d4       0x20 ./riscv_hal/riscv_hal_stubs.o
                0x00000000600007d4                External_11_IRQHandler
 .text.External_12_IRQHandler
                0x00000000600007f4       0x20 ./riscv_hal/riscv_hal_stubs.o
                0x00000000600007f4                External_12_IRQHandler
 .text.External_13_IRQHandler
                0x0000000060000814       0x20 ./riscv_hal/riscv_hal_stubs.o
                0x0000000060000814                External_13_IRQHandler
 .text.External_14_IRQHandler
                0x0000000060000834       0x20 ./riscv_hal/riscv_hal_stubs.o
                0x0000000060000834                External_14_IRQHandler
 .text.External_15_IRQHandler
                0x0000000060000854       0x20 ./riscv_hal/riscv_hal_stubs.o
                0x0000000060000854                External_15_IRQHandler
 .text.External_16_IRQHandler
                0x0000000060000874       0x20 ./riscv_hal/riscv_hal_stubs.o
                0x0000000060000874                External_16_IRQHandler
 .text.External_17_IRQHandler
                0x0000000060000894       0x20 ./riscv_hal/riscv_hal_stubs.o
                0x0000000060000894                External_17_IRQHandler
 .text.External_18_IRQHandler
                0x00000000600008b4       0x20 ./riscv_hal/riscv_hal_stubs.o
                0x00000000600008b4                External_18_IRQHandler
 .text.External_19_IRQHandler
                0x00000000600008d4       0x20 ./riscv_hal/riscv_hal_stubs.o
                0x00000000600008d4                External_19_IRQHandler
 .text.External_20_IRQHandler
                0x00000000600008f4       0x20 ./riscv_hal/riscv_hal_stubs.o
                0x00000000600008f4                External_20_IRQHandler
 .text.External_21_IRQHandler
                0x0000000060000914       0x20 ./riscv_hal/riscv_hal_stubs.o
                0x0000000060000914                External_21_IRQHandler
 .text.External_22_IRQHandler
                0x0000000060000934       0x20 ./riscv_hal/riscv_hal_stubs.o
                0x0000000060000934                External_22_IRQHandler
 .text.External_23_IRQHandler
                0x0000000060000954       0x20 ./riscv_hal/riscv_hal_stubs.o
                0x0000000060000954                External_23_IRQHandler
 .text.External_24_IRQHandler
                0x0000000060000974       0x20 ./riscv_hal/riscv_hal_stubs.o
                0x0000000060000974                External_24_IRQHandler
 .text.External_25_IRQHandler
                0x0000000060000994       0x20 ./riscv_hal/riscv_hal_stubs.o
                0x0000000060000994                External_25_IRQHandler
 .text.External_26_IRQHandler
                0x00000000600009b4       0x20 ./riscv_hal/riscv_hal_stubs.o
                0x00000000600009b4                External_26_IRQHandler
 .text.External_27_IRQHandler
                0x00000000600009d4       0x20 ./riscv_hal/riscv_hal_stubs.o
                0x00000000600009d4                External_27_IRQHandler
 .text.External_28_IRQHandler
                0x00000000600009f4       0x20 ./riscv_hal/riscv_hal_stubs.o
                0x00000000600009f4                External_28_IRQHandler
 .text          0x0000000060000a14       0xd8 ./hal/hw_reg_access.o
                0x0000000060000a14                HW_set_32bit_reg
                0x0000000060000a1c                HW_get_32bit_reg
                0x0000000060000a24                HW_set_32bit_reg_field
                0x0000000060000a4c                HW_get_32bit_reg_field
                0x0000000060000a5c                HW_set_16bit_reg
                0x0000000060000a64                HW_get_16bit_reg
                0x0000000060000a6c                HW_set_16bit_reg_field
                0x0000000060000a94                HW_get_16bit_reg_field
                0x0000000060000aa4                HW_set_8bit_reg
                0x0000000060000aac                HW_get_8bit_reg
                0x0000000060000ab4                HW_set_8bit_reg_field
                0x0000000060000adc                HW_get_8bit_reg_field
 .text.UART_init
                0x0000000060000aec      0x118 ./drivers/CoreUARTapb/core_uart_apb.o
                0x0000000060000aec                UART_init
 .text.UART_send
                0x0000000060000c04       0xb4 ./drivers/CoreUARTapb/core_uart_apb.o
                0x0000000060000c04                UART_send
 .text.UART_polled_tx_string
                0x0000000060000cb8       0xb0 ./drivers/CoreUARTapb/core_uart_apb.o
                0x0000000060000cb8                UART_polled_tx_string
 .text.GPIO_init
                0x0000000060000d68      0x170 ./drivers/CoreGPIO/core_gpio.o
                0x0000000060000d68                GPIO_init
 .text.GPIO_set_output
                0x0000000060000ed8      0x238 ./drivers/CoreGPIO/core_gpio.o
                0x0000000060000ed8                GPIO_set_output
 .text.GPIO_enable_irq
                0x0000000060001110       0x80 ./drivers/CoreGPIO/core_gpio.o
                0x0000000060001110                GPIO_enable_irq
 .text.pvPortMalloc
                0x0000000060001190      0x1dc ./FreeRTOS/portable/MemMang/heap_2.o
                0x0000000060001190                pvPortMalloc
 .text.vPortFree
                0x000000006000136c       0xcc ./FreeRTOS/portable/MemMang/heap_2.o
                0x000000006000136c                vPortFree
 .text.prvHeapInit
                0x0000000060001438       0x74 ./FreeRTOS/portable/MemMang/heap_2.o
 .text.raise_soft_interrupt
                0x00000000600014ac       0x4c ./FreeRTOS/portable/GCC/RISCV/port.o
 .text.vPortEnterCritical
                0x00000000600014f8       0x34 ./FreeRTOS/portable/GCC/RISCV/port.o
                0x00000000600014f8                vPortEnterCritical
 .text.vPortExitCritical
                0x000000006000152c       0x40 ./FreeRTOS/portable/GCC/RISCV/port.o
                0x000000006000152c                vPortExitCritical
 .text.prvSetNextTimerInterrupt
                0x000000006000156c       0xcc ./FreeRTOS/portable/GCC/RISCV/port.o
 .text.vPortSetupTimer
                0x0000000060001638       0xcc ./FreeRTOS/portable/GCC/RISCV/port.o
                0x0000000060001638                vPortSetupTimer
 .text.prvTaskExitError
                0x0000000060001704       0x2c ./FreeRTOS/portable/GCC/RISCV/port.o
 .text.pxPortInitialiseStack
                0x0000000060001730       0x94 ./FreeRTOS/portable/GCC/RISCV/port.o
                0x0000000060001730                pxPortInitialiseStack
 .text.SysTick_Handler
                0x00000000600017c4       0xcc ./FreeRTOS/portable/GCC/RISCV/port.o
                0x00000000600017c4                SysTick_Handler
 .text.xPortStartScheduler
                0x0000000060001890       0x44 ./FreeRTOS/portable/GCC/RISCV/port.o
                0x0000000060001890                xPortStartScheduler
 .text.Software_IRQHandler
                0x00000000600018d4       0xec ./FreeRTOS/portable/GCC/RISCV/port.o
                0x00000000600018d4                Software_IRQHandler
 .text.vPortYield
                0x00000000600019c0       0x28 ./FreeRTOS/portable/GCC/RISCV/port.o
                0x00000000600019c0                vPortYield
 .text.vListInitialise
                0x00000000600019e8       0x64 ./FreeRTOS/list.o
                0x00000000600019e8                vListInitialise
 .text.vListInitialiseItem
                0x0000000060001a4c       0x28 ./FreeRTOS/list.o
                0x0000000060001a4c                vListInitialiseItem
 .text.vListInsertEnd
                0x0000000060001a74       0x88 ./FreeRTOS/list.o
                0x0000000060001a74                vListInsertEnd
 .text.vListInsert
                0x0000000060001afc       0xd4 ./FreeRTOS/list.o
                0x0000000060001afc                vListInsert
 .text.uxListRemove
                0x0000000060001bd0       0x98 ./FreeRTOS/list.o
                0x0000000060001bd0                uxListRemove
 .text.memset   0x0000000060001c68       0xe8 ./FreeRTOS/string.o
                0x0000000060001c68                memset
 .text.xTaskGenericCreate
                0x0000000060001d50      0x21c ./FreeRTOS/tasks.o
                0x0000000060001d50                xTaskGenericCreate
 .text.vTaskDelay
                0x0000000060001f6c       0x84 ./FreeRTOS/tasks.o
                0x0000000060001f6c                vTaskDelay
 .text.vTaskStartScheduler
                0x0000000060001ff0       0x90 ./FreeRTOS/tasks.o
                0x0000000060001ff0                vTaskStartScheduler
 .text.vTaskSuspendAll
                0x0000000060002080       0x28 ./FreeRTOS/tasks.o
                0x0000000060002080                vTaskSuspendAll
 .text.xTaskResumeAll
                0x00000000600020a8      0x160 ./FreeRTOS/tasks.o
                0x00000000600020a8                xTaskResumeAll
 .text.xTaskIncrementTick
                0x0000000060002208      0x1ec ./FreeRTOS/tasks.o
                0x0000000060002208                xTaskIncrementTick
 .text.vTaskSwitchContext
                0x00000000600023f4       0xec ./FreeRTOS/tasks.o
                0x00000000600023f4                vTaskSwitchContext
 .text.prvIdleTask
                0x00000000600024e0       0x34 ./FreeRTOS/tasks.o
 .text.prvInitialiseTCBVariables
                0x0000000060002514      0x138 ./FreeRTOS/tasks.o
 .text.prvInitialiseTaskLists
                0x000000006000264c       0xc0 ./FreeRTOS/tasks.o
 .text.prvCheckTasksWaitingTermination
                0x000000006000270c       0xa0 ./FreeRTOS/tasks.o
 .text.prvAddCurrentTaskToDelayedList
                0x00000000600027ac       0x88 ./FreeRTOS/tasks.o
 .text.prvAllocateTCBAndStack
                0x0000000060002834       0xc0 ./FreeRTOS/tasks.o
 .text.prvDeleteTCB
                0x00000000600028f4       0x40 ./FreeRTOS/tasks.o
 .text.prvResetNextTaskUnblockTime
                0x0000000060002934       0x60 ./FreeRTOS/tasks.o
 .text.BasicIO_Init
                0x0000000060002994       0xc4 ./Creative/BasicIO.o
                0x0000000060002994                BasicIO_Init
 .text.setLED1_GREEN
                0x0000000060002a58       0x34 ./Creative/BasicIO.o
                0x0000000060002a58                setLED1_GREEN
 .text.clearLED1_GREEN
                0x0000000060002a8c       0x34 ./Creative/BasicIO.o
                0x0000000060002a8c                clearLED1_GREEN
 .text.setLED1_RED
                0x0000000060002ac0       0x34 ./Creative/BasicIO.o
                0x0000000060002ac0                setLED1_RED
 .text.clearLED1_RED
                0x0000000060002af4       0x34 ./Creative/BasicIO.o
                0x0000000060002af4                clearLED1_RED
 .text.setLED2_GREEN
                0x0000000060002b28       0x34 ./Creative/BasicIO.o
                0x0000000060002b28                setLED2_GREEN
 .text.clearLED2_GREEN
                0x0000000060002b5c       0x34 ./Creative/BasicIO.o
                0x0000000060002b5c                clearLED2_GREEN
 .text.UART_Tx_Msg
                0x0000000060002b90       0x5c ./Creative/BasicIO.o
                0x0000000060002b90                UART_Tx_Msg
 .text.PLIC_init
                0x0000000060002bec       0xd0 ./main.o
 .text.External_31_IRQHandler
                0x0000000060002cbc       0x1c ./main.o
                0x0000000060002cbc                External_31_IRQHandler
 .text.External_30_IRQHandler
                0x0000000060002cd8       0x1c ./main.o
                0x0000000060002cd8                External_30_IRQHandler
 .text.External_29_IRQHandler
                0x0000000060002cf4       0x1c ./main.o
                0x0000000060002cf4                External_29_IRQHandler
 .text.main     0x0000000060002d10       0xe0 ./main.o
                0x0000000060002d10                main
 .text.vApplicationMallocFailedHook
                0x0000000060002df0       0x14 ./main.o
                0x0000000060002df0                vApplicationMallocFailedHook
 .text.vApplicationIdleHook
                0x0000000060002e04       0x1c ./main.o
                0x0000000060002e04                vApplicationIdleHook
 .text.vLEDTestTask1
                0x0000000060002e20       0x30 ./main.o
 .text.vLEDTestTask2
                0x0000000060002e50       0x30 ./main.o
 .text.vLEDTestTask3
                0x0000000060002e80       0x30 ./main.o
 *(.plt)
                0x0000000060002eb0                . = ALIGN (0x10)
 *fill*         0x0000000060002eb0        0x0 
 *crtbegin.o(.ctors)
 *(EXCLUDE_FILE(*crtend.o) .ctors)
 *(SORT_BY_NAME(.ctors.*))
 *crtend.o(.ctors)
 *crtbegin.o(.dtors)
 *(EXCLUDE_FILE(*crtend.o) .dtors)
 *(SORT_BY_NAME(.dtors.*))
 *crtend.o(.dtors)
 *(.rodata .rodata.* .gnu.linkonce.r.*)
 .rodata        0x0000000060002eb0        0x6 ./riscv_hal/init.o
 *fill*         0x0000000060002eb6        0x2 
 .rodata        0x0000000060002eb8        0x5 ./FreeRTOS/tasks.o
 *fill*         0x0000000060002ebd        0x3 
 .rodata        0x0000000060002ec0       0xf1 ./main.o
 *(.gcc_except_table)
 *(.eh_frame_hdr)
 *(.eh_frame)
 *(.init)
 *(.fini)
                [!provide]                        PROVIDE (__preinit_array_start = .)
 *(.preinit_array)
                [!provide]                        PROVIDE (__preinit_array_end = .)
                [!provide]                        PROVIDE (__init_array_start = .)
 *(SORT_BY_NAME(.init_array.*))
 *(.init_array)
                [!provide]                        PROVIDE (__init_array_end = .)
                [!provide]                        PROVIDE (__fini_array_start = .)
 *(.fini_array)
 *(SORT_BY_NAME(.fini_array.*))
                [!provide]                        PROVIDE (__fini_array_end = .)
                0x0000000060002fc0                . = ALIGN (0x10)
 *fill*         0x0000000060002fb1        0xf 

.rela.dyn       0x0000000060002fc0        0x0
 .rela.text.entry
                0x0000000060002fc0        0x0 ./riscv_hal/entry.o
 .rela.text._init
                0x0000000060002fc0        0x0 ./riscv_hal/entry.o
 .rela.data.ext_irq_handler_table
                0x0000000060002fc0        0x0 ./riscv_hal/entry.o

.sdata          0x0000000080000000       0x20 load address 0x0000000060002fc0
                0x0000000060002fc0                __sdata_load = LOADADDR (.sdata)
                0x0000000080000000                __sdata_start = .
                0x0000000080000800                PROVIDE (__global_pointer$ = (. + 0x800))
 *(.srodata.cst16)
 *(.srodata.cst8)
 *(.srodata.cst4)
 *(.srodata.cst2)
 *(.srodata*)
 *(.sdata .sdata.* .gnu.linkonce.s.*)
 .sdata.xFreeBytesRemaining
                0x0000000080000000        0x4 ./FreeRTOS/portable/MemMang/heap_2.o
 .sdata.uxCriticalNesting
                0x0000000080000004        0x4 ./FreeRTOS/portable/GCC/RISCV/port.o
 .sdata.mtime   0x0000000080000008        0x4 ./FreeRTOS/portable/GCC/RISCV/port.o
 .sdata.mtimecmp
                0x000000008000000c        0x4 ./FreeRTOS/portable/GCC/RISCV/port.o
 .sdata.g_MSG_INTRO
                0x0000000080000010        0x4 ./main.o
                0x0000000080000010                g_MSG_INTRO
 .sdata.g_MSG_DEMO
                0x0000000080000014        0x4 ./main.o
                0x0000000080000014                g_MSG_DEMO
                0x0000000080000020                . = ALIGN (0x10)
 *fill*         0x0000000080000018        0x8 
                0x0000000080000020                __sdata_end = .

.data           0x0000000080000020       0x80 load address 0x0000000060002fe0
                0x0000000060002fe0                __data_load = LOADADDR (.data)
                0x0000000080000020                __data_start = .
 *(.got.plt)
 *(.got)
 *(.shdata)
 *(.data .data.* .gnu.linkonce.d.*)
 .data.ext_irq_handler_table
                0x0000000080000020       0x80 ./riscv_hal/riscv_hal.o
                0x0000000080000020                ext_irq_handler_table
                0x00000000800000a0                . = ALIGN (0x10)
                0x00000000800000a0                __data_end = .

.sbss           0x00000000800000a0       0x70 load address 0x0000000060003060
                0x00000000800000a0                __sbss_start = .
 *(.sbss .sbss.* .gnu.linkonce.sb.*)
 .sbss.g_systick_increment
                0x00000000800000a0        0x8 ./riscv_hal/riscv_hal.o
 .sbss.xStart   0x00000000800000a8        0x8 ./FreeRTOS/portable/MemMang/heap_2.o
 .sbss.xEnd     0x00000000800000b0        0x8 ./FreeRTOS/portable/MemMang/heap_2.o
 .sbss.xHeapHasBeenInitialised.2779
                0x00000000800000b8        0x4 ./FreeRTOS/portable/MemMang/heap_2.o
 .sbss.g_startscheduler
                0x00000000800000bc        0x4 ./FreeRTOS/portable/GCC/RISCV/port.o
                0x00000000800000bc                g_startscheduler
 .sbss.pxCurrentTCB
                0x00000000800000c0        0x4 ./FreeRTOS/tasks.o
                0x00000000800000c0                pxCurrentTCB
 .sbss.pxDelayedTaskList
                0x00000000800000c4        0x4 ./FreeRTOS/tasks.o
 .sbss.pxOverflowDelayedTaskList
                0x00000000800000c8        0x4 ./FreeRTOS/tasks.o
 .sbss.uxTasksDeleted
                0x00000000800000cc        0x4 ./FreeRTOS/tasks.o
 .sbss.uxCurrentNumberOfTasks
                0x00000000800000d0        0x4 ./FreeRTOS/tasks.o
 .sbss.xTickCount
                0x00000000800000d4        0x4 ./FreeRTOS/tasks.o
 .sbss.uxTopReadyPriority
                0x00000000800000d8        0x4 ./FreeRTOS/tasks.o
 .sbss.xSchedulerRunning
                0x00000000800000dc        0x4 ./FreeRTOS/tasks.o
 .sbss.uxPendedTicks
                0x00000000800000e0        0x4 ./FreeRTOS/tasks.o
 .sbss.xYieldPending
                0x00000000800000e4        0x4 ./FreeRTOS/tasks.o
 .sbss.xNumOfOverflows
                0x00000000800000e8        0x4 ./FreeRTOS/tasks.o
 .sbss.uxTaskNumber
                0x00000000800000ec        0x4 ./FreeRTOS/tasks.o
 .sbss.xNextTaskUnblockTime
                0x00000000800000f0        0x4 ./FreeRTOS/tasks.o
 .sbss.uxSchedulerSuspended
                0x00000000800000f4        0x4 ./FreeRTOS/tasks.o
 .sbss.g_gpio_in_PBs
                0x00000000800000f8        0x8 ./Creative/BasicIO.o
 .sbss.g_gpio_out_LEDs
                0x0000000080000100        0x8 ./Creative/BasicIO.o
 .sbss.g_uart_term
                0x0000000080000108        0x8 ./Creative/BasicIO.o
 *(.scommon)
                0x0000000080000110                . = ALIGN (0x10)
                0x0000000080000110                __sbss_end = .

.bss            0x0000000080000110    0x190d0 load address 0x0000000060003060
                0x0000000080000110                __bss_start = .
 *(.shbss)
 *(.bss .bss.* .gnu.linkonce.b.*)
 .bss.ucHeap    0x0000000080000110    0x19000 ./FreeRTOS/portable/MemMang/heap_2.o
 .bss.pxReadyTasksLists
                0x0000000080019110       0x64 ./FreeRTOS/tasks.o
 .bss.xDelayedTaskList1
                0x0000000080019174       0x14 ./FreeRTOS/tasks.o
 .bss.xDelayedTaskList2
                0x0000000080019188       0x14 ./FreeRTOS/tasks.o
 .bss.xPendingReadyList
                0x000000008001919c       0x14 ./FreeRTOS/tasks.o
 .bss.xTasksWaitingTermination
                0x00000000800191b0       0x14 ./FreeRTOS/tasks.o
 .bss.xSuspendedTaskList
                0x00000000800191c4       0x14 ./FreeRTOS/tasks.o
 *(COMMON)
                0x00000000800191e0                . = ALIGN (0x10)
 *fill*         0x00000000800191d8        0x8 
                0x00000000800191e0                __bss_end = .
                0x00000000800191e0                _end = .

.heap           0x00000000800191e0     0x1000 load address 0x0000000060003060
                0x00000000800191e0                __heap_start = .
                0x000000008001a1e0                . = (. + HEAP_SIZE)
 *fill*         0x00000000800191e0     0x1000 
                0x000000008001a1e0                __heap_end = .
                0x000000008001a1e0                . = ALIGN (0x10)
                0x000000008001a1e0                _heap_end = __heap_end

.stack          0x000000008001a1e0     0x1000 load address 0x0000000060003060
                0x000000008001a1e0                __stack_bottom = .
                0x000000008001b1e0                . = (. + STACK_SIZE)
 *fill*         0x000000008001a1e0     0x1000 
                0x000000008001b1e0                __stack_top = .
OUTPUT(Creative_MiV_FreeRTOS_Demo.elf elf32-littleriscv)

.riscv.attributes
                0x0000000000000000       0x1f
 .riscv.attributes
                0x0000000000000000       0x1f ./riscv_hal/entry.o
 .riscv.attributes
                0x000000000000001f       0x1f ./riscv_hal/init.o
 .riscv.attributes
                0x000000000000003e       0x1f ./riscv_hal/riscv_hal.o
 .riscv.attributes
                0x000000000000005d       0x1f ./riscv_hal/riscv_hal_stubs.o
 .riscv.attributes
                0x000000000000007c       0x1f ./hal/hw_reg_access.o
 .riscv.attributes
                0x000000000000009b       0x1f ./drivers/CoreUARTapb/core_uart_apb.o
 .riscv.attributes
                0x00000000000000ba       0x1f ./drivers/CoreGPIO/core_gpio.o
 .riscv.attributes
                0x00000000000000d9       0x1f ./FreeRTOS/portable/MemMang/heap_2.o
 .riscv.attributes
                0x00000000000000f8       0x1f ./FreeRTOS/portable/GCC/RISCV/port.o
 .riscv.attributes
                0x0000000000000117       0x1f ./FreeRTOS/list.o
 .riscv.attributes
                0x0000000000000136       0x1f ./FreeRTOS/string.o
 .riscv.attributes
                0x0000000000000155       0x1f ./FreeRTOS/tasks.o
 .riscv.attributes
                0x0000000000000174       0x1f ./Creative/BasicIO.o
 .riscv.attributes
                0x0000000000000193       0x1f ./main.o

.comment        0x0000000000000000       0x43
 .comment       0x0000000000000000       0x43 ./riscv_hal/init.o
                                         0x44 (size before relaxing)
 .comment       0x0000000000000043       0x44 ./riscv_hal/riscv_hal.o
 .comment       0x0000000000000043       0x44 ./riscv_hal/riscv_hal_stubs.o
 .comment       0x0000000000000043       0x44 ./drivers/CoreUARTapb/core_uart_apb.o
 .comment       0x0000000000000043       0x44 ./drivers/CoreGPIO/core_gpio.o
 .comment       0x0000000000000043       0x44 ./FreeRTOS/portable/MemMang/heap_2.o
 .comment       0x0000000000000043       0x44 ./FreeRTOS/portable/GCC/RISCV/port.o
 .comment       0x0000000000000043       0x44 ./FreeRTOS/list.o
 .comment       0x0000000000000043       0x44 ./FreeRTOS/string.o
 .comment       0x0000000000000043       0x44 ./FreeRTOS/tasks.o
 .comment       0x0000000000000043       0x44 ./Creative/BasicIO.o
 .comment       0x0000000000000043       0x44 ./main.o

.debug_line     0x0000000000000000     0x8540
 .debug_line    0x0000000000000000      0x237 ./riscv_hal/entry.o
 .debug_line    0x0000000000000237      0x432 ./riscv_hal/init.o
 .debug_line    0x0000000000000669      0x73f ./riscv_hal/riscv_hal.o
 .debug_line    0x0000000000000da8      0x77b ./riscv_hal/riscv_hal_stubs.o
 .debug_line    0x0000000000001523      0x185 ./hal/hw_reg_access.o
 .debug_line    0x00000000000016a8      0x63a ./drivers/CoreUARTapb/core_uart_apb.o
 .debug_line    0x0000000000001ce2      0xae7 ./drivers/CoreGPIO/core_gpio.o
 .debug_line    0x00000000000027c9      0x877 ./FreeRTOS/portable/MemMang/heap_2.o
 .debug_line    0x0000000000003040      0xb43 ./FreeRTOS/portable/GCC/RISCV/port.o
 .debug_line    0x0000000000003b83      0x7aa ./FreeRTOS/list.o
 .debug_line    0x000000000000432d      0x671 ./FreeRTOS/string.o
 .debug_line    0x000000000000499e     0x2afe ./FreeRTOS/tasks.o
 .debug_line    0x000000000000749c      0x6b4 ./Creative/BasicIO.o
 .debug_line    0x0000000000007b50      0x9f0 ./main.o

.debug_info     0x0000000000000000     0x88f9
 .debug_info    0x0000000000000000       0x26 ./riscv_hal/entry.o
 .debug_info    0x0000000000000026      0xb0b ./riscv_hal/init.o
 .debug_info    0x0000000000000b31     0x10c8 ./riscv_hal/riscv_hal.o
 .debug_info    0x0000000000001bf9      0x3ce ./riscv_hal/riscv_hal_stubs.o
 .debug_info    0x0000000000001fc7       0x26 ./hal/hw_reg_access.o
 .debug_info    0x0000000000001fed      0x34d ./drivers/CoreUARTapb/core_uart_apb.o
 .debug_info    0x000000000000233a      0x642 ./drivers/CoreGPIO/core_gpio.o
 .debug_info    0x000000000000297c      0xbd6 ./FreeRTOS/portable/MemMang/heap_2.o
 .debug_info    0x0000000000003552      0xc95 ./FreeRTOS/portable/GCC/RISCV/port.o
 .debug_info    0x00000000000041e7      0xb83 ./FreeRTOS/list.o
 .debug_info    0x0000000000004d6a      0xb73 ./FreeRTOS/string.o
 .debug_info    0x00000000000058dd     0x1f88 ./FreeRTOS/tasks.o
 .debug_info    0x0000000000007865      0x3ca ./Creative/BasicIO.o
 .debug_info    0x0000000000007c2f      0xcca ./main.o

.debug_abbrev   0x0000000000000000     0x1b22
 .debug_abbrev  0x0000000000000000       0x14 ./riscv_hal/entry.o
 .debug_abbrev  0x0000000000000014      0x268 ./riscv_hal/init.o
 .debug_abbrev  0x000000000000027c      0x330 ./riscv_hal/riscv_hal.o
 .debug_abbrev  0x00000000000005ac       0xa8 ./riscv_hal/riscv_hal_stubs.o
 .debug_abbrev  0x0000000000000654       0x14 ./hal/hw_reg_access.o
 .debug_abbrev  0x0000000000000668      0x122 ./drivers/CoreUARTapb/core_uart_apb.o
 .debug_abbrev  0x000000000000078a      0x17c ./drivers/CoreGPIO/core_gpio.o
 .debug_abbrev  0x0000000000000906      0x2c5 ./FreeRTOS/portable/MemMang/heap_2.o
 .debug_abbrev  0x0000000000000bcb      0x31d ./FreeRTOS/portable/GCC/RISCV/port.o
 .debug_abbrev  0x0000000000000ee8      0x22e ./FreeRTOS/list.o
 .debug_abbrev  0x0000000000001116      0x238 ./FreeRTOS/string.o
 .debug_abbrev  0x000000000000134e      0x39a ./FreeRTOS/tasks.o
 .debug_abbrev  0x00000000000016e8      0x14d ./Creative/BasicIO.o
 .debug_abbrev  0x0000000000001835      0x2ed ./main.o

.debug_aranges  0x0000000000000000      0x6d8
 .debug_aranges
                0x0000000000000000       0x20 ./riscv_hal/entry.o
 .debug_aranges
                0x0000000000000020       0x38 ./riscv_hal/init.o
 .debug_aranges
                0x0000000000000058       0x68 ./riscv_hal/riscv_hal.o
 .debug_aranges
                0x00000000000000c0      0x128 ./riscv_hal/riscv_hal_stubs.o
 .debug_aranges
                0x00000000000001e8       0x20 ./hal/hw_reg_access.o
 .debug_aranges
                0x0000000000000208       0x48 ./drivers/CoreUARTapb/core_uart_apb.o
 .debug_aranges
                0x0000000000000250       0x78 ./drivers/CoreGPIO/core_gpio.o
 .debug_aranges
                0x00000000000002c8       0x40 ./FreeRTOS/portable/MemMang/heap_2.o
 .debug_aranges
                0x0000000000000308       0x80 ./FreeRTOS/portable/GCC/RISCV/port.o
 .debug_aranges
                0x0000000000000388       0x40 ./FreeRTOS/list.o
 .debug_aranges
                0x00000000000003c8       0x48 ./FreeRTOS/string.o
 .debug_aranges
                0x0000000000000410      0x1c8 ./FreeRTOS/tasks.o
 .debug_aranges
                0x00000000000005d8       0x90 ./Creative/BasicIO.o
 .debug_aranges
                0x0000000000000668       0x70 ./main.o

.debug_str      0x0000000000000000    0x118cb
 .debug_str     0x0000000000000000       0x9e ./riscv_hal/entry.o
 .debug_str     0x000000000000009e     0x8bed ./riscv_hal/init.o
                                       0x8ec2 (size before relaxing)
 .debug_str     0x0000000000008c8b      0x532 ./riscv_hal/riscv_hal.o
                                       0x9370 (size before relaxing)
 .debug_str     0x00000000000091bd      0x306 ./riscv_hal/riscv_hal_stubs.o
                                       0x66aa (size before relaxing)
 .debug_str     0x00000000000094c3       0x17 ./hal/hw_reg_access.o
                                         0xa0 (size before relaxing)
 .debug_str     0x00000000000094da      0xf72 ./drivers/CoreUARTapb/core_uart_apb.o
                                       0x438b (size before relaxing)
 .debug_str     0x000000000000a44c      0x9ad ./drivers/CoreGPIO/core_gpio.o
                                       0x459e (size before relaxing)
 .debug_str     0x000000000000adf9     0x3802 ./FreeRTOS/portable/MemMang/heap_2.o
                                       0xab29 (size before relaxing)
 .debug_str     0x000000000000e5fb      0x1ab ./FreeRTOS/portable/GCC/RISCV/port.o
                                       0xa8be (size before relaxing)
 .debug_str     0x000000000000e7a6      0x11e ./FreeRTOS/list.o
                                       0xa11f (size before relaxing)
 .debug_str     0x000000000000e8c4      0x85e ./FreeRTOS/string.o
                                       0x6b11 (size before relaxing)
 .debug_str     0x000000000000f122     0x186c ./FreeRTOS/tasks.o
                                       0xc1a1 (size before relaxing)
 .debug_str     0x000000000001098e      0x37f ./Creative/BasicIO.o
                                       0x3ef2 (size before relaxing)
 .debug_str     0x0000000000010d0d      0xbbe ./main.o
                                       0xbc96 (size before relaxing)

.debug_ranges   0x0000000000000000      0x5d8
 .debug_ranges  0x0000000000000000       0x28 ./riscv_hal/init.o
 .debug_ranges  0x0000000000000028       0x58 ./riscv_hal/riscv_hal.o
 .debug_ranges  0x0000000000000080      0x118 ./riscv_hal/riscv_hal_stubs.o
 .debug_ranges  0x0000000000000198       0x38 ./drivers/CoreUARTapb/core_uart_apb.o
 .debug_ranges  0x00000000000001d0       0x68 ./drivers/CoreGPIO/core_gpio.o
 .debug_ranges  0x0000000000000238       0x30 ./FreeRTOS/portable/MemMang/heap_2.o
 .debug_ranges  0x0000000000000268       0x70 ./FreeRTOS/portable/GCC/RISCV/port.o
 .debug_ranges  0x00000000000002d8       0x30 ./FreeRTOS/list.o
 .debug_ranges  0x0000000000000308       0x38 ./FreeRTOS/string.o
 .debug_ranges  0x0000000000000340      0x1b8 ./FreeRTOS/tasks.o
 .debug_ranges  0x00000000000004f8       0x80 ./Creative/BasicIO.o
 .debug_ranges  0x0000000000000578       0x60 ./main.o

.debug_macro    0x0000000000000000     0x4293
 .debug_macro   0x0000000000000000      0x1d5 ./riscv_hal/init.o
 .debug_macro   0x00000000000001d5      0x748 ./riscv_hal/init.o
 .debug_macro   0x000000000000091d       0x19 ./riscv_hal/init.o
 .debug_macro   0x0000000000000936       0x22 ./riscv_hal/init.o
 .debug_macro   0x0000000000000958       0x52 ./riscv_hal/init.o
 .debug_macro   0x00000000000009aa       0x94 ./riscv_hal/init.o
 .debug_macro   0x0000000000000a3e       0x34 ./riscv_hal/init.o
 .debug_macro   0x0000000000000a72       0x34 ./riscv_hal/init.o
 .debug_macro   0x0000000000000aa6       0x16 ./riscv_hal/init.o
 .debug_macro   0x0000000000000abc      0x10e ./riscv_hal/init.o
 .debug_macro   0x0000000000000bca       0x8d ./riscv_hal/init.o
 .debug_macro   0x0000000000000c57       0x57 ./riscv_hal/init.o
 .debug_macro   0x0000000000000cae       0x58 ./riscv_hal/init.o
 .debug_macro   0x0000000000000d06       0x1f ./riscv_hal/init.o
 .debug_macro   0x0000000000000d25       0x43 ./riscv_hal/init.o
 .debug_macro   0x0000000000000d68       0x20 ./riscv_hal/init.o
 .debug_macro   0x0000000000000d88      0x18e ./riscv_hal/init.o
 .debug_macro   0x0000000000000f16      0x330 ./riscv_hal/init.o
 .debug_macro   0x0000000000001246       0x16 ./riscv_hal/init.o
 .debug_macro   0x000000000000125c       0x29 ./riscv_hal/init.o
 .debug_macro   0x0000000000001285       0xef ./riscv_hal/init.o
 .debug_macro   0x0000000000001374       0x6a ./riscv_hal/init.o
 .debug_macro   0x00000000000013de      0x1df ./riscv_hal/init.o
 .debug_macro   0x00000000000015bd       0x16 ./riscv_hal/init.o
 .debug_macro   0x00000000000015d3       0x10 ./riscv_hal/init.o
 .debug_macro   0x00000000000015e3       0x35 ./riscv_hal/init.o
 .debug_macro   0x0000000000001618       0x1c ./riscv_hal/init.o
 .debug_macro   0x0000000000001634       0x52 ./riscv_hal/init.o
 .debug_macro   0x0000000000001686       0x40 ./riscv_hal/init.o
 .debug_macro   0x00000000000016c6       0x10 ./riscv_hal/init.o
 .debug_macro   0x00000000000016d6       0x40 ./riscv_hal/init.o
 .debug_macro   0x0000000000001716       0xd7 ./riscv_hal/init.o
 .debug_macro   0x00000000000017ed       0x1c ./riscv_hal/init.o
 .debug_macro   0x0000000000001809       0x3d ./riscv_hal/init.o
 .debug_macro   0x0000000000001846      0x51a ./riscv_hal/init.o
 .debug_macro   0x0000000000001d60      0x2dc ./riscv_hal/init.o
 .debug_macro   0x000000000000203c      0x205 ./riscv_hal/riscv_hal.o
 .debug_macro   0x0000000000002241       0x28 ./riscv_hal/riscv_hal.o
 .debug_macro   0x0000000000002269       0x10 ./riscv_hal/riscv_hal.o
 .debug_macro   0x0000000000002279      0x165 ./riscv_hal/riscv_hal_stubs.o
 .debug_macro   0x00000000000023de       0x10 ./riscv_hal/riscv_hal_stubs.o
 .debug_macro   0x00000000000023ee       0xcf ./riscv_hal/riscv_hal_stubs.o
 .debug_macro   0x00000000000024bd       0xbe ./riscv_hal/riscv_hal_stubs.o
 .debug_macro   0x000000000000257b       0xe1 ./drivers/CoreUARTapb/core_uart_apb.o
 .debug_macro   0x000000000000265c      0x106 ./drivers/CoreUARTapb/core_uart_apb.o
 .debug_macro   0x0000000000002762       0x16 ./drivers/CoreUARTapb/core_uart_apb.o
 .debug_macro   0x0000000000002778       0xcf ./drivers/CoreGPIO/core_gpio.o
 .debug_macro   0x0000000000002847      0x11c ./drivers/CoreGPIO/core_gpio.o
 .debug_macro   0x0000000000002963       0x64 ./drivers/CoreGPIO/core_gpio.o
 .debug_macro   0x00000000000029c7      0x1f8 ./FreeRTOS/portable/MemMang/heap_2.o
 .debug_macro   0x0000000000002bbf       0xfa ./FreeRTOS/portable/MemMang/heap_2.o
 .debug_macro   0x0000000000002cb9      0x15d ./FreeRTOS/portable/MemMang/heap_2.o
 .debug_macro   0x0000000000002e16       0xa6 ./FreeRTOS/portable/MemMang/heap_2.o
 .debug_macro   0x0000000000002ebc       0x10 ./FreeRTOS/portable/MemMang/heap_2.o
 .debug_macro   0x0000000000002ecc       0x1f ./FreeRTOS/portable/MemMang/heap_2.o
 .debug_macro   0x0000000000002eeb      0x3ca ./FreeRTOS/portable/MemMang/heap_2.o
 .debug_macro   0x00000000000032b5       0xc0 ./FreeRTOS/portable/MemMang/heap_2.o
 .debug_macro   0x0000000000003375       0x9a ./FreeRTOS/portable/MemMang/heap_2.o
 .debug_macro   0x000000000000340f      0x1da ./FreeRTOS/portable/GCC/RISCV/port.o
 .debug_macro   0x00000000000035e9      0x174 ./FreeRTOS/portable/GCC/RISCV/port.o
 .debug_macro   0x000000000000375d       0x10 ./FreeRTOS/portable/GCC/RISCV/port.o
 .debug_macro   0x000000000000376d      0x1ca ./FreeRTOS/list.o
 .debug_macro   0x0000000000003937      0x12d ./FreeRTOS/string.o
 .debug_macro   0x0000000000003a64      0x111 ./FreeRTOS/string.o
 .debug_macro   0x0000000000003b75      0x268 ./FreeRTOS/tasks.o
 .debug_macro   0x0000000000003ddd       0x11 ./FreeRTOS/tasks.o
 .debug_macro   0x0000000000003dee       0xf2 ./Creative/BasicIO.o
 .debug_macro   0x0000000000003ee0      0x122 ./Creative/BasicIO.o
 .debug_macro   0x0000000000004002       0x46 ./Creative/BasicIO.o
 .debug_macro   0x0000000000004048      0x1f9 ./main.o
 .debug_macro   0x0000000000004241       0x52 ./main.o

.debug_frame    0x0000000000000000     0x1854
 .debug_frame   0x0000000000000000       0x94 ./riscv_hal/init.o
 .debug_frame   0x0000000000000094      0x164 ./riscv_hal/riscv_hal.o
 .debug_frame   0x00000000000001f8      0x44c ./riscv_hal/riscv_hal_stubs.o
 .debug_frame   0x0000000000000644       0xf0 ./drivers/CoreUARTapb/core_uart_apb.o
 .debug_frame   0x0000000000000734      0x1e4 ./drivers/CoreGPIO/core_gpio.o
 .debug_frame   0x0000000000000918       0xbc ./FreeRTOS/portable/MemMang/heap_2.o
 .debug_frame   0x00000000000009d4      0x1bc ./FreeRTOS/portable/GCC/RISCV/port.o
 .debug_frame   0x0000000000000b90       0xb0 ./FreeRTOS/list.o
 .debug_frame   0x0000000000000c40       0xd0 ./FreeRTOS/string.o
 .debug_frame   0x0000000000000d10      0x7b8 ./FreeRTOS/tasks.o
 .debug_frame   0x00000000000014c8      0x22c ./Creative/BasicIO.o
 .debug_frame   0x00000000000016f4      0x160 ./main.o
