Archive member included to satisfy reference by file (symbol)

c:/microsemi/softconsole_v6.2/riscv-unknown-elf-gcc/bin/../lib/gcc/riscv64-unknown-elf/8.2.0/../../../../riscv64-unknown-elf/lib/rv32im/ilp32\libg_nano.a(lib_a-sysisatty.o)
                              ./riscv_hal/syscall.o (isatty)
c:/microsemi/softconsole_v6.2/riscv-unknown-elf-gcc/bin/../lib/gcc/riscv64-unknown-elf/8.2.0/../../../../riscv64-unknown-elf/lib/rv32im/ilp32\libg_nano.a(lib_a-syswrite.o)
                              ./riscv_hal/syscall.o (write)
c:/microsemi/softconsole_v6.2/riscv-unknown-elf-gcc/bin/../lib/gcc/riscv64-unknown-elf/8.2.0/../../../../riscv64-unknown-elf/lib/rv32im/ilp32\libg_nano.a(lib_a-writer.o)
                              c:/microsemi/softconsole_v6.2/riscv-unknown-elf-gcc/bin/../lib/gcc/riscv64-unknown-elf/8.2.0/../../../../riscv64-unknown-elf/lib/rv32im/ilp32\libg_nano.a(lib_a-syswrite.o) (_write_r)
c:/microsemi/softconsole_v6.2/riscv-unknown-elf-gcc/bin/../lib/gcc/riscv64-unknown-elf/8.2.0/../../../../riscv64-unknown-elf/lib/rv32im/ilp32\libg_nano.a(lib_a-impure.o)
                              c:/microsemi/softconsole_v6.2/riscv-unknown-elf-gcc/bin/../lib/gcc/riscv64-unknown-elf/8.2.0/../../../../riscv64-unknown-elf/lib/rv32im/ilp32\libg_nano.a(lib_a-syswrite.o) (_impure_ptr)

Allocating common symbols
Common symbol       size              file

errno               0x4               ./riscv_hal/syscall.o
g_timer_0           0x4               ./main.o
xQueueRegistry      0x40              ./FreeRTOS/queue.o

Discarded input sections

 .text          0x0000000000000000        0x0 ./riscv_hal/entry.o
 .data          0x0000000000000000        0x0 ./riscv_hal/entry.o
 .bss           0x0000000000000000        0x0 ./riscv_hal/entry.o
 .group         0x0000000000000000        0xc ./riscv_hal/init.o
 .group         0x0000000000000000        0xc ./riscv_hal/init.o
 .group         0x0000000000000000        0xc ./riscv_hal/init.o
 .group         0x0000000000000000        0xc ./riscv_hal/init.o
 .group         0x0000000000000000        0xc ./riscv_hal/init.o
 .group         0x0000000000000000        0xc ./riscv_hal/init.o
 .group         0x0000000000000000        0xc ./riscv_hal/init.o
 .group         0x0000000000000000        0xc ./riscv_hal/init.o
 .group         0x0000000000000000        0xc ./riscv_hal/init.o
 .group         0x0000000000000000        0xc ./riscv_hal/init.o
 .group         0x0000000000000000        0xc ./riscv_hal/init.o
 .group         0x0000000000000000        0xc ./riscv_hal/init.o
 .group         0x0000000000000000        0xc ./riscv_hal/init.o
 .group         0x0000000000000000        0xc ./riscv_hal/init.o
 .group         0x0000000000000000        0xc ./riscv_hal/init.o
 .group         0x0000000000000000        0xc ./riscv_hal/init.o
 .group         0x0000000000000000        0xc ./riscv_hal/init.o
 .group         0x0000000000000000        0xc ./riscv_hal/init.o
 .group         0x0000000000000000        0xc ./riscv_hal/init.o
 .group         0x0000000000000000        0xc ./riscv_hal/init.o
 .group         0x0000000000000000        0xc ./riscv_hal/init.o
 .group         0x0000000000000000        0xc ./riscv_hal/init.o
 .group         0x0000000000000000        0xc ./riscv_hal/init.o
 .group         0x0000000000000000        0xc ./riscv_hal/init.o
 .group         0x0000000000000000        0xc ./riscv_hal/init.o
 .group         0x0000000000000000        0xc ./riscv_hal/init.o
 .group         0x0000000000000000        0xc ./riscv_hal/init.o
 .group         0x0000000000000000        0xc ./riscv_hal/init.o
 .group         0x0000000000000000        0xc ./riscv_hal/init.o
 .group         0x0000000000000000        0xc ./riscv_hal/init.o
 .group         0x0000000000000000        0xc ./riscv_hal/init.o
 .group         0x0000000000000000        0xc ./riscv_hal/init.o
 .group         0x0000000000000000        0xc ./riscv_hal/init.o
 .group         0x0000000000000000        0xc ./riscv_hal/init.o
 .group         0x0000000000000000        0xc ./riscv_hal/init.o
 .text          0x0000000000000000        0x0 ./riscv_hal/init.o
 .data          0x0000000000000000        0x0 ./riscv_hal/init.o
 .bss           0x0000000000000000        0x0 ./riscv_hal/init.o
 .group         0x0000000000000000        0xc ./riscv_hal/riscv_hal.o
 .group         0x0000000000000000        0xc ./riscv_hal/riscv_hal.o
 .group         0x0000000000000000        0xc ./riscv_hal/riscv_hal.o
 .group         0x0000000000000000        0xc ./riscv_hal/riscv_hal.o
 .group         0x0000000000000000        0xc ./riscv_hal/riscv_hal.o
 .group         0x0000000000000000        0xc ./riscv_hal/riscv_hal.o
 .group         0x0000000000000000        0xc ./riscv_hal/riscv_hal.o
 .group         0x0000000000000000        0xc ./riscv_hal/riscv_hal.o
 .group         0x0000000000000000        0xc ./riscv_hal/riscv_hal.o
 .group         0x0000000000000000        0xc ./riscv_hal/riscv_hal.o
 .group         0x0000000000000000        0xc ./riscv_hal/riscv_hal.o
[...]
Memory Configuration

Name             Origin             Length             Attributes
envm             0x0000000060000000 0x000000000003c000 xr
ram              0x0000000080000000 0x0000000000100000 xrw
*default*        0x0000000000000000 0xffffffffffffffff

Linker script and memory map

LOAD ./riscv_hal/entry.o
LOAD ./riscv_hal/init.o
LOAD ./riscv_hal/riscv_hal.o
LOAD ./riscv_hal/riscv_hal_stubs.o
LOAD ./riscv_hal/syscall.o
LOAD ./hal/hal_irq.o
LOAD ./hal/hw_reg_access.o
LOAD ./drivers/CoreUARTapb/core_uart_apb.o
LOAD ./drivers/CoreTimer/core_timer.o
LOAD ./drivers/CoreI2C/core_i2c.o
LOAD ./drivers/CoreI2C/i2c_interrupt.o
LOAD ./drivers/CoreGPIO/core_gpio.o
LOAD ./FreeRTOS/portable/MemMang/heap_2.o
LOAD ./FreeRTOS/portable/GCC/RISCV/port.o
LOAD ./FreeRTOS/portable/GCC/RISCV/portasm.o
LOAD ./FreeRTOS/croutine.o
LOAD ./FreeRTOS/event_groups.o
LOAD ./FreeRTOS/list.o
LOAD ./FreeRTOS/queue.o
LOAD ./FreeRTOS/string.o
LOAD ./FreeRTOS/tasks.o
LOAD ./FreeRTOS/timers.o
LOAD ./Creative/BasicIO.o
LOAD ./.metadata/.plugins/org.eclipse.cdt.make.core/specs.o
LOAD ./main.o
LOAD c:/microsemi/softconsole_v6.2/riscv-unknown-elf-gcc/bin/../lib/gcc/riscv64-unknown-elf/8.2.0/rv32im/ilp32\libgcc.a
LOAD c:/microsemi/softconsole_v6.2/riscv-unknown-elf-gcc/bin/../lib/gcc/riscv64-unknown-elf/8.2.0/../../../../riscv64-unknown-elf/lib/rv32im/ilp32\libg_nano.a
LOAD c:/microsemi/softconsole_v6.2/riscv-unknown-elf-gcc/bin/../lib/gcc/riscv64-unknown-elf/8.2.0/../../../../riscv64-unknown-elf/lib/rv32im/ilp32\libc_nano.a
LOAD c:/microsemi/softconsole_v6.2/riscv-unknown-elf-gcc/bin/../lib/gcc/riscv64-unknown-elf/8.2.0/rv32im/ilp32\libgcc.a
START GROUP
LOAD c:/microsemi/softconsole_v6.2/riscv-unknown-elf-gcc/bin/../lib/gcc/riscv64-unknown-elf/8.2.0/rv32im/ilp32\libgcc.a
LOAD c:/microsemi/softconsole_v6.2/riscv-unknown-elf-gcc/bin/../lib/gcc/riscv64-unknown-elf/8.2.0/../../../../riscv64-unknown-elf/lib/rv32im/ilp32\libc_nano.a
END GROUP
                0x0000000080000000                RAM_START_ADDRESS = 0x80000000
                0x0000000000100000                RAM_SIZE = 0x100000
                0x0000000000001000                STACK_SIZE = 0x1000
                0x0000000000001000                HEAP_SIZE = 0x1000

.text           0x0000000060000000     0x3ef0
 *(SORT_NONE(.text.entry))
 .text.entry    0x0000000060000000      0x160 ./riscv_hal/entry.o
                0x0000000060000000                _start
                0x0000000060000160                . = ALIGN (0x10)
 *(.text .text.* .gnu.linkonce.t.*)
 .text.copy_section
                0x0000000060000160       0x60 ./riscv_hal/init.o
 .text.zero_section
                0x00000000600001c0       0x50 ./riscv_hal/init.o
 .text._init    0x0000000060000210       0x98 ./riscv_hal/init.o
                0x0000000060000210                _init
 .text._fini    0x00000000600002a8       0x1c ./riscv_hal/init.o
                0x00000000600002a8                _fini
 .text.PLIC_DisableIRQ
                0x00000000600002c4       0xb8 ./riscv_hal/riscv_hal.o
 .text.PLIC_ClaimIRQ
                0x000000006000037c       0x44 ./riscv_hal/riscv_hal.o
 .text.PLIC_CompleteIRQ
                0x00000000600003c0       0x4c ./riscv_hal/riscv_hal.o
 .text.__disable_irq
                0x000000006000040c       0x30 ./riscv_hal/riscv_hal.o
                0x000000006000040c                __disable_irq
 .text.__enable_irq
                0x000000006000043c       0x24 ./riscv_hal/riscv_hal.o
                0x000000006000043c                __enable_irq
 .text.handle_m_timer_interrupt
                0x0000000060000460       0xa8 ./riscv_hal/riscv_hal.o
 .text.handle_m_ext_interrupt
                0x0000000060000508       0x70 ./riscv_hal/riscv_hal.o
 .text.handle_m_soft_interrupt
                0x0000000060000578       0x30 ./riscv_hal/riscv_hal.o
 .text.handle_trap
                0x00000000600005a8       0xfc ./riscv_hal/riscv_hal.o
                0x00000000600005a8                handle_trap
 .text.Invalid_IRQHandler
                0x00000000600006a4       0x20 ./riscv_hal/riscv_hal_stubs.o
                0x00000000600006a4                Invalid_IRQHandler
 .text.External_1_IRQHandler
                0x00000000600006c4       0x20 ./riscv_hal/riscv_hal_stubs.o
                0x00000000600006c4                External_1_IRQHandler
 .text.External_2_IRQHandler
                0x00000000600006e4       0x20 ./riscv_hal/riscv_hal_stubs.o
                0x00000000600006e4                External_2_IRQHandler
 .text.External_3_IRQHandler
                0x0000000060000704       0x20 ./riscv_hal/riscv_hal_stubs.o
                0x0000000060000704                External_3_IRQHandler
 .text.External_4_IRQHandler
                0x0000000060000724       0x20 ./riscv_hal/riscv_hal_stubs.o
                0x0000000060000724                External_4_IRQHandler
 .text.External_5_IRQHandler
                0x0000000060000744       0x20 ./riscv_hal/riscv_hal_stubs.o
                0x0000000060000744                External_5_IRQHandler
 .text.External_6_IRQHandler
                0x0000000060000764       0x20 ./riscv_hal/riscv_hal_stubs.o
                0x0000000060000764                External_6_IRQHandler
 .text.External_7_IRQHandler
                0x0000000060000784       0x20 ./riscv_hal/riscv_hal_stubs.o
                0x0000000060000784                External_7_IRQHandler
 .text.External_8_IRQHandler
                0x00000000600007a4       0x20 ./riscv_hal/riscv_hal_stubs.o
                0x00000000600007a4                External_8_IRQHandler
 .text.External_9_IRQHandler
                0x00000000600007c4       0x20 ./riscv_hal/riscv_hal_stubs.o
                0x00000000600007c4                External_9_IRQHandler
 .text.External_10_IRQHandler
                0x00000000600007e4       0x20 ./riscv_hal/riscv_hal_stubs.o
                0x00000000600007e4                External_10_IRQHandler
 .text.External_11_IRQHandler
                0x0000000060000804       0x20 ./riscv_hal/riscv_hal_stubs.o
                0x0000000060000804                External_11_IRQHandler
 .text.External_12_IRQHandler
                0x0000000060000824       0x20 ./riscv_hal/riscv_hal_stubs.o
                0x0000000060000824                External_12_IRQHandler
 .text.External_13_IRQHandler
                0x0000000060000844       0x20 ./riscv_hal/riscv_hal_stubs.o
                0x0000000060000844                External_13_IRQHandler
 .text.External_14_IRQHandler
                0x0000000060000864       0x20 ./riscv_hal/riscv_hal_stubs.o
                0x0000000060000864                External_14_IRQHandler
 .text.External_15_IRQHandler
                0x0000000060000884       0x20 ./riscv_hal/riscv_hal_stubs.o
                0x0000000060000884                External_15_IRQHandler
 .text.External_16_IRQHandler
                0x00000000600008a4       0x20 ./riscv_hal/riscv_hal_stubs.o
                0x00000000600008a4                External_16_IRQHandler
 .text.External_17_IRQHandler
                0x00000000600008c4       0x20 ./riscv_hal/riscv_hal_stubs.o
                0x00000000600008c4                External_17_IRQHandler
 .text.External_18_IRQHandler
                0x00000000600008e4       0x20 ./riscv_hal/riscv_hal_stubs.o
                0x00000000600008e4                External_18_IRQHandler
 .text.External_19_IRQHandler
                0x0000000060000904       0x20 ./riscv_hal/riscv_hal_stubs.o
                0x0000000060000904                External_19_IRQHandler
 .text.External_20_IRQHandler
                0x0000000060000924       0x20 ./riscv_hal/riscv_hal_stubs.o
                0x0000000060000924                External_20_IRQHandler
 .text.External_21_IRQHandler
                0x0000000060000944       0x20 ./riscv_hal/riscv_hal_stubs.o
                0x0000000060000944                External_21_IRQHandler
 .text.External_22_IRQHandler
                0x0000000060000964       0x20 ./riscv_hal/riscv_hal_stubs.o
                0x0000000060000964                External_22_IRQHandler
 .text.External_23_IRQHandler
                0x0000000060000984       0x20 ./riscv_hal/riscv_hal_stubs.o
                0x0000000060000984                External_23_IRQHandler
 .text.External_24_IRQHandler
                0x00000000600009a4       0x20 ./riscv_hal/riscv_hal_stubs.o
                0x00000000600009a4                External_24_IRQHandler
 .text.External_25_IRQHandler
                0x00000000600009c4       0x20 ./riscv_hal/riscv_hal_stubs.o
                0x00000000600009c4                External_25_IRQHandler
 .text.External_26_IRQHandler
                0x00000000600009e4       0x20 ./riscv_hal/riscv_hal_stubs.o
                0x00000000600009e4                External_26_IRQHandler
 .text.External_27_IRQHandler
                0x0000000060000a04       0x20 ./riscv_hal/riscv_hal_stubs.o
                0x0000000060000a04                External_27_IRQHandler
 .text.External_28_IRQHandler
                0x0000000060000a24       0x20 ./riscv_hal/riscv_hal_stubs.o
                0x0000000060000a24                External_28_IRQHandler
 .text.HAL_disable_interrupts
                0x0000000060000a44       0x3c ./hal/hal_irq.o
                0x0000000060000a44                HAL_disable_interrupts
 .text.HAL_restore_interrupts
                0x0000000060000a80       0x28 ./hal/hal_irq.o
                0x0000000060000a80                HAL_restore_interrupts
 .text          0x0000000060000aa8       0xd8 ./hal/hw_reg_access.o
                0x0000000060000aa8                HW_set_32bit_reg
                0x0000000060000ab0                HW_get_32bit_reg
                0x0000000060000ab8                HW_set_32bit_reg_field
                0x0000000060000ae0                HW_get_32bit_reg_field
                0x0000000060000af0                HW_set_16bit_reg
                0x0000000060000af8                HW_get_16bit_reg
                0x0000000060000b00                HW_set_16bit_reg_field
                0x0000000060000b28                HW_get_16bit_reg_field
                0x0000000060000b38                HW_set_8bit_reg
                0x0000000060000b40                HW_get_8bit_reg
                0x0000000060000b48                HW_set_8bit_reg_field
                0x0000000060000b70                HW_get_8bit_reg_field
 .text.UART_init
                0x0000000060000b80      0x118 ./drivers/CoreUARTapb/core_uart_apb.o
                0x0000000060000b80                UART_init
 .text.UART_send
                0x0000000060000c98       0xb4 ./drivers/CoreUARTapb/core_uart_apb.o
                0x0000000060000c98                UART_send
 .text.UART_polled_tx_string
                0x0000000060000d4c       0xb0 ./drivers/CoreUARTapb/core_uart_apb.o
                0x0000000060000d4c                UART_polled_tx_string
 .text.I2C_init
                0x0000000060000dfc      0x168 ./drivers/CoreI2C/core_i2c.o
                0x0000000060000dfc                I2C_init
 .text.I2C_write
                0x0000000060000f64      0x160 ./drivers/CoreI2C/core_i2c.o
                0x0000000060000f64                I2C_write
 .text.I2C_read
                0x00000000600010c4      0x164 ./drivers/CoreI2C/core_i2c.o
                0x00000000600010c4                I2C_read
 .text.enable_slave_if_required
                0x0000000060001228       0x50 ./drivers/CoreI2C/core_i2c.o
 .text.I2C_isr  0x0000000060001278      0xa00 ./drivers/CoreI2C/core_i2c.o
                0x0000000060001278                I2C_isr
 .text.I2C_enable_irq
                0x0000000060001c78       0x20 ./drivers/CoreI2C/i2c_interrupt.o
                0x0000000060001c78                I2C_enable_irq
 .text.I2C_disable_irq
                0x0000000060001c98       0x20 ./drivers/CoreI2C/i2c_interrupt.o
                0x0000000060001c98                I2C_disable_irq
 .text.GPIO_init
                0x0000000060001cb8      0x170 ./drivers/CoreGPIO/core_gpio.o
                0x0000000060001cb8                GPIO_init
 .text.GPIO_set_output
                0x0000000060001e28      0x238 ./drivers/CoreGPIO/core_gpio.o
                0x0000000060001e28                GPIO_set_output
 .text.GPIO_enable_irq
                0x0000000060002060       0x80 ./drivers/CoreGPIO/core_gpio.o
                0x0000000060002060                GPIO_enable_irq
 .text.pvPortMalloc
                0x00000000600020e0      0x1dc ./FreeRTOS/portable/MemMang/heap_2.o
                0x00000000600020e0                pvPortMalloc
 .text.vPortFree
                0x00000000600022bc       0xcc ./FreeRTOS/portable/MemMang/heap_2.o
                0x00000000600022bc                vPortFree
 .text.prvHeapInit
                0x0000000060002388       0x74 ./FreeRTOS/portable/MemMang/heap_2.o
 .text.raise_soft_interrupt
                0x00000000600023fc       0x4c ./FreeRTOS/portable/GCC/RISCV/port.o
 .text.vPortEnterCritical
                0x0000000060002448       0x34 ./FreeRTOS/portable/GCC/RISCV/port.o
                0x0000000060002448                vPortEnterCritical
 .text.vPortExitCritical
                0x000000006000247c       0x40 ./FreeRTOS/portable/GCC/RISCV/port.o
                0x000000006000247c                vPortExitCritical
 .text.prvSetNextTimerInterrupt
                0x00000000600024bc       0xcc ./FreeRTOS/portable/GCC/RISCV/port.o
 .text.vPortSetupTimer
                0x0000000060002588       0xcc ./FreeRTOS/portable/GCC/RISCV/port.o
                0x0000000060002588                vPortSetupTimer
 .text.prvTaskExitError
                0x0000000060002654       0x2c ./FreeRTOS/portable/GCC/RISCV/port.o
 .text.pxPortInitialiseStack
                0x0000000060002680       0x94 ./FreeRTOS/portable/GCC/RISCV/port.o
                0x0000000060002680                pxPortInitialiseStack
 .text.SysTick_Handler
                0x0000000060002714       0xcc ./FreeRTOS/portable/GCC/RISCV/port.o
                0x0000000060002714                SysTick_Handler
 .text.xPortStartScheduler
                0x00000000600027e0       0x44 ./FreeRTOS/portable/GCC/RISCV/port.o
                0x00000000600027e0                xPortStartScheduler
 .text.Software_IRQHandler
                0x0000000060002824       0xec ./FreeRTOS/portable/GCC/RISCV/port.o
                0x0000000060002824                Software_IRQHandler
 .text.vPortYield
                0x0000000060002910       0x28 ./FreeRTOS/portable/GCC/RISCV/port.o
                0x0000000060002910                vPortYield
 .text.vListInitialise
                0x0000000060002938       0x64 ./FreeRTOS/list.o
                0x0000000060002938                vListInitialise
 .text.vListInitialiseItem
                0x000000006000299c       0x28 ./FreeRTOS/list.o
                0x000000006000299c                vListInitialiseItem
 .text.vListInsertEnd
                0x00000000600029c4       0x88 ./FreeRTOS/list.o
                0x00000000600029c4                vListInsertEnd
 .text.uxListRemove
                0x0000000060002a4c       0x98 ./FreeRTOS/list.o
                0x0000000060002a4c                uxListRemove
 .text.memset   0x0000000060002ae4       0xe8 ./FreeRTOS/string.o
                0x0000000060002ae4                memset
 .text.xTaskGenericCreate
                0x0000000060002bcc      0x21c ./FreeRTOS/tasks.o
                0x0000000060002bcc                xTaskGenericCreate
 .text.vTaskStartScheduler
                0x0000000060002de8       0x90 ./FreeRTOS/tasks.o
                0x0000000060002de8                vTaskStartScheduler
 .text.vTaskSuspendAll
                0x0000000060002e78       0x28 ./FreeRTOS/tasks.o
                0x0000000060002e78                vTaskSuspendAll
 .text.xTaskResumeAll
                0x0000000060002ea0      0x160 ./FreeRTOS/tasks.o
                0x0000000060002ea0                xTaskResumeAll
 .text.xTaskIncrementTick
                0x0000000060003000      0x1ec ./FreeRTOS/tasks.o
                0x0000000060003000                xTaskIncrementTick
 .text.vTaskSwitchContext
                0x00000000600031ec       0xec ./FreeRTOS/tasks.o
                0x00000000600031ec                vTaskSwitchContext
 .text.prvIdleTask
                0x00000000600032d8       0x34 ./FreeRTOS/tasks.o
 .text.prvInitialiseTCBVariables
                0x000000006000330c      0x138 ./FreeRTOS/tasks.o
 .text.prvInitialiseTaskLists
                0x0000000060003444       0xc0 ./FreeRTOS/tasks.o
 .text.prvCheckTasksWaitingTermination
                0x0000000060003504       0xa0 ./FreeRTOS/tasks.o
 .text.prvAllocateTCBAndStack
                0x00000000600035a4       0xc0 ./FreeRTOS/tasks.o
 .text.prvDeleteTCB
                0x0000000060003664       0x40 ./FreeRTOS/tasks.o
 .text.prvResetNextTaskUnblockTime
                0x00000000600036a4       0x60 ./FreeRTOS/tasks.o
 .text.BasicIO_Init
                0x0000000060003704       0xc4 ./Creative/BasicIO.o
                0x0000000060003704                BasicIO_Init
 .text.UART_Tx_Msg
                0x00000000600037c8       0x5c ./Creative/BasicIO.o
                0x00000000600037c8                UART_Tx_Msg
 .text.PLIC_init
                0x0000000060003824       0xd0 ./main.o
 .text.External_31_IRQHandler
                0x00000000600038f4       0x1c ./main.o
                0x00000000600038f4                External_31_IRQHandler
 .text.External_30_IRQHandler
                0x0000000060003910       0x1c ./main.o
                0x0000000060003910                External_30_IRQHandler
 .text.External_29_IRQHandler
                0x000000006000392c       0x1c ./main.o
                0x000000006000392c                External_29_IRQHandler
 .text.main     0x0000000060003948       0xb8 ./main.o
                0x0000000060003948                main
 .text.vApplicationMallocFailedHook
                0x0000000060003a00       0x14 ./main.o
                0x0000000060003a00                vApplicationMallocFailedHook
 .text.vApplicationIdleHook
                0x0000000060003a14       0x1c ./main.o
                0x0000000060003a14                vApplicationIdleHook
 .text.vI2COV2640Camera
                0x0000000060003a30       0x44 ./main.o
 *(.plt)
                0x0000000060003a80                . = ALIGN (0x10)
 *fill*         0x0000000060003a74        0xc 
 *crtbegin.o(.ctors)
 *(EXCLUDE_FILE(*crtend.o) .ctors)
 *(SORT_BY_NAME(.ctors.*))
 *crtend.o(.ctors)
 *crtbegin.o(.dtors)
 *(EXCLUDE_FILE(*crtend.o) .dtors)
 *(SORT_BY_NAME(.dtors.*))
 *crtend.o(.dtors)
 *(.rodata .rodata.* .gnu.linkonce.r.*)
 .rodata        0x0000000060003a80        0x6 ./riscv_hal/init.o
 *fill*         0x0000000060003a86        0x2 
 .rodata.I2C_isr
                0x0000000060003a88      0x364 ./drivers/CoreI2C/core_i2c.o
 .rodata        0x0000000060003dec        0x5 ./FreeRTOS/tasks.o
 *fill*         0x0000000060003df1        0x3 
 .rodata        0x0000000060003df4       0xf3 ./main.o
 *(.gcc_except_table)
 *(.eh_frame_hdr)
 *(.eh_frame)
 *(.init)
 *(.fini)
                [!provide]                        PROVIDE (__preinit_array_start = .)
 *(.preinit_array)
                [!provide]                        PROVIDE (__preinit_array_end = .)
                [!provide]                        PROVIDE (__init_array_start = .)
 *(SORT_BY_NAME(.init_array.*))
 *(.init_array)
                [!provide]                        PROVIDE (__init_array_end = .)
                [!provide]                        PROVIDE (__fini_array_start = .)
 *(.fini_array)
 *(SORT_BY_NAME(.fini_array.*))
                [!provide]                        PROVIDE (__fini_array_end = .)
                0x0000000060003ef0                . = ALIGN (0x10)
 *fill*         0x0000000060003ee7        0x9 

.rela.dyn       0x0000000060003ef0        0x0
 .rela.text.entry
                0x0000000060003ef0        0x0 ./riscv_hal/entry.o
 .rela.text._init
                0x0000000060003ef0        0x0 ./riscv_hal/entry.o
 .rela.data.ext_irq_handler_table
                0x0000000060003ef0        0x0 ./riscv_hal/entry.o

.sdata          0x0000000080000000       0x10 load address 0x0000000060003ef0
                0x0000000060003ef0                __sdata_load = LOADADDR (.sdata)
                0x0000000080000000                __sdata_start = .
                0x0000000080000800                PROVIDE (__global_pointer$ = (. + 0x800))
 *(.srodata.cst16)
 *(.srodata.cst8)
 *(.srodata.cst4)
 *(.srodata.cst2)
 *(.srodata*)
 *(.sdata .sdata.* .gnu.linkonce.s.*)
 .sdata.xFreeBytesRemaining
                0x0000000080000000        0x4 ./FreeRTOS/portable/MemMang/heap_2.o
 .sdata.uxCriticalNesting
                0x0000000080000004        0x4 ./FreeRTOS/portable/GCC/RISCV/port.o
 .sdata.mtime   0x0000000080000008        0x4 ./FreeRTOS/portable/GCC/RISCV/port.o
 .sdata.mtimecmp
                0x000000008000000c        0x4 ./FreeRTOS/portable/GCC/RISCV/port.o
                0x0000000080000010                . = ALIGN (0x10)
                0x0000000080000010                __sdata_end = .

.data           0x0000000080000010       0x80 load address 0x0000000060003f00
                0x0000000060003f00                __data_load = LOADADDR (.data)
                0x0000000080000010                __data_start = .
 *(.got.plt)
 *(.got)
 *(.shdata)
 *(.data .data.* .gnu.linkonce.d.*)
 .data.ext_irq_handler_table
                0x0000000080000010       0x80 ./riscv_hal/riscv_hal.o
                0x0000000080000010                ext_irq_handler_table
                0x0000000080000090                . = ALIGN (0x10)
                0x0000000080000090                __data_end = .

.sbss           0x0000000080000090       0x80 load address 0x0000000060003f80
                0x0000000080000090                __sbss_start = .
 *(.sbss .sbss.* .gnu.linkonce.sb.*)
 .sbss.g_systick_increment
                0x0000000080000090        0x8 ./riscv_hal/riscv_hal.o
 .sbss.xStart   0x0000000080000098        0x8 ./FreeRTOS/portable/MemMang/heap_2.o
 .sbss.xEnd     0x00000000800000a0        0x8 ./FreeRTOS/portable/MemMang/heap_2.o
 .sbss.xHeapHasBeenInitialised.2779
                0x00000000800000a8        0x4 ./FreeRTOS/portable/MemMang/heap_2.o
 .sbss.g_startscheduler
                0x00000000800000ac        0x4 ./FreeRTOS/portable/GCC/RISCV/port.o
                0x00000000800000ac                g_startscheduler
 .sbss.pxCurrentTCB
                0x00000000800000b0        0x4 ./FreeRTOS/tasks.o
                0x00000000800000b0                pxCurrentTCB
 .sbss.pxDelayedTaskList
                0x00000000800000b4        0x4 ./FreeRTOS/tasks.o
 .sbss.pxOverflowDelayedTaskList
                0x00000000800000b8        0x4 ./FreeRTOS/tasks.o
 .sbss.uxTasksDeleted
                0x00000000800000bc        0x4 ./FreeRTOS/tasks.o
 .sbss.uxCurrentNumberOfTasks
                0x00000000800000c0        0x4 ./FreeRTOS/tasks.o
 .sbss.xTickCount
                0x00000000800000c4        0x4 ./FreeRTOS/tasks.o
 .sbss.uxTopReadyPriority
                0x00000000800000c8        0x4 ./FreeRTOS/tasks.o
 .sbss.xSchedulerRunning
                0x00000000800000cc        0x4 ./FreeRTOS/tasks.o
 .sbss.uxPendedTicks
                0x00000000800000d0        0x4 ./FreeRTOS/tasks.o
 .sbss.xYieldPending
                0x00000000800000d4        0x4 ./FreeRTOS/tasks.o
 .sbss.xNumOfOverflows
                0x00000000800000d8        0x4 ./FreeRTOS/tasks.o
 .sbss.uxTaskNumber
                0x00000000800000dc        0x4 ./FreeRTOS/tasks.o
 .sbss.xNextTaskUnblockTime
                0x00000000800000e0        0x4 ./FreeRTOS/tasks.o
 .sbss.uxSchedulerSuspended
                0x00000000800000e4        0x4 ./FreeRTOS/tasks.o
 .sbss.g_gpio_in_PBs
                0x00000000800000e8        0x8 ./Creative/BasicIO.o
 .sbss.g_gpio_out_LEDs
                0x00000000800000f0        0x8 ./Creative/BasicIO.o
 .sbss.g_uart_term
                0x00000000800000f8        0x8 ./Creative/BasicIO.o
 .sbss.g_pin_led
                0x0000000080000100        0x8 ./main.o
 *(.scommon)
                0x0000000080000110                . = ALIGN (0x10)
 *fill*         0x0000000080000108        0x8 
                0x0000000080000110                __sbss_end = .

.bss            0x0000000080000110    0x19140 load address 0x0000000060003f80
                0x0000000080000110                __bss_start = .
 *(.shbss)
 *(.bss .bss.* .gnu.linkonce.b.*)
 .bss.ucHeap    0x0000000080000110    0x19000 ./FreeRTOS/portable/MemMang/heap_2.o
 .bss.pxReadyTasksLists
                0x0000000080019110       0x64 ./FreeRTOS/tasks.o
 .bss.xDelayedTaskList1
                0x0000000080019174       0x14 ./FreeRTOS/tasks.o
 .bss.xDelayedTaskList2
                0x0000000080019188       0x14 ./FreeRTOS/tasks.o
 .bss.xPendingReadyList
                0x000000008001919c       0x14 ./FreeRTOS/tasks.o
 .bss.xTasksWaitingTermination
                0x00000000800191b0       0x14 ./FreeRTOS/tasks.o
 .bss.xSuspendedTaskList
                0x00000000800191c4       0x14 ./FreeRTOS/tasks.o
 .bss.i2c_camera
                0x00000000800191d8       0x6c ./main.o
 *(COMMON)
                0x0000000080019250                . = ALIGN (0x10)
 *fill*         0x0000000080019244        0xc 
                0x0000000080019250                __bss_end = .
                0x0000000080019250                _end = .

.heap           0x0000000080019250     0x1000 load address 0x0000000060003f80
                0x0000000080019250                __heap_start = .
                0x000000008001a250                . = (. + HEAP_SIZE)
 *fill*         0x0000000080019250     0x1000 
                0x000000008001a250                __heap_end = .
                0x000000008001a250                . = ALIGN (0x10)
                0x000000008001a250                _heap_end = __heap_end

.stack          0x000000008001a250     0x1000 load address 0x0000000060003f80
                0x000000008001a250                __stack_bottom = .
                0x000000008001b250                . = (. + STACK_SIZE)
 *fill*         0x000000008001a250     0x1000 
                0x000000008001b250                __stack_top = .
OUTPUT(PF_MiV_OTB_Morse.elf elf32-littleriscv)

.riscv.attributes
                0x0000000000000000       0x1f
 .riscv.attributes
                0x0000000000000000       0x1f ./riscv_hal/entry.o
 .riscv.attributes
                0x000000000000001f       0x1f ./riscv_hal/init.o
 .riscv.attributes
                0x000000000000003e       0x1f ./riscv_hal/riscv_hal.o
 .riscv.attributes
                0x000000000000005d       0x1f ./riscv_hal/riscv_hal_stubs.o
 .riscv.attributes
                0x000000000000007c       0x1f ./hal/hal_irq.o
 .riscv.attributes
                0x000000000000009b       0x1f ./hal/hw_reg_access.o
 .riscv.attributes
                0x00000000000000ba       0x1f ./drivers/CoreUARTapb/core_uart_apb.o
 .riscv.attributes
                0x00000000000000d9       0x1f ./drivers/CoreI2C/core_i2c.o
 .riscv.attributes
                0x00000000000000f8       0x1f ./drivers/CoreI2C/i2c_interrupt.o
 .riscv.attributes
                0x0000000000000117       0x1f ./drivers/CoreGPIO/core_gpio.o
 .riscv.attributes
                0x0000000000000136       0x1f ./FreeRTOS/portable/MemMang/heap_2.o
 .riscv.attributes
                0x0000000000000155       0x1f ./FreeRTOS/portable/GCC/RISCV/port.o
 .riscv.attributes
                0x0000000000000174       0x1f ./FreeRTOS/list.o
 .riscv.attributes
                0x0000000000000193       0x1f ./FreeRTOS/string.o
 .riscv.attributes
                0x00000000000001b2       0x1f ./FreeRTOS/tasks.o
 .riscv.attributes
                0x00000000000001d1       0x1f ./Creative/BasicIO.o
 .riscv.attributes
                0x00000000000001f0       0x1f ./main.o

.comment        0x0000000000000000       0x43
 .comment       0x0000000000000000       0x43 ./riscv_hal/init.o
                                         0x44 (size before relaxing)
 .comment       0x0000000000000043       0x44 ./riscv_hal/riscv_hal.o
 .comment       0x0000000000000043       0x44 ./riscv_hal/riscv_hal_stubs.o
 .comment       0x0000000000000043       0x44 ./hal/hal_irq.o
 .comment       0x0000000000000043       0x44 ./drivers/CoreUARTapb/core_uart_apb.o
 .comment       0x0000000000000043       0x44 ./drivers/CoreI2C/core_i2c.o
 .comment       0x0000000000000043       0x44 ./drivers/CoreI2C/i2c_interrupt.o
 .comment       0x0000000000000043       0x44 ./drivers/CoreGPIO/core_gpio.o
 .comment       0x0000000000000043       0x44 ./FreeRTOS/portable/MemMang/heap_2.o
 .comment       0x0000000000000043       0x44 ./FreeRTOS/portable/GCC/RISCV/port.o
 .comment       0x0000000000000043       0x44 ./FreeRTOS/list.o
 .comment       0x0000000000000043       0x44 ./FreeRTOS/string.o
 .comment       0x0000000000000043       0x44 ./FreeRTOS/tasks.o
 .comment       0x0000000000000043       0x44 ./Creative/BasicIO.o
 .comment       0x0000000000000043       0x44 ./main.o

.debug_line     0x0000000000000000     0x995c
 .debug_line    0x0000000000000000      0x237 ./riscv_hal/entry.o
 .debug_line    0x0000000000000237      0x432 ./riscv_hal/init.o
 .debug_line    0x0000000000000669      0x73f ./riscv_hal/riscv_hal.o
 .debug_line    0x0000000000000da8      0x77b ./riscv_hal/riscv_hal_stubs.o
 .debug_line    0x0000000000001523      0x314 ./hal/hal_irq.o
 .debug_line    0x0000000000001837      0x185 ./hal/hw_reg_access.o
 .debug_line    0x00000000000019bc      0x603 ./drivers/CoreUARTapb/core_uart_apb.o
 .debug_line    0x0000000000001fbf     0x13ea ./drivers/CoreI2C/core_i2c.o
 .debug_line    0x00000000000033a9      0x2c3 ./drivers/CoreI2C/i2c_interrupt.o
 .debug_line    0x000000000000366c      0xab0 ./drivers/CoreGPIO/core_gpio.o
 .debug_line    0x000000000000411c      0x79b ./FreeRTOS/portable/MemMang/heap_2.o
 .debug_line    0x00000000000048b7      0xa67 ./FreeRTOS/portable/GCC/RISCV/port.o
 .debug_line    0x000000000000531e      0x6ce ./FreeRTOS/list.o
 .debug_line    0x00000000000059ec      0x671 ./FreeRTOS/string.o
 .debug_line    0x000000000000605d     0x2a22 ./FreeRTOS/tasks.o
 .debug_line    0x0000000000008a7f      0x5d8 ./Creative/BasicIO.o
 .debug_line    0x0000000000009057      0x905 ./main.o

.debug_info     0x0000000000000000     0xa7de
 .debug_info    0x0000000000000000       0x26 ./riscv_hal/entry.o
 .debug_info    0x0000000000000026      0xb0b ./riscv_hal/init.o
 .debug_info    0x0000000000000b31     0x10c8 ./riscv_hal/riscv_hal.o
 .debug_info    0x0000000000001bf9      0x3ce ./riscv_hal/riscv_hal_stubs.o
 .debug_info    0x0000000000001fc7       0xf7 ./hal/hal_irq.o
 .debug_info    0x00000000000020be       0x26 ./hal/hw_reg_access.o
 .debug_info    0x00000000000020e4      0x34d ./drivers/CoreUARTapb/core_uart_apb.o
 .debug_info    0x0000000000002431     0x15e6 ./drivers/CoreI2C/core_i2c.o
 .debug_info    0x0000000000003a17      0x386 ./drivers/CoreI2C/i2c_interrupt.o
 .debug_info    0x0000000000003d9d      0x642 ./drivers/CoreGPIO/core_gpio.o
 .debug_info    0x00000000000043df      0xbd6 ./FreeRTOS/portable/MemMang/heap_2.o
 .debug_info    0x0000000000004fb5      0xc95 ./FreeRTOS/portable/GCC/RISCV/port.o
 .debug_info    0x0000000000005c4a      0xb83 ./FreeRTOS/list.o
 .debug_info    0x00000000000067cd      0xb73 ./FreeRTOS/string.o
 .debug_info    0x0000000000007340     0x1f88 ./FreeRTOS/tasks.o
 .debug_info    0x00000000000092c8      0x3ca ./Creative/BasicIO.o
 .debug_info    0x0000000000009692     0x114c ./main.o

.debug_abbrev   0x0000000000000000     0x2073
 .debug_abbrev  0x0000000000000000       0x14 ./riscv_hal/entry.o
 .debug_abbrev  0x0000000000000014      0x268 ./riscv_hal/init.o
 .debug_abbrev  0x000000000000027c      0x330 ./riscv_hal/riscv_hal.o
 .debug_abbrev  0x00000000000005ac       0xa8 ./riscv_hal/riscv_hal_stubs.o
 .debug_abbrev  0x0000000000000654       0xcc ./hal/hal_irq.o
 .debug_abbrev  0x0000000000000720       0x14 ./hal/hw_reg_access.o
 .debug_abbrev  0x0000000000000734      0x122 ./drivers/CoreUARTapb/core_uart_apb.o
 .debug_abbrev  0x0000000000000856      0x2ec ./drivers/CoreI2C/core_i2c.o
 .debug_abbrev  0x0000000000000b42      0x113 ./drivers/CoreI2C/i2c_interrupt.o
 .debug_abbrev  0x0000000000000c55      0x17c ./drivers/CoreGPIO/core_gpio.o
 .debug_abbrev  0x0000000000000dd1      0x2c5 ./FreeRTOS/portable/MemMang/heap_2.o
 .debug_abbrev  0x0000000000001096      0x31d ./FreeRTOS/portable/GCC/RISCV/port.o
 .debug_abbrev  0x00000000000013b3      0x22e ./FreeRTOS/list.o
 .debug_abbrev  0x00000000000015e1      0x238 ./FreeRTOS/string.o
 .debug_abbrev  0x0000000000001819      0x39a ./FreeRTOS/tasks.o
 .debug_abbrev  0x0000000000001bb3      0x14d ./Creative/BasicIO.o
 .debug_abbrev  0x0000000000001d00      0x373 ./main.o

.debug_aranges  0x0000000000000000      0x840
 .debug_aranges
                0x0000000000000000       0x20 ./riscv_hal/entry.o
 .debug_aranges
                0x0000000000000020       0x38 ./riscv_hal/init.o
 .debug_aranges
                0x0000000000000058       0x68 ./riscv_hal/riscv_hal.o
 .debug_aranges
                0x00000000000000c0      0x128 ./riscv_hal/riscv_hal_stubs.o
 .debug_aranges
                0x00000000000001e8       0x30 ./hal/hal_irq.o
 .debug_aranges
                0x0000000000000218       0x20 ./hal/hw_reg_access.o
 .debug_aranges
                0x0000000000000238       0x48 ./drivers/CoreUARTapb/core_uart_apb.o
 .debug_aranges
                0x0000000000000280      0x110 ./drivers/CoreI2C/core_i2c.o
 .debug_aranges
                0x0000000000000390       0x28 ./drivers/CoreI2C/i2c_interrupt.o
 .debug_aranges
                0x00000000000003b8       0x78 ./drivers/CoreGPIO/core_gpio.o
 .debug_aranges
                0x0000000000000430       0x40 ./FreeRTOS/portable/MemMang/heap_2.o
 .debug_aranges
                0x0000000000000470       0x80 ./FreeRTOS/portable/GCC/RISCV/port.o
 .debug_aranges
                0x00000000000004f0       0x40 ./FreeRTOS/list.o
 .debug_aranges
                0x0000000000000530       0x48 ./FreeRTOS/string.o
 .debug_aranges
                0x0000000000000578      0x1c8 ./FreeRTOS/tasks.o
 .debug_aranges
                0x0000000000000740       0x90 ./Creative/BasicIO.o
 .debug_aranges
                0x00000000000007d0       0x70 ./main.o

.debug_str      0x0000000000000000    0x12ab2
 .debug_str     0x0000000000000000       0x67 ./riscv_hal/entry.o
 .debug_str     0x0000000000000067     0x8bd2 ./riscv_hal/init.o
                                       0x8e8b (size before relaxing)
 .debug_str     0x0000000000008c39      0x532 ./riscv_hal/riscv_hal.o
                                       0x9339 (size before relaxing)
 .debug_str     0x000000000000916b      0x306 ./riscv_hal/riscv_hal_stubs.o
                                       0x6673 (size before relaxing)
 .debug_str     0x0000000000009471      0x788 ./hal/hal_irq.o
                                       0x4afd (size before relaxing)
 .debug_str     0x0000000000009bf9       0x17 ./hal/hw_reg_access.o
                                         0x69 (size before relaxing)
 .debug_str     0x0000000000009c10      0x82c ./drivers/CoreUARTapb/core_uart_apb.o
                                       0x4354 (size before relaxing)
 .debug_str     0x000000000000a43c     0x1100 ./drivers/CoreI2C/core_i2c.o
                                       0x7b9d (size before relaxing)
 .debug_str     0x000000000000b53c       0x42 ./drivers/CoreI2C/i2c_interrupt.o
                                       0x3eb5 (size before relaxing)
 .debug_str     0x000000000000b57e      0x9ad ./drivers/CoreGPIO/core_gpio.o
                                       0x4567 (size before relaxing)
 .debug_str     0x000000000000bf2b     0x37ce ./FreeRTOS/portable/MemMang/heap_2.o
                                       0xaaf2 (size before relaxing)
 .debug_str     0x000000000000f6f9      0x1ab ./FreeRTOS/portable/GCC/RISCV/port.o
                                       0xa887 (size before relaxing)
 .debug_str     0x000000000000f8a4      0x11e ./FreeRTOS/list.o
                                       0xa0e8 (size before relaxing)
 .debug_str     0x000000000000f9c2      0x85e ./FreeRTOS/string.o
                                       0x6ada (size before relaxing)
 .debug_str     0x0000000000010220     0x186c ./FreeRTOS/tasks.o
                                       0xc16a (size before relaxing)
 .debug_str     0x0000000000011a8c      0x3b9 ./Creative/BasicIO.o
                                       0x3efa (size before relaxing)
 .debug_str     0x0000000000011e45      0xc6d ./main.o
                                       0xc763 (size before relaxing)

.debug_ranges   0x0000000000000000      0x710
 .debug_ranges  0x0000000000000000       0x28 ./riscv_hal/init.o
 .debug_ranges  0x0000000000000028       0x58 ./riscv_hal/riscv_hal.o
 .debug_ranges  0x0000000000000080      0x118 ./riscv_hal/riscv_hal_stubs.o
 .debug_ranges  0x0000000000000198       0x20 ./hal/hal_irq.o
 .debug_ranges  0x00000000000001b8       0x38 ./drivers/CoreUARTapb/core_uart_apb.o
 .debug_ranges  0x00000000000001f0      0x100 ./drivers/CoreI2C/core_i2c.o
 .debug_ranges  0x00000000000002f0       0x18 ./drivers/CoreI2C/i2c_interrupt.o
 .debug_ranges  0x0000000000000308       0x68 ./drivers/CoreGPIO/core_gpio.o
 .debug_ranges  0x0000000000000370       0x30 ./FreeRTOS/portable/MemMang/heap_2.o
 .debug_ranges  0x00000000000003a0       0x70 ./FreeRTOS/portable/GCC/RISCV/port.o
 .debug_ranges  0x0000000000000410       0x30 ./FreeRTOS/list.o
 .debug_ranges  0x0000000000000440       0x38 ./FreeRTOS/string.o
 .debug_ranges  0x0000000000000478      0x1b8 ./FreeRTOS/tasks.o
 .debug_ranges  0x0000000000000630       0x80 ./Creative/BasicIO.o
 .debug_ranges  0x00000000000006b0       0x60 ./main.o

.debug_macro    0x0000000000000000     0x493b
 .debug_macro   0x0000000000000000      0x1d5 ./riscv_hal/init.o
 .debug_macro   0x00000000000001d5      0x748 ./riscv_hal/init.o
 .debug_macro   0x000000000000091d       0x19 ./riscv_hal/init.o
 .debug_macro   0x0000000000000936       0x22 ./riscv_hal/init.o
 .debug_macro   0x0000000000000958       0x52 ./riscv_hal/init.o
 .debug_macro   0x00000000000009aa       0x94 ./riscv_hal/init.o
 .debug_macro   0x0000000000000a3e       0x34 ./riscv_hal/init.o
 .debug_macro   0x0000000000000a72       0x34 ./riscv_hal/init.o
 .debug_macro   0x0000000000000aa6       0x16 ./riscv_hal/init.o
 .debug_macro   0x0000000000000abc      0x10e ./riscv_hal/init.o
 .debug_macro   0x0000000000000bca       0x8d ./riscv_hal/init.o
 .debug_macro   0x0000000000000c57       0x57 ./riscv_hal/init.o
 .debug_macro   0x0000000000000cae       0x58 ./riscv_hal/init.o
 .debug_macro   0x0000000000000d06       0x1f ./riscv_hal/init.o
 .debug_macro   0x0000000000000d25       0x43 ./riscv_hal/init.o
 .debug_macro   0x0000000000000d68       0x20 ./riscv_hal/init.o
 .debug_macro   0x0000000000000d88      0x18e ./riscv_hal/init.o
 .debug_macro   0x0000000000000f16      0x330 ./riscv_hal/init.o
 .debug_macro   0x0000000000001246       0x16 ./riscv_hal/init.o
 .debug_macro   0x000000000000125c       0x29 ./riscv_hal/init.o
 .debug_macro   0x0000000000001285       0xef ./riscv_hal/init.o
 .debug_macro   0x0000000000001374       0x6a ./riscv_hal/init.o
 .debug_macro   0x00000000000013de      0x1df ./riscv_hal/init.o
 .debug_macro   0x00000000000015bd       0x16 ./riscv_hal/init.o
 .debug_macro   0x00000000000015d3       0x10 ./riscv_hal/init.o
 .debug_macro   0x00000000000015e3       0x35 ./riscv_hal/init.o
 .debug_macro   0x0000000000001618       0x1c ./riscv_hal/init.o
 .debug_macro   0x0000000000001634       0x52 ./riscv_hal/init.o
 .debug_macro   0x0000000000001686       0x40 ./riscv_hal/init.o
 .debug_macro   0x00000000000016c6       0x10 ./riscv_hal/init.o
 .debug_macro   0x00000000000016d6       0x40 ./riscv_hal/init.o
 .debug_macro   0x0000000000001716       0xd7 ./riscv_hal/init.o
 .debug_macro   0x00000000000017ed       0x1c ./riscv_hal/init.o
 .debug_macro   0x0000000000001809       0x3d ./riscv_hal/init.o
 .debug_macro   0x0000000000001846      0x51a ./riscv_hal/init.o
 .debug_macro   0x0000000000001d60      0x2dc ./riscv_hal/init.o
 .debug_macro   0x000000000000203c      0x205 ./riscv_hal/riscv_hal.o
 .debug_macro   0x0000000000002241       0x28 ./riscv_hal/riscv_hal.o
 .debug_macro   0x0000000000002269       0x10 ./riscv_hal/riscv_hal.o
 .debug_macro   0x0000000000002279      0x165 ./riscv_hal/riscv_hal_stubs.o
 .debug_macro   0x00000000000023de       0x10 ./riscv_hal/riscv_hal_stubs.o
 .debug_macro   0x00000000000023ee       0xcf ./riscv_hal/riscv_hal_stubs.o
 .debug_macro   0x00000000000024bd       0xbe ./riscv_hal/riscv_hal_stubs.o
 .debug_macro   0x000000000000257b       0xad ./hal/hal_irq.o
 .debug_macro   0x0000000000002628       0x64 ./hal/hal_irq.o
 .debug_macro   0x000000000000268c       0xe1 ./drivers/CoreUARTapb/core_uart_apb.o
 .debug_macro   0x000000000000276d      0x106 ./drivers/CoreUARTapb/core_uart_apb.o
 .debug_macro   0x0000000000002873       0x16 ./drivers/CoreUARTapb/core_uart_apb.o
 .debug_macro   0x0000000000002889      0x269 ./drivers/CoreI2C/core_i2c.o
 .debug_macro   0x0000000000002af2      0x1c1 ./drivers/CoreI2C/core_i2c.o
 .debug_macro   0x0000000000002cb3       0x3c ./drivers/CoreI2C/core_i2c.o
 .debug_macro   0x0000000000002cef      0x174 ./drivers/CoreI2C/core_i2c.o
 .debug_macro   0x0000000000002e63       0x10 ./drivers/CoreI2C/core_i2c.o
 .debug_macro   0x0000000000002e73       0xa4 ./drivers/CoreI2C/i2c_interrupt.o
 .debug_macro   0x0000000000002f17       0x35 ./drivers/CoreI2C/i2c_interrupt.o
 .debug_macro   0x0000000000002f4c       0xcf ./drivers/CoreGPIO/core_gpio.o
 .debug_macro   0x000000000000301b      0x11c ./drivers/CoreGPIO/core_gpio.o
 .debug_macro   0x0000000000003137       0x64 ./drivers/CoreGPIO/core_gpio.o
 .debug_macro   0x000000000000319b      0x1f8 ./FreeRTOS/portable/MemMang/heap_2.o
 .debug_macro   0x0000000000003393       0xfa ./FreeRTOS/portable/MemMang/heap_2.o
 .debug_macro   0x000000000000348d      0x15d ./FreeRTOS/portable/MemMang/heap_2.o
 .debug_macro   0x00000000000035ea       0xa6 ./FreeRTOS/portable/MemMang/heap_2.o
 .debug_macro   0x0000000000003690       0x10 ./FreeRTOS/portable/MemMang/heap_2.o
 .debug_macro   0x00000000000036a0       0x1f ./FreeRTOS/portable/MemMang/heap_2.o
 .debug_macro   0x00000000000036bf      0x3ca ./FreeRTOS/portable/MemMang/heap_2.o
 .debug_macro   0x0000000000003a89       0xc0 ./FreeRTOS/portable/MemMang/heap_2.o
 .debug_macro   0x0000000000003b49       0x9a ./FreeRTOS/portable/MemMang/heap_2.o
 .debug_macro   0x0000000000003be3      0x1da ./FreeRTOS/portable/GCC/RISCV/port.o
 .debug_macro   0x0000000000003dbd      0x1ca ./FreeRTOS/list.o
 .debug_macro   0x0000000000003f87      0x12d ./FreeRTOS/string.o
 .debug_macro   0x00000000000040b4      0x111 ./FreeRTOS/string.o
 .debug_macro   0x00000000000041c5      0x268 ./FreeRTOS/tasks.o
 .debug_macro   0x000000000000442d       0x11 ./FreeRTOS/tasks.o
 .debug_macro   0x000000000000443e       0xf2 ./Creative/BasicIO.o
 .debug_macro   0x0000000000004530      0x122 ./Creative/BasicIO.o
 .debug_macro   0x0000000000004652       0x46 ./Creative/BasicIO.o
 .debug_macro   0x0000000000004698      0x251 ./main.o
 .debug_macro   0x00000000000048e9       0x52 ./main.o

.debug_frame    0x0000000000000000     0x1d94
 .debug_frame   0x0000000000000000       0x94 ./riscv_hal/init.o
 .debug_frame   0x0000000000000094      0x164 ./riscv_hal/riscv_hal.o
 .debug_frame   0x00000000000001f8      0x44c ./riscv_hal/riscv_hal_stubs.o
 .debug_frame   0x0000000000000644       0x78 ./hal/hal_irq.o
 .debug_frame   0x00000000000006bc       0xf0 ./drivers/CoreUARTapb/core_uart_apb.o
 .debug_frame   0x00000000000007ac      0x478 ./drivers/CoreI2C/core_i2c.o
 .debug_frame   0x0000000000000c24       0x50 ./drivers/CoreI2C/i2c_interrupt.o
 .debug_frame   0x0000000000000c74      0x1e4 ./drivers/CoreGPIO/core_gpio.o
 .debug_frame   0x0000000000000e58       0xbc ./FreeRTOS/portable/MemMang/heap_2.o
 .debug_frame   0x0000000000000f14      0x1bc ./FreeRTOS/portable/GCC/RISCV/port.o
 .debug_frame   0x00000000000010d0       0xb0 ./FreeRTOS/list.o
 .debug_frame   0x0000000000001180       0xd0 ./FreeRTOS/string.o
 .debug_frame   0x0000000000001250      0x7b8 ./FreeRTOS/tasks.o
 .debug_frame   0x0000000000001a08      0x22c ./Creative/BasicIO.o
 .debug_frame   0x0000000000001c34      0x160 ./main.o
