----------------------------------------------------------------
-Pin Report - Date: Wed Feb 17 22:19:54 2021 Pinchecksum: NOT-AVAILABLE
-Product: Designer
-Release: v12.3
-Version: 12.800.0.16
-Design Name: sccb_design
-Family: IGLOO2
-Die: M2GL025
-Package: 256 VF
-----------------------------------------------------------------

Port     |Pin |Fixed |Function                 |Bank     |I/O Std   |Direction                      |I/O state in Flash*Freeze mode |Resistor Pull                      |I/O available in Flash*Freeze mode |Schmitt Trigger |Odt_Static    |Odt Imp (Ohm)  |Low Power Exit |Input Delay |Slew         |Pre-Emphasis      |Output Drive (mA) |Output Load (pF) |
---------|----|------|-------------------------|---------|----------|-------------------------------|-------------------------------|-----------------------------------|-----------------------------------|----------------|--------------|---------------|---------------|------------|-------------|------------------|------------------|-----------------|
cam_pwdn  T7   No     MSIO122PB4                Bank4     LVCMOS33   Output                          TRISTATE                        None                                No                                  ---              ---            ---             ---             ---          ---           ---                4                  5                 
cam_rstn  T9   Yes    MSIO130PB4/VCCC_SE0_CLKI  Bank4     LVCMOS33   Output                          TRISTATE                        None                                No                                  ---              ---            ---             ---             ---          ---           ---                4                  5                 
DEVRST_N  M11  Fixed  DEVRST_N                  ---       
sioc      P6   Yes    MSIO121PB4/PROBE_A        Bank4     LVCMOS33   Output                          TRISTATE                        None                                No                                  ---              ---            ---             ---             ---          ---           ---                4                  5                 
siod      P7   Yes    MSIO121NB4/PROBE_B        Bank4     LVCMOS33   Output                          TRISTATE                        None                                No                                  ---              ---            ---             ---             ---          ---           ---                4                  5                 
xclk      M8   Yes    MSIO129NB4                Bank4     LVCMOS33   Output                          TRISTATE                        None                                No                                  ---              ---            ---             ---             ---          ---           ---                4                  5                 
