Resource Report
Microsemi Corporation - Microsemi Libero Software Release v12.3 (Version 12.800.0.16)
Date: Tue Feb  9 18:10:48 2021

Device Selection
+--------------------------------+----------------+
| Family                         | IGLOO2         |
| Device                         | M2GL025        |
| Package                        | 256 VF         |
| Speed Grade                    | STD            |
| Temp                           | 0:25:85        |
| Voltage                        | 1.26:1.20:1.14 |
| Core Voltage                   | 1.2V           |
| Ramp Rate                      | 100ms Minimum  |
| System Controller Suspend Mode | No             |
| PLL Supply Voltage             | 2.5V           |
| Default I/O technology         | LVCMOS 3.3V    |
| Restrict Probe Pins            | Yes            |
| Restrict SPI Pins              | No             |
+--------------------------------+----------------+

Source Files
+---------+------------------------------------------------------------------------------------------------------------------------------------+
| Topcell | sccb_desgin                                                                                                                        |
| Format  | Verilog                                                                                                                            |
| Source  | C:\Users\cheec\Desktop\Master\RISC-V_FreeRTOS_Computer_Vision\SCCB_Testing\sccb_fpga_design\sccb_jderobot\synthesis\sccb_desgin.vm |
+---------+------------------------------------------------------------------------------------------------------------------------------------+

Options
+----------------------------------------------------+-------+
| Enable Single Event Transient mitigation           | false |
| Enable Design Separation Methodology               | false |
| Limit the number of high fanout nets to display to | 10    |
+----------------------------------------------------+-------+

Resource Usage
+---------------------------+------+-------+------------+
| Type                      | Used | Total | Percentage |
+---------------------------+------+-------+------------+
| 4LUT                      | 191  | 27696 | 0.69       |
| DFF                       | 97   | 27696 | 0.35       |
| I/O Register              | 0    | 414   | 0.00       |
| User I/O                  | 6    | 138   | 4.35       |
| -- Single-ended I/O       | 6    | 138   | 4.35       |
| -- Differential I/O Pairs | 0    | 65    | 0.00       |
| RAM64x18                  | 0    | 34    | 0.00       |
| RAM1K18                   | 0    | 31    | 0.00       |
| MACC                      | 0    | 34    | 0.00       |
| Chip Globals              | 2    | 16    | 12.50      |
| CCC                       | 1    | 6     | 16.67      |
| RCOSC_25_50MHZ            | 1    | 1     | 100.00     |
| RCOSC_1MHZ                | 0    | 1     | 0.00       |
| XTLOSC                    | 0    | 1     | 0.00       |
| HPMS                      | 0    | 1     | 0.00       |
+---------------------------+------+-------+------------+

Detailed Logic Resource Usage
+--------------------------+------+-----+
| Type                     | 4LUT | DFF |
+--------------------------+------+-----+
| Fabric Logic             | 191  | 97  |
| RAM64x18 Interface Logic | 0    | 0   |
| RAM1K18 Interface Logic  | 0    | 0   |
| MACC Interface Logic     | 0    | 0   |
| Total Used               | 191  | 97  |
+--------------------------+------+-----+

Detailed Carry Chains Resource Usage
+--------+------+
| Length | Used |
| 2      | 5    |
| 6      | 1    |
| 8      | 1    |
| 26     | 1    |
| Total  | 8    |
+--------+------+

I/O Function
+-------------------------------+--------------+-------------+-----------------+
| Type                          | w/o register | w/ register | w/ DDR register |
+-------------------------------+--------------+-------------+-----------------+
| Input I/O                     | 0            | 0           | 0               |
| Output I/O                    | 6            | 0           | 0               |
| Bidirectional I/O             | 0            | 0           | 0               |
| Differential Input I/O Pairs  | 0            | 0           | 0               |
| Differential Output I/O Pairs | 0            | 0           | 0               |
+-------------------------------+--------------+-------------+-----------------+

I/O Technology
+--------------+--------+------+-------+--------+---------------+
| I/O Standard | Vddi   | Vref | Input | Output | Bidirectional |
+--------------+--------+------+-------+--------+---------------+
| LVCMOS33     |  3.30v |  N/A |  0    |  6     |  0            |
+--------------+--------+------+-------+--------+---------------+

I/O Placement
+----------+-------+------------+
| Type     | Count | Percentage |
+----------+-------+------------+
| Locked   |  0    | 0.00%      |
| Placed   |  0    | 0.00%      |
| UnPlaced |  6    | 100.00%    |
+----------+-------+------------+

Nets assigned to chip global resources
+--------+---------+----------------------------------------------+
| Fanout | Type    | Name                                         |
+--------+---------+----------------------------------------------+
| 97     | INT_NET | Net   : AND2_0_Y_arst                        |
|        |         | Driver: AND2_0_RNIKOS1/U0_RGB1               |
|        |         | Source: NETLIST                              |
| 97     | INT_NET | Net   : FCCC_C0_0_GL0                        |
|        |         | Driver: FCCC_C0_0/FCCC_C0_0/GL0_INST/U0_RGB1 |
|        |         | Source: NETLIST                              |
+--------+---------+----------------------------------------------+

Nets assigned to row global resources
+--------+------+------+
| Fanout | Type | Name |
+--------+------+------+
+--------+------+------+

High fanout nets
+--------+---------+---------------------------------------------------------------------------+
| Fanout | Type    | Name                                                                      |
+--------+---------+---------------------------------------------------------------------------+
| 37     | INT_NET | Net   : top_ov7670_0/controller/i_regs/cnt_reg[4]                         |
|        |         | Driver: top_ov7670_0/controller/i_regs/cnt_reg[4]                         |
| 32     | INT_NET | Net   : top_ov7670_0/controller/i_sccb/pr_sccb_st[2]                      |
|        |         | Driver: top_ov7670_0/controller/i_sccb/pr_sccb_st[2]                      |
| 28     | INT_NET | Net   : top_ov7670_0/controller/i_regs/cnt_reg[0]                         |
|        |         | Driver: top_ov7670_0/controller/i_regs/cnt_reg[0]                         |
| 26     | INT_NET | Net   : top_ov7670_0/controller/i_sccb/pr_sccb_st[4]                      |
|        |         | Driver: top_ov7670_0/controller/i_sccb/pr_sccb_st[4]                      |
| 26     | INT_NET | Net   : top_ov7670_0/controller/i_regs/cnt300ms_lcry                      |
|        |         | Driver: top_ov7670_0/controller/i_regs/cnt300ms_1_sqmuxa_i_i_a2_0_a2_0_a2 |
| 24     | INT_NET | Net   : top_ov7670_0/controller/i_sccb/un1_send_rg15_1_0_0_0_Z            |
|        |         | Driver: top_ov7670_0/controller/i_sccb/un1_send_rg15_1_0_0_0              |
| 23     | INT_NET | Net   : top_ov7670_0/controller/i_regs/cnt_reg[3]                         |
|        |         | Driver: top_ov7670_0/controller/i_regs/cnt_reg[3]                         |
| 17     | INT_NET | Net   : top_ov7670_0/controller/i_regs/cnt_reg[5]                         |
|        |         | Driver: top_ov7670_0/controller/i_regs/cnt_reg[5]                         |
| 14     | INT_NET | Net   : top_ov7670_0/controller/i_regs/cnt_reg[1]                         |
|        |         | Driver: top_ov7670_0/controller/i_regs/cnt_reg[1]                         |
| 10     | INT_NET | Net   : top_ov7670_0/controller/i_sccb/pr_sccb_st[0]                      |
|        |         | Driver: top_ov7670_0/controller/i_sccb/pr_sccb_st[0]                      |
+--------+---------+---------------------------------------------------------------------------+

High fanout nets (through buffer trees)
+--------+---------+---------------------------------------------------------------------------+
| Fanout | Type    | Name                                                                      |
+--------+---------+---------------------------------------------------------------------------+
| 37     | INT_NET | Net   : top_ov7670_0/controller/i_regs/cnt_reg[4]                         |
|        |         | Driver: top_ov7670_0/controller/i_regs/cnt_reg[4]                         |
| 32     | INT_NET | Net   : top_ov7670_0/controller/i_sccb/pr_sccb_st[2]                      |
|        |         | Driver: top_ov7670_0/controller/i_sccb/pr_sccb_st[2]                      |
| 28     | INT_NET | Net   : top_ov7670_0/controller/i_regs/cnt_reg[0]                         |
|        |         | Driver: top_ov7670_0/controller/i_regs/cnt_reg[0]                         |
| 26     | INT_NET | Net   : top_ov7670_0/controller/i_sccb/pr_sccb_st[4]                      |
|        |         | Driver: top_ov7670_0/controller/i_sccb/pr_sccb_st[4]                      |
| 26     | INT_NET | Net   : top_ov7670_0/controller/i_regs/cnt300ms_lcry                      |
|        |         | Driver: top_ov7670_0/controller/i_regs/cnt300ms_1_sqmuxa_i_i_a2_0_a2_0_a2 |
| 24     | INT_NET | Net   : top_ov7670_0/controller/i_sccb/un1_send_rg15_1_0_0_0_Z            |
|        |         | Driver: top_ov7670_0/controller/i_sccb/un1_send_rg15_1_0_0_0              |
| 23     | INT_NET | Net   : top_ov7670_0/controller/i_regs/cnt_reg[3]                         |
|        |         | Driver: top_ov7670_0/controller/i_regs/cnt_reg[3]                         |
| 17     | INT_NET | Net   : top_ov7670_0/controller/i_regs/cnt_reg[5]                         |
|        |         | Driver: top_ov7670_0/controller/i_regs/cnt_reg[5]                         |
| 14     | INT_NET | Net   : top_ov7670_0/controller/i_regs/cnt_reg[1]                         |
|        |         | Driver: top_ov7670_0/controller/i_regs/cnt_reg[1]                         |
| 10     | INT_NET | Net   : top_ov7670_0/controller/i_sccb/pr_sccb_st[0]                      |
|        |         | Driver: top_ov7670_0/controller/i_sccb/pr_sccb_st[0]                      |
+--------+---------+---------------------------------------------------------------------------+

