Resource Usage Report for Top_Level 

Mapping to part: m2gl025vf400std
Cell usage:
BasicIO_Interface  1 use
CCC             1 use
CLKINT          15 uses
MSS_025         1 use
RCOSC_25_50MHZ  1 use
RCOSC_25_50MHZ_FAB  1 use
SYSRESET        1 use
UJTAG           1 use
CFG1           22 uses
CFG2           1423 uses
CFG3           4178 uses
CFG4           4925 uses

Carry cells:
ARI1            967 uses - used for arithmetic functions
ARI1            381 uses - used for Wide-Mux implementation
Total ARI1      1348 uses


Sequential Cells: 
SLE            6023 uses

DSP Blocks:    2 of 34 (5%)
 MACC:         1 MultAdd
 MACC:         1 Mult

I/O ports: 66
I/O primitives: 57
BIBUF          18 uses
BIBUF_DIFF     2 uses
INBUF          4 uses
OUTBUF         32 uses
OUTBUF_DIFF    1 use


Global Clock Buffers: 15

Total LUTs:    11896

Extra resources required for RAM and MACC interface logic during P&R:

RAM64x18 Interface Logic : SLEs = 288; LUTs = 288;
RAM1K18  Interface Logic : SLEs = 288; LUTs = 288;
MACC     Interface Logic : SLEs = 72; LUTs = 72;

Total number of SLEs after P&R:  6023 + 288 + 288 + 72 = 6671;
Total number of LUTs after P&R:  11896 + 288 + 288 + 72 = 12544;

