
Copyright (C) 1994-2019 Synopsys, Inc.
This Synopsys software and all associated documentation are proprietary to Synopsys, Inc.
and may only be used pursuant to the terms and conditions of a written license agreement
with Synopsys, Inc. All other use, reproduction, modification, or distribution of the
Synopsys software or the associated documentation is strictly prohibited.
Tool: Synplify Pro (R)
Build: O-2018.09M-SP1-1
Install: C:\Microsemi\Libero_SoC_v12.3\SynplifyPro
OS: Windows 6.2

Hostname: DESKTOP-95FBL6H

Implementation : synthesis
Synopsys HDL compiler and linker, Version comp2018q4p1, Build 221R, Built Apr 25 2019 09:13:02

Modified Files: 1
FID:  path (prevtimestamp, timestamp)
364      C:\Users\cheec\Desktop\Master\RISC-V_FreeRTOS_Computer_Vision\IO_Testing\IGL2_MiV_FreeRTOS_Demo\component\work\Top_Level\Top_Level.v (2021-02-12 00:13:09, 2021-02-12 00:16:42)

*******************************************************************
Modules that may have changed as a result of file changes: 171
MID:  lib.cell.view
0        COREAHBLITE_LIB.COREAHBLITE_ADDRDEC.verilog may have changed because the following files changed:
                        C:\Users\cheec\Desktop\Master\RISC-V_FreeRTOS_Computer_Vision\IO_Testing\IGL2_MiV_FreeRTOS_Demo\component\work\Top_Level\Top_Level.v (2021-02-12 00:13:09, 2021-02-12 00:16:42) <-- (may instantiate this module)
1        COREAHBLITE_LIB.COREAHBLITE_DEFAULTSLAVESM.verilog may have changed because the following files changed:
                        C:\Users\cheec\Desktop\Master\RISC-V_FreeRTOS_Computer_Vision\IO_Testing\IGL2_MiV_FreeRTOS_Demo\component\work\Top_Level\Top_Level.v (2021-02-12 00:13:09, 2021-02-12 00:16:42) <-- (may instantiate this module)
2        COREAHBLITE_LIB.COREAHBLITE_MASTERSTAGE.verilog may have changed because the following files changed:
                        C:\Users\cheec\Desktop\Master\RISC-V_FreeRTOS_Computer_Vision\IO_Testing\IGL2_MiV_FreeRTOS_Demo\component\work\Top_Level\Top_Level.v (2021-02-12 00:13:09, 2021-02-12 00:16:42) <-- (may instantiate this module)
3        COREAHBLITE_LIB.COREAHBLITE_MATRIX4X16.verilog may have changed because the following files changed:
                        C:\Users\cheec\Desktop\Master\RISC-V_FreeRTOS_Computer_Vision\IO_Testing\IGL2_MiV_FreeRTOS_Demo\component\work\Top_Level\Top_Level.v (2021-02-12 00:13:09, 2021-02-12 00:16:42) <-- (may instantiate this module)
4        COREAHBLITE_LIB.COREAHBLITE_SLAVEARBITER.verilog may have changed because the following files changed:
                        C:\Users\cheec\Desktop\Master\RISC-V_FreeRTOS_Computer_Vision\IO_Testing\IGL2_MiV_FreeRTOS_Demo\component\work\Top_Level\Top_Level.v (2021-02-12 00:13:09, 2021-02-12 00:16:42) <-- (may instantiate this module)
5        COREAHBLITE_LIB.COREAHBLITE_SLAVESTAGE.verilog may have changed because the following files changed:
                        C:\Users\cheec\Desktop\Master\RISC-V_FreeRTOS_Computer_Vision\IO_Testing\IGL2_MiV_FreeRTOS_Demo\component\work\Top_Level\Top_Level.v (2021-02-12 00:13:09, 2021-02-12 00:16:42) <-- (may instantiate this module)
6        COREAHBLITE_LIB.CoreAHBLite.verilog may have changed because the following files changed:
                        C:\Users\cheec\Desktop\Master\RISC-V_FreeRTOS_Computer_Vision\IO_Testing\IGL2_MiV_FreeRTOS_Demo\component\work\Top_Level\Top_Level.v (2021-02-12 00:13:09, 2021-02-12 00:16:42) <-- (may instantiate this module)
7        COREAHBTOAPB3_LIB.COREAHBTOAPB3.verilog may have changed because the following files changed:
                        C:\Users\cheec\Desktop\Master\RISC-V_FreeRTOS_Computer_Vision\IO_Testing\IGL2_MiV_FreeRTOS_Demo\component\work\Top_Level\Top_Level.v (2021-02-12 00:13:09, 2021-02-12 00:16:42) <-- (may instantiate this module)
8        COREAHBTOAPB3_LIB.CoreAHBtoAPB3_AhbToApbSM.verilog may have changed because the following files changed:
                        C:\Users\cheec\Desktop\Master\RISC-V_FreeRTOS_Computer_Vision\IO_Testing\IGL2_MiV_FreeRTOS_Demo\component\work\Top_Level\Top_Level.v (2021-02-12 00:13:09, 2021-02-12 00:16:42) <-- (may instantiate this module)
9        COREAHBTOAPB3_LIB.CoreAHBtoAPB3_ApbAddrData.verilog may have changed because the following files changed:
                        C:\Users\cheec\Desktop\Master\RISC-V_FreeRTOS_Computer_Vision\IO_Testing\IGL2_MiV_FreeRTOS_Demo\component\work\Top_Level\Top_Level.v (2021-02-12 00:13:09, 2021-02-12 00:16:42) <-- (may instantiate this module)
10       COREAHBTOAPB3_LIB.CoreAHBtoAPB3_PenableScheduler.verilog may have changed because the following files changed:
                        C:\Users\cheec\Desktop\Master\RISC-V_FreeRTOS_Computer_Vision\IO_Testing\IGL2_MiV_FreeRTOS_Demo\component\work\Top_Level\Top_Level.v (2021-02-12 00:13:09, 2021-02-12 00:16:42) <-- (may instantiate this module)
11       COREAPB3_LIB.CAPB3II.verilog may have changed because the following files changed:
                        C:\Users\cheec\Desktop\Master\RISC-V_FreeRTOS_Computer_Vision\IO_Testing\IGL2_MiV_FreeRTOS_Demo\component\work\Top_Level\Top_Level.v (2021-02-12 00:13:09, 2021-02-12 00:16:42) <-- (may instantiate this module)
12       COREAPB3_LIB.CAPB3O.verilog may have changed because the following files changed:
                        C:\Users\cheec\Desktop\Master\RISC-V_FreeRTOS_Computer_Vision\IO_Testing\IGL2_MiV_FreeRTOS_Demo\component\work\Top_Level\Top_Level.v (2021-02-12 00:13:09, 2021-02-12 00:16:42) <-- (may instantiate this module)
13       COREAPB3_LIB.CoreAPB3.verilog may have changed because the following files changed:
                        C:\Users\cheec\Desktop\Master\RISC-V_FreeRTOS_Computer_Vision\IO_Testing\IGL2_MiV_FreeRTOS_Demo\component\work\Top_Level\Top_Level.v (2021-02-12 00:13:09, 2021-02-12 00:16:42) <-- (may instantiate this module)
14       COREJTAGDEBUG_LIB.COREJTAGDEBUG.verilog may have changed because the following files changed:
                        C:\Users\cheec\Desktop\Master\RISC-V_FreeRTOS_Computer_Vision\IO_Testing\IGL2_MiV_FreeRTOS_Demo\component\work\Top_Level\Top_Level.v (2021-02-12 00:13:09, 2021-02-12 00:16:42) <-- (may instantiate this module)
15       COREJTAGDEBUG_LIB.COREJTAGDEBUG_UJTAG_WRAPPER.verilog may have changed because the following files changed:
                        C:\Users\cheec\Desktop\Master\RISC-V_FreeRTOS_Computer_Vision\IO_Testing\IGL2_MiV_FreeRTOS_Demo\component\work\Top_Level\Top_Level.v (2021-02-12 00:13:09, 2021-02-12 00:16:42) <-- (may instantiate this module)
16       COREJTAGDEBUG_LIB.COREJTAGDEBUG_UJ_JTAG.verilog may have changed because the following files changed:
                        C:\Users\cheec\Desktop\Master\RISC-V_FreeRTOS_Computer_Vision\IO_Testing\IGL2_MiV_FreeRTOS_Demo\component\work\Top_Level\Top_Level.v (2021-02-12 00:13:09, 2021-02-12 00:16:42) <-- (may instantiate this module)
17       CORETIMER_LIB.CoreTimer.verilog may have changed because the following files changed:
                        C:\Users\cheec\Desktop\Master\RISC-V_FreeRTOS_Computer_Vision\IO_Testing\IGL2_MiV_FreeRTOS_Demo\component\work\Top_Level\Top_Level.v (2021-02-12 00:13:09, 2021-02-12 00:16:42) <-- (may instantiate this module)
18       MIRSLV2MIRMSTRBRIDGE_AHB_LIB.MIRSLV2MIRMSTRBRIDGE_AHB.verilog may have changed because the following files changed:
                        C:\Users\cheec\Desktop\Master\RISC-V_FreeRTOS_Computer_Vision\IO_Testing\IGL2_MiV_FreeRTOS_Demo\component\work\Top_Level\Top_Level.v (2021-02-12 00:13:09, 2021-02-12 00:16:42) <-- (may instantiate this module)
19       work.AHB_MEM.verilog may have changed because the following files changed:
                        C:\Users\cheec\Desktop\Master\RISC-V_FreeRTOS_Computer_Vision\IO_Testing\IGL2_MiV_FreeRTOS_Demo\component\work\Top_Level\Top_Level.v (2021-02-12 00:13:09, 2021-02-12 00:16:42) <-- (may instantiate this module)
20       work.AHB_MMIO.verilog may have changed because the following files changed:
                        C:\Users\cheec\Desktop\Master\RISC-V_FreeRTOS_Computer_Vision\IO_Testing\IGL2_MiV_FreeRTOS_Demo\component\work\Top_Level\Top_Level.v (2021-02-12 00:13:09, 2021-02-12 00:16:42) <-- (may instantiate this module)
21       work.AHB_Slave2MasterBridge.verilog may have changed because the following files changed:
                        C:\Users\cheec\Desktop\Master\RISC-V_FreeRTOS_Computer_Vision\IO_Testing\IGL2_MiV_FreeRTOS_Demo\component\work\Top_Level\Top_Level.v (2021-02-12 00:13:09, 2021-02-12 00:16:42) <-- (may instantiate this module)
22       work.AHBtoAPB3.verilog may have changed because the following files changed:
                        C:\Users\cheec\Desktop\Master\RISC-V_FreeRTOS_Computer_Vision\IO_Testing\IGL2_MiV_FreeRTOS_Demo\component\work\Top_Level\Top_Level.v (2021-02-12 00:13:09, 2021-02-12 00:16:42) <-- (may instantiate this module)
23       work.APB3_Bus.verilog may have changed because the following files changed:
                        C:\Users\cheec\Desktop\Master\RISC-V_FreeRTOS_Computer_Vision\IO_Testing\IGL2_MiV_FreeRTOS_Demo\component\work\Top_Level\Top_Level.v (2021-02-12 00:13:09, 2021-02-12 00:16:42) <-- (may instantiate this module)
181      work.BasicIO_Interface.verilog may have changed because the following files changed:
                        C:\Users\cheec\Desktop\Master\RISC-V_FreeRTOS_Computer_Vision\IO_Testing\IGL2_MiV_FreeRTOS_Demo\component\work\Top_Level\Top_Level.v (2021-02-12 00:13:09, 2021-02-12 00:16:42) <-- (may instantiate this module)
24       work.CoreConfigMaster.verilog may have changed because the following files changed:
                        C:\Users\cheec\Desktop\Master\RISC-V_FreeRTOS_Computer_Vision\IO_Testing\IGL2_MiV_FreeRTOS_Demo\component\work\Top_Level\Top_Level.v (2021-02-12 00:13:09, 2021-02-12 00:16:42) <-- (may instantiate this module)
25       work.CoreConfigP.verilog may have changed because the following files changed:
                        C:\Users\cheec\Desktop\Master\RISC-V_FreeRTOS_Computer_Vision\IO_Testing\IGL2_MiV_FreeRTOS_Demo\component\work\Top_Level\Top_Level.v (2021-02-12 00:13:09, 2021-02-12 00:16:42) <-- (may instantiate this module)
182      work.CoreGPIO_C0.verilog may have changed because the following files changed:
                        C:\Users\cheec\Desktop\Master\RISC-V_FreeRTOS_Computer_Vision\IO_Testing\IGL2_MiV_FreeRTOS_Demo\component\work\Top_Level\Top_Level.v (2021-02-12 00:13:09, 2021-02-12 00:16:42) <-- (may instantiate this module)
183      work.CoreGPIO_C0_CoreGPIO_C0_0_CoreGPIO.verilog may have changed because the following files changed:
                        C:\Users\cheec\Desktop\Master\RISC-V_FreeRTOS_Computer_Vision\IO_Testing\IGL2_MiV_FreeRTOS_Demo\component\work\Top_Level\Top_Level.v (2021-02-12 00:13:09, 2021-02-12 00:16:42) <-- (may instantiate this module)
26       work.CoreResetP.verilog may have changed because the following files changed:
                        C:\Users\cheec\Desktop\Master\RISC-V_FreeRTOS_Computer_Vision\IO_Testing\IGL2_MiV_FreeRTOS_Demo\component\work\Top_Level\Top_Level.v (2021-02-12 00:13:09, 2021-02-12 00:16:42) <-- (may instantiate this module)
29       work.JTAG.verilog may have changed because the following files changed:
                        C:\Users\cheec\Desktop\Master\RISC-V_FreeRTOS_Computer_Vision\IO_Testing\IGL2_MiV_FreeRTOS_Demo\component\work\Top_Level\Top_Level.v (2021-02-12 00:13:09, 2021-02-12 00:16:42) <-- (may instantiate this module)
30       work.MSS_025.verilog may have changed because the following files changed:
                        C:\Users\cheec\Desktop\Master\RISC-V_FreeRTOS_Computer_Vision\IO_Testing\IGL2_MiV_FreeRTOS_Demo\component\work\Top_Level\Top_Level.v (2021-02-12 00:13:09, 2021-02-12 00:16:42) <-- (may instantiate this module)
31       work.MSS_SubSystem_sb.verilog may have changed because the following files changed:
                        C:\Users\cheec\Desktop\Master\RISC-V_FreeRTOS_Computer_Vision\IO_Testing\IGL2_MiV_FreeRTOS_Demo\component\work\Top_Level\Top_Level.v (2021-02-12 00:13:09, 2021-02-12 00:16:42) <-- (may instantiate this module)
32       work.MSS_SubSystem_sb_CCC_0_FCCC.verilog may have changed because the following files changed:
                        C:\Users\cheec\Desktop\Master\RISC-V_FreeRTOS_Computer_Vision\IO_Testing\IGL2_MiV_FreeRTOS_Demo\component\work\Top_Level\Top_Level.v (2021-02-12 00:13:09, 2021-02-12 00:16:42) <-- (may instantiate this module)
33       work.MSS_SubSystem_sb_FABOSC_0_OSC.verilog may have changed because the following files changed:
                        C:\Users\cheec\Desktop\Master\RISC-V_FreeRTOS_Computer_Vision\IO_Testing\IGL2_MiV_FreeRTOS_Demo\component\work\Top_Level\Top_Level.v (2021-02-12 00:13:09, 2021-02-12 00:16:42) <-- (may instantiate this module)
34       work.MSS_SubSystem_sb_HPMS.verilog may have changed because the following files changed:
                        C:\Users\cheec\Desktop\Master\RISC-V_FreeRTOS_Computer_Vision\IO_Testing\IGL2_MiV_FreeRTOS_Demo\component\work\Top_Level\Top_Level.v (2021-02-12 00:13:09, 2021-02-12 00:16:42) <-- (may instantiate this module)
35       work.MiV_Core32.verilog may have changed because the following files changed:
                        C:\Users\cheec\Desktop\Master\RISC-V_FreeRTOS_Computer_Vision\IO_Testing\IGL2_MiV_FreeRTOS_Demo\component\work\Top_Level\Top_Level.v (2021-02-12 00:13:09, 2021-02-12 00:16:42) <-- (may instantiate this module)
36       work.MiV_Core32_MiV_Core32_0_MIV_RV32IMA_L1_AHB.verilog may have changed because the following files changed:
                        C:\Users\cheec\Desktop\Master\RISC-V_FreeRTOS_Computer_Vision\IO_Testing\IGL2_MiV_FreeRTOS_Demo\component\work\Top_Level\Top_Level.v (2021-02-12 00:13:09, 2021-02-12 00:16:42) <-- (may instantiate this module)
37       work.MiV_Core32_MiV_Core32_0_MIV_RV32IMA_L1_AHB_ALU.verilog may have changed because the following files changed:
                        C:\Users\cheec\Desktop\Master\RISC-V_FreeRTOS_Computer_Vision\IO_Testing\IGL2_MiV_FreeRTOS_Demo\component\work\Top_Level\Top_Level.v (2021-02-12 00:13:09, 2021-02-12 00:16:42) <-- (may instantiate this module)
38       work.MiV_Core32_MiV_Core32_0_MIV_RV32IMA_L1_AHB_AMOALU.verilog may have changed because the following files changed:
                        C:\Users\cheec\Desktop\Master\RISC-V_FreeRTOS_Computer_Vision\IO_Testing\IGL2_MiV_FreeRTOS_Demo\component\work\Top_Level\Top_Level.v (2021-02-12 00:13:09, 2021-02-12 00:16:42) <-- (may instantiate this module)
39       work.MiV_Core32_MiV_Core32_0_MIV_RV32IMA_L1_AHB_ARBITER.verilog may have changed because the following files changed:
                        C:\Users\cheec\Desktop\Master\RISC-V_FreeRTOS_Computer_Vision\IO_Testing\IGL2_MiV_FreeRTOS_Demo\component\work\Top_Level\Top_Level.v (2021-02-12 00:13:09, 2021-02-12 00:16:42) <-- (may instantiate this module)
40       work.MiV_Core32_MiV_Core32_0_MIV_RV32IMA_L1_AHB_ARBITER_1.verilog may have changed because the following files changed:
                        C:\Users\cheec\Desktop\Master\RISC-V_FreeRTOS_Computer_Vision\IO_Testing\IGL2_MiV_FreeRTOS_Demo\component\work\Top_Level\Top_Level.v (2021-02-12 00:13:09, 2021-02-12 00:16:42) <-- (may instantiate this module)
41       work.MiV_Core32_MiV_Core32_0_MIV_RV32IMA_L1_AHB_ASYNC_QUEUE_SINK.verilog may have changed because the following files changed:
                        C:\Users\cheec\Desktop\Master\RISC-V_FreeRTOS_Computer_Vision\IO_Testing\IGL2_MiV_FreeRTOS_Demo\component\work\Top_Level\Top_Level.v (2021-02-12 00:13:09, 2021-02-12 00:16:42) <-- (may instantiate this module)
42       work.MiV_Core32_MiV_Core32_0_MIV_RV32IMA_L1_AHB_ASYNC_QUEUE_SINK_1.verilog may have changed because the following files changed:
                        C:\Users\cheec\Desktop\Master\RISC-V_FreeRTOS_Computer_Vision\IO_Testing\IGL2_MiV_FreeRTOS_Demo\component\work\Top_Level\Top_Level.v (2021-02-12 00:13:09, 2021-02-12 00:16:42) <-- (may instantiate this module)
43       work.MiV_Core32_MiV_Core32_0_MIV_RV32IMA_L1_AHB_ASYNC_QUEUE_SINK_2.verilog may have changed because the following files changed:
                        C:\Users\cheec\Desktop\Master\RISC-V_FreeRTOS_Computer_Vision\IO_Testing\IGL2_MiV_FreeRTOS_Demo\component\work\Top_Level\Top_Level.v (2021-02-12 00:13:09, 2021-02-12 00:16:42) <-- (may instantiate this module)
44       work.MiV_Core32_MiV_Core32_0_MIV_RV32IMA_L1_AHB_ASYNC_QUEUE_SOURCE.verilog may have changed because the following files changed:
                        C:\Users\cheec\Desktop\Master\RISC-V_FreeRTOS_Computer_Vision\IO_Testing\IGL2_MiV_FreeRTOS_Demo\component\work\Top_Level\Top_Level.v (2021-02-12 00:13:09, 2021-02-12 00:16:42) <-- (may instantiate this module)
45       work.MiV_Core32_MiV_Core32_0_MIV_RV32IMA_L1_AHB_ASYNC_QUEUE_SOURCE_1.verilog may have changed because the following files changed:
                        C:\Users\cheec\Desktop\Master\RISC-V_FreeRTOS_Computer_Vision\IO_Testing\IGL2_MiV_FreeRTOS_Demo\component\work\Top_Level\Top_Level.v (2021-02-12 00:13:09, 2021-02-12 00:16:42) <-- (may instantiate this module)
46       work.MiV_Core32_MiV_Core32_0_MIV_RV32IMA_L1_AHB_ASYNC_QUEUE_SOURCE_2.verilog may have changed because the following files changed:
                        C:\Users\cheec\Desktop\Master\RISC-V_FreeRTOS_Computer_Vision\IO_Testing\IGL2_MiV_FreeRTOS_Demo\component\work\Top_Level\Top_Level.v (2021-02-12 00:13:09, 2021-02-12 00:16:42) <-- (may instantiate this module)
47       work.MiV_Core32_MiV_Core32_0_MIV_RV32IMA_L1_AHB_ASYNC_RESET_REG.verilog may have changed because the following files changed:
                        C:\Users\cheec\Desktop\Master\RISC-V_FreeRTOS_Computer_Vision\IO_Testing\IGL2_MiV_FreeRTOS_Demo\component\work\Top_Level\Top_Level.v (2021-02-12 00:13:09, 2021-02-12 00:16:42) <-- (may instantiate this module)
48       work.MiV_Core32_MiV_Core32_0_MIV_RV32IMA_L1_AHB_ASYNC_RESET_REG_VEC_W1_I0.verilog may have changed because the following files changed:
                        C:\Users\cheec\Desktop\Master\RISC-V_FreeRTOS_Computer_Vision\IO_Testing\IGL2_MiV_FreeRTOS_Demo\component\work\Top_Level\Top_Level.v (2021-02-12 00:13:09, 2021-02-12 00:16:42) <-- (may instantiate this module)
49       work.MiV_Core32_MiV_Core32_0_MIV_RV32IMA_L1_AHB_ASYNC_RESET_REG_VEC_W2_I0.verilog may have changed because the following files changed:
                        C:\Users\cheec\Desktop\Master\RISC-V_FreeRTOS_Computer_Vision\IO_Testing\IGL2_MiV_FreeRTOS_Demo\component\work\Top_Level\Top_Level.v (2021-02-12 00:13:09, 2021-02-12 00:16:42) <-- (may instantiate this module)
50       work.MiV_Core32_MiV_Core32_0_MIV_RV32IMA_L1_AHB_ASYNC_RESET_REG_VEC_W32_I0.verilog may have changed because the following files changed:
                        C:\Users\cheec\Desktop\Master\RISC-V_FreeRTOS_Computer_Vision\IO_Testing\IGL2_MiV_FreeRTOS_Demo\component\work\Top_Level\Top_Level.v (2021-02-12 00:13:09, 2021-02-12 00:16:42) <-- (may instantiate this module)
51       work.MiV_Core32_MiV_Core32_0_MIV_RV32IMA_L1_AHB_ASYNC_RESET_REG_VEC_W4_I15.verilog may have changed because the following files changed:
                        C:\Users\cheec\Desktop\Master\RISC-V_FreeRTOS_Computer_Vision\IO_Testing\IGL2_MiV_FreeRTOS_Demo\component\work\Top_Level\Top_Level.v (2021-02-12 00:13:09, 2021-02-12 00:16:42) <-- (may instantiate this module)
52       work.MiV_Core32_MiV_Core32_0_MIV_RV32IMA_L1_AHB_ASYNC_RESET_SYNCHRONIZER_SHIFT_REG_W1_D1_I0.verilog may have changed because the following files changed:
                        C:\Users\cheec\Desktop\Master\RISC-V_FreeRTOS_Computer_Vision\IO_Testing\IGL2_MiV_FreeRTOS_Demo\component\work\Top_Level\Top_Level.v (2021-02-12 00:13:09, 2021-02-12 00:16:42) <-- (may instantiate this module)
53       work.MiV_Core32_MiV_Core32_0_MIV_RV32IMA_L1_AHB_ASYNC_RESET_SYNCHRONIZER_SHIFT_REG_W1_D3_I0.verilog may have changed because the following files changed:
                        C:\Users\cheec\Desktop\Master\RISC-V_FreeRTOS_Computer_Vision\IO_Testing\IGL2_MiV_FreeRTOS_Demo\component\work\Top_Level\Top_Level.v (2021-02-12 00:13:09, 2021-02-12 00:16:42) <-- (may instantiate this module)
54       work.MiV_Core32_MiV_Core32_0_MIV_RV32IMA_L1_AHB_ASYNC_RESET_SYNCHRONIZER_SHIFT_REG_W1_D4_I0.verilog may have changed because the following files changed:
                        C:\Users\cheec\Desktop\Master\RISC-V_FreeRTOS_Computer_Vision\IO_Testing\IGL2_MiV_FreeRTOS_Demo\component\work\Top_Level\Top_Level.v (2021-02-12 00:13:09, 2021-02-12 00:16:42) <-- (may instantiate this module)
55       work.MiV_Core32_MiV_Core32_0_MIV_RV32IMA_L1_AHB_ASYNC_VALID_SYNC.verilog may have changed because the following files changed:
                        C:\Users\cheec\Desktop\Master\RISC-V_FreeRTOS_Computer_Vision\IO_Testing\IGL2_MiV_FreeRTOS_Demo\component\work\Top_Level\Top_Level.v (2021-02-12 00:13:09, 2021-02-12 00:16:42) <-- (may instantiate this module)
56       work.MiV_Core32_MiV_Core32_0_MIV_RV32IMA_L1_AHB_ASYNC_VALID_SYNC_1.verilog may have changed because the following files changed:
                        C:\Users\cheec\Desktop\Master\RISC-V_FreeRTOS_Computer_Vision\IO_Testing\IGL2_MiV_FreeRTOS_Demo\component\work\Top_Level\Top_Level.v (2021-02-12 00:13:09, 2021-02-12 00:16:42) <-- (may instantiate this module)
57       work.MiV_Core32_MiV_Core32_0_MIV_RV32IMA_L1_AHB_ASYNC_VALID_SYNC_2.verilog may have changed because the following files changed:
                        C:\Users\cheec\Desktop\Master\RISC-V_FreeRTOS_Computer_Vision\IO_Testing\IGL2_MiV_FreeRTOS_Demo\component\work\Top_Level\Top_Level.v (2021-02-12 00:13:09, 2021-02-12 00:16:42) <-- (may instantiate this module)
58       work.MiV_Core32_MiV_Core32_0_MIV_RV32IMA_L1_AHB_ASYNC_VALID_SYNC_3.verilog may have changed because the following files changed:
                        C:\Users\cheec\Desktop\Master\RISC-V_FreeRTOS_Computer_Vision\IO_Testing\IGL2_MiV_FreeRTOS_Demo\component\work\Top_Level\Top_Level.v (2021-02-12 00:13:09, 2021-02-12 00:16:42) <-- (may instantiate this module)
59       work.MiV_Core32_MiV_Core32_0_MIV_RV32IMA_L1_AHB_ASYNC_VALID_SYNC_4.verilog may have changed because the following files changed:
                        C:\Users\cheec\Desktop\Master\RISC-V_FreeRTOS_Computer_Vision\IO_Testing\IGL2_MiV_FreeRTOS_Demo\component\work\Top_Level\Top_Level.v (2021-02-12 00:13:09, 2021-02-12 00:16:42) <-- (may instantiate this module)
60       work.MiV_Core32_MiV_Core32_0_MIV_RV32IMA_L1_AHB_ASYNC_VALID_SYNC_5.verilog may have changed because the following files changed:
                        C:\Users\cheec\Desktop\Master\RISC-V_FreeRTOS_Computer_Vision\IO_Testing\IGL2_MiV_FreeRTOS_Demo\component\work\Top_Level\Top_Level.v (2021-02-12 00:13:09, 2021-02-12 00:16:42) <-- (may instantiate this module)
61       work.MiV_Core32_MiV_Core32_0_MIV_RV32IMA_L1_AHB_BREAKPOINT_UNIT.verilog may have changed because the following files changed:
                        C:\Users\cheec\Desktop\Master\RISC-V_FreeRTOS_Computer_Vision\IO_Testing\IGL2_MiV_FreeRTOS_Demo\component\work\Top_Level\Top_Level.v (2021-02-12 00:13:09, 2021-02-12 00:16:42) <-- (may instantiate this module)
62       work.MiV_Core32_MiV_Core32_0_MIV_RV32IMA_L1_AHB_CAPTURE_CHAIN.verilog may have changed because the following files changed:
                        C:\Users\cheec\Desktop\Master\RISC-V_FreeRTOS_Computer_Vision\IO_Testing\IGL2_MiV_FreeRTOS_Demo\component\work\Top_Level\Top_Level.v (2021-02-12 00:13:09, 2021-02-12 00:16:42) <-- (may instantiate this module)
63       work.MiV_Core32_MiV_Core32_0_MIV_RV32IMA_L1_AHB_CAPTURE_UPDATE_CHAIN.verilog may have changed because the following files changed:
                        C:\Users\cheec\Desktop\Master\RISC-V_FreeRTOS_Computer_Vision\IO_Testing\IGL2_MiV_FreeRTOS_Demo\component\work\Top_Level\Top_Level.v (2021-02-12 00:13:09, 2021-02-12 00:16:42) <-- (may instantiate this module)
64       work.MiV_Core32_MiV_Core32_0_MIV_RV32IMA_L1_AHB_CAPTURE_UPDATE_CHAIN_1.verilog may have changed because the following files changed:
                        C:\Users\cheec\Desktop\Master\RISC-V_FreeRTOS_Computer_Vision\IO_Testing\IGL2_MiV_FreeRTOS_Demo\component\work\Top_Level\Top_Level.v (2021-02-12 00:13:09, 2021-02-12 00:16:42) <-- (may instantiate this module)
65       work.MiV_Core32_MiV_Core32_0_MIV_RV32IMA_L1_AHB_CAPTURE_UPDATE_CHAIN_2.verilog may have changed because the following files changed:
                        C:\Users\cheec\Desktop\Master\RISC-V_FreeRTOS_Computer_Vision\IO_Testing\IGL2_MiV_FreeRTOS_Demo\component\work\Top_Level\Top_Level.v (2021-02-12 00:13:09, 2021-02-12 00:16:42) <-- (may instantiate this module)
66       work.MiV_Core32_MiV_Core32_0_MIV_RV32IMA_L1_AHB_COREPLEX_LOCAL_INTERRUPTER_CLINT.verilog may have changed because the following files changed:
                        C:\Users\cheec\Desktop\Master\RISC-V_FreeRTOS_Computer_Vision\IO_Testing\IGL2_MiV_FreeRTOS_Demo\component\work\Top_Level\Top_Level.v (2021-02-12 00:13:09, 2021-02-12 00:16:42) <-- (may instantiate this module)
67       work.MiV_Core32_MiV_Core32_0_MIV_RV32IMA_L1_AHB_CSRFILE.verilog may have changed because the following files changed:
                        C:\Users\cheec\Desktop\Master\RISC-V_FreeRTOS_Computer_Vision\IO_Testing\IGL2_MiV_FreeRTOS_Demo\component\work\Top_Level\Top_Level.v (2021-02-12 00:13:09, 2021-02-12 00:16:42) <-- (may instantiate this module)
68       work.MiV_Core32_MiV_Core32_0_MIV_RV32IMA_L1_AHB_DATA_ARRAYS_0.verilog may have changed because the following files changed:
                        C:\Users\cheec\Desktop\Master\RISC-V_FreeRTOS_Computer_Vision\IO_Testing\IGL2_MiV_FreeRTOS_Demo\component\work\Top_Level\Top_Level.v (2021-02-12 00:13:09, 2021-02-12 00:16:42) <-- (may instantiate this module)
69       work.MiV_Core32_MiV_Core32_0_MIV_RV32IMA_L1_AHB_DATA_ARRAYS_0_0.verilog may have changed because the following files changed:
                        C:\Users\cheec\Desktop\Master\RISC-V_FreeRTOS_Computer_Vision\IO_Testing\IGL2_MiV_FreeRTOS_Demo\component\work\Top_Level\Top_Level.v (2021-02-12 00:13:09, 2021-02-12 00:16:42) <-- (may instantiate this module)
70       work.MiV_Core32_MiV_Core32_0_MIV_RV32IMA_L1_AHB_DATA_ARRAYS_0_0_EXT.verilog may have changed because the following files changed:
                        C:\Users\cheec\Desktop\Master\RISC-V_FreeRTOS_Computer_Vision\IO_Testing\IGL2_MiV_FreeRTOS_Demo\component\work\Top_Level\Top_Level.v (2021-02-12 00:13:09, 2021-02-12 00:16:42) <-- (may instantiate this module)
71       work.MiV_Core32_MiV_Core32_0_MIV_RV32IMA_L1_AHB_DATA_ARRAYS_0_EXT.verilog may have changed because the following files changed:
                        C:\Users\cheec\Desktop\Master\RISC-V_FreeRTOS_Computer_Vision\IO_Testing\IGL2_MiV_FreeRTOS_Demo\component\work\Top_Level\Top_Level.v (2021-02-12 00:13:09, 2021-02-12 00:16:42) <-- (may instantiate this module)
72       work.MiV_Core32_MiV_Core32_0_MIV_RV32IMA_L1_AHB_DCACHE_DATA_ARRAY.verilog may have changed because the following files changed:
                        C:\Users\cheec\Desktop\Master\RISC-V_FreeRTOS_Computer_Vision\IO_Testing\IGL2_MiV_FreeRTOS_Demo\component\work\Top_Level\Top_Level.v (2021-02-12 00:13:09, 2021-02-12 00:16:42) <-- (may instantiate this module)
73       work.MiV_Core32_MiV_Core32_0_MIV_RV32IMA_L1_AHB_DCACHE_DCACHE.verilog may have changed because the following files changed:
                        C:\Users\cheec\Desktop\Master\RISC-V_FreeRTOS_Computer_Vision\IO_Testing\IGL2_MiV_FreeRTOS_Demo\component\work\Top_Level\Top_Level.v (2021-02-12 00:13:09, 2021-02-12 00:16:42) <-- (may instantiate this module)
74       work.MiV_Core32_MiV_Core32_0_MIV_RV32IMA_L1_AHB_DEBUG_TRANSPORT_MODULE_JTAG.verilog may have changed because the following files changed:
                        C:\Users\cheec\Desktop\Master\RISC-V_FreeRTOS_Computer_Vision\IO_Testing\IGL2_MiV_FreeRTOS_Demo\component\work\Top_Level\Top_Level.v (2021-02-12 00:13:09, 2021-02-12 00:16:42) <-- (may instantiate this module)
75       work.MiV_Core32_MiV_Core32_0_MIV_RV32IMA_L1_AHB_DMITO_TL_DMI2TL.verilog may have changed because the following files changed:
                        C:\Users\cheec\Desktop\Master\RISC-V_FreeRTOS_Computer_Vision\IO_Testing\IGL2_MiV_FreeRTOS_Demo\component\work\Top_Level\Top_Level.v (2021-02-12 00:13:09, 2021-02-12 00:16:42) <-- (may instantiate this module)
76       work.MiV_Core32_MiV_Core32_0_MIV_RV32IMA_L1_AHB_FRONTEND_FRONTEND.verilog may have changed because the following files changed:
                        C:\Users\cheec\Desktop\Master\RISC-V_FreeRTOS_Computer_Vision\IO_Testing\IGL2_MiV_FreeRTOS_Demo\component\work\Top_Level\Top_Level.v (2021-02-12 00:13:09, 2021-02-12 00:16:42) <-- (may instantiate this module)
77       work.MiV_Core32_MiV_Core32_0_MIV_RV32IMA_L1_AHB_HELLA_CACHE_ARBITER.verilog may have changed because the following files changed:
                        C:\Users\cheec\Desktop\Master\RISC-V_FreeRTOS_Computer_Vision\IO_Testing\IGL2_MiV_FreeRTOS_Demo\component\work\Top_Level\Top_Level.v (2021-02-12 00:13:09, 2021-02-12 00:16:42) <-- (may instantiate this module)
78       work.MiV_Core32_MiV_Core32_0_MIV_RV32IMA_L1_AHB_IBUF.verilog may have changed because the following files changed:
                        C:\Users\cheec\Desktop\Master\RISC-V_FreeRTOS_Computer_Vision\IO_Testing\IGL2_MiV_FreeRTOS_Demo\component\work\Top_Level\Top_Level.v (2021-02-12 00:13:09, 2021-02-12 00:16:42) <-- (may instantiate this module)
79       work.MiV_Core32_MiV_Core32_0_MIV_RV32IMA_L1_AHB_ICACHE_ICACHE.verilog may have changed because the following files changed:
                        C:\Users\cheec\Desktop\Master\RISC-V_FreeRTOS_Computer_Vision\IO_Testing\IGL2_MiV_FreeRTOS_Demo\component\work\Top_Level\Top_Level.v (2021-02-12 00:13:09, 2021-02-12 00:16:42) <-- (may instantiate this module)
80       work.MiV_Core32_MiV_Core32_0_MIV_RV32IMA_L1_AHB_IDENTITY_MODULE.verilog may have changed because the following files changed:
                        C:\Users\cheec\Desktop\Master\RISC-V_FreeRTOS_Computer_Vision\IO_Testing\IGL2_MiV_FreeRTOS_Demo\component\work\Top_Level\Top_Level.v (2021-02-12 00:13:09, 2021-02-12 00:16:42) <-- (may instantiate this module)
81       work.MiV_Core32_MiV_Core32_0_MIV_RV32IMA_L1_AHB_INT_SYNC_CROSSING_SINK.verilog may have changed because the following files changed:
                        C:\Users\cheec\Desktop\Master\RISC-V_FreeRTOS_Computer_Vision\IO_Testing\IGL2_MiV_FreeRTOS_Demo\component\work\Top_Level\Top_Level.v (2021-02-12 00:13:09, 2021-02-12 00:16:42) <-- (may instantiate this module)
82       work.MiV_Core32_MiV_Core32_0_MIV_RV32IMA_L1_AHB_INT_SYNC_CROSSING_SINK_1.verilog may have changed because the following files changed:
                        C:\Users\cheec\Desktop\Master\RISC-V_FreeRTOS_Computer_Vision\IO_Testing\IGL2_MiV_FreeRTOS_Demo\component\work\Top_Level\Top_Level.v (2021-02-12 00:13:09, 2021-02-12 00:16:42) <-- (may instantiate this module)
83       work.MiV_Core32_MiV_Core32_0_MIV_RV32IMA_L1_AHB_INT_SYNC_CROSSING_SOURCE.verilog may have changed because the following files changed:
                        C:\Users\cheec\Desktop\Master\RISC-V_FreeRTOS_Computer_Vision\IO_Testing\IGL2_MiV_FreeRTOS_Demo\component\work\Top_Level\Top_Level.v (2021-02-12 00:13:09, 2021-02-12 00:16:42) <-- (may instantiate this module)
84       work.MiV_Core32_MiV_Core32_0_MIV_RV32IMA_L1_AHB_INT_SYNC_CROSSING_SOURCE_2.verilog may have changed because the following files changed:
                        C:\Users\cheec\Desktop\Master\RISC-V_FreeRTOS_Computer_Vision\IO_Testing\IGL2_MiV_FreeRTOS_Demo\component\work\Top_Level\Top_Level.v (2021-02-12 00:13:09, 2021-02-12 00:16:42) <-- (may instantiate this module)
85       work.MiV_Core32_MiV_Core32_0_MIV_RV32IMA_L1_AHB_INT_XBAR.verilog may have changed because the following files changed:
                        C:\Users\cheec\Desktop\Master\RISC-V_FreeRTOS_Computer_Vision\IO_Testing\IGL2_MiV_FreeRTOS_Demo\component\work\Top_Level\Top_Level.v (2021-02-12 00:13:09, 2021-02-12 00:16:42) <-- (may instantiate this module)
86       work.MiV_Core32_MiV_Core32_0_MIV_RV32IMA_L1_AHB_INT_XBAR_INT_XBAR.verilog may have changed because the following files changed:
                        C:\Users\cheec\Desktop\Master\RISC-V_FreeRTOS_Computer_Vision\IO_Testing\IGL2_MiV_FreeRTOS_Demo\component\work\Top_Level\Top_Level.v (2021-02-12 00:13:09, 2021-02-12 00:16:42) <-- (may instantiate this module)
87       work.MiV_Core32_MiV_Core32_0_MIV_RV32IMA_L1_AHB_INT_XING.verilog may have changed because the following files changed:
                        C:\Users\cheec\Desktop\Master\RISC-V_FreeRTOS_Computer_Vision\IO_Testing\IGL2_MiV_FreeRTOS_Demo\component\work\Top_Level\Top_Level.v (2021-02-12 00:13:09, 2021-02-12 00:16:42) <-- (may instantiate this module)
88       work.MiV_Core32_MiV_Core32_0_MIV_RV32IMA_L1_AHB_JTAG_BYPASS_CHAIN.verilog may have changed because the following files changed:
                        C:\Users\cheec\Desktop\Master\RISC-V_FreeRTOS_Computer_Vision\IO_Testing\IGL2_MiV_FreeRTOS_Demo\component\work\Top_Level\Top_Level.v (2021-02-12 00:13:09, 2021-02-12 00:16:42) <-- (may instantiate this module)
89       work.MiV_Core32_MiV_Core32_0_MIV_RV32IMA_L1_AHB_JTAG_STATE_MACHINE.verilog may have changed because the following files changed:
                        C:\Users\cheec\Desktop\Master\RISC-V_FreeRTOS_Computer_Vision\IO_Testing\IGL2_MiV_FreeRTOS_Demo\component\work\Top_Level\Top_Level.v (2021-02-12 00:13:09, 2021-02-12 00:16:42) <-- (may instantiate this module)
90       work.MiV_Core32_MiV_Core32_0_MIV_RV32IMA_L1_AHB_JTAG_TAP_CONTROLLER.verilog may have changed because the following files changed:
                        C:\Users\cheec\Desktop\Master\RISC-V_FreeRTOS_Computer_Vision\IO_Testing\IGL2_MiV_FreeRTOS_Demo\component\work\Top_Level\Top_Level.v (2021-02-12 00:13:09, 2021-02-12 00:16:42) <-- (may instantiate this module)
91       work.MiV_Core32_MiV_Core32_0_MIV_RV32IMA_L1_AHB_LEVEL_GATEWAY.verilog may have changed because the following files changed:
                        C:\Users\cheec\Desktop\Master\RISC-V_FreeRTOS_Computer_Vision\IO_Testing\IGL2_MiV_FreeRTOS_Demo\component\work\Top_Level\Top_Level.v (2021-02-12 00:13:09, 2021-02-12 00:16:42) <-- (may instantiate this module)
92       work.MiV_Core32_MiV_Core32_0_MIV_RV32IMA_L1_AHB_MEMORY_BUS_MEM_BUSES_0.verilog may have changed because the following files changed:
                        C:\Users\cheec\Desktop\Master\RISC-V_FreeRTOS_Computer_Vision\IO_Testing\IGL2_MiV_FreeRTOS_Demo\component\work\Top_Level\Top_Level.v (2021-02-12 00:13:09, 2021-02-12 00:16:42) <-- (may instantiate this module)
93       work.MiV_Core32_MiV_Core32_0_MIV_RV32IMA_L1_AHB_MUL_DIV.verilog may have changed because the following files changed:
                        C:\Users\cheec\Desktop\Master\RISC-V_FreeRTOS_Computer_Vision\IO_Testing\IGL2_MiV_FreeRTOS_Demo\component\work\Top_Level\Top_Level.v (2021-02-12 00:13:09, 2021-02-12 00:16:42) <-- (may instantiate this module)
94       work.MiV_Core32_MiV_Core32_0_MIV_RV32IMA_L1_AHB_NEGATIVE_EDGE_LATCH.verilog may have changed because the following files changed:
                        C:\Users\cheec\Desktop\Master\RISC-V_FreeRTOS_Computer_Vision\IO_Testing\IGL2_MiV_FreeRTOS_Demo\component\work\Top_Level\Top_Level.v (2021-02-12 00:13:09, 2021-02-12 00:16:42) <-- (may instantiate this module)
95       work.MiV_Core32_MiV_Core32_0_MIV_RV32IMA_L1_AHB_NEGATIVE_EDGE_LATCH_2.verilog may have changed because the following files changed:
                        C:\Users\cheec\Desktop\Master\RISC-V_FreeRTOS_Computer_Vision\IO_Testing\IGL2_MiV_FreeRTOS_Demo\component\work\Top_Level\Top_Level.v (2021-02-12 00:13:09, 2021-02-12 00:16:42) <-- (may instantiate this module)
96       work.MiV_Core32_MiV_Core32_0_MIV_RV32IMA_L1_AHB_PERIPHERY_BUS_PBUS.verilog may have changed because the following files changed:
                        C:\Users\cheec\Desktop\Master\RISC-V_FreeRTOS_Computer_Vision\IO_Testing\IGL2_MiV_FreeRTOS_Demo\component\work\Top_Level\Top_Level.v (2021-02-12 00:13:09, 2021-02-12 00:16:42) <-- (may instantiate this module)
97       work.MiV_Core32_MiV_Core32_0_MIV_RV32IMA_L1_AHB_PLUSARG_READER.verilog may have changed because the following files changed:
                        C:\Users\cheec\Desktop\Master\RISC-V_FreeRTOS_Computer_Vision\IO_Testing\IGL2_MiV_FreeRTOS_Demo\component\work\Top_Level\Top_Level.v (2021-02-12 00:13:09, 2021-02-12 00:16:42) <-- (may instantiate this module)
98       work.MiV_Core32_MiV_Core32_0_MIV_RV32IMA_L1_AHB_QUEUE.verilog may have changed because the following files changed:
                        C:\Users\cheec\Desktop\Master\RISC-V_FreeRTOS_Computer_Vision\IO_Testing\IGL2_MiV_FreeRTOS_Demo\component\work\Top_Level\Top_Level.v (2021-02-12 00:13:09, 2021-02-12 00:16:42) <-- (may instantiate this module)
99       work.MiV_Core32_MiV_Core32_0_MIV_RV32IMA_L1_AHB_QUEUE_1.verilog may have changed because the following files changed:
                        C:\Users\cheec\Desktop\Master\RISC-V_FreeRTOS_Computer_Vision\IO_Testing\IGL2_MiV_FreeRTOS_Demo\component\work\Top_Level\Top_Level.v (2021-02-12 00:13:09, 2021-02-12 00:16:42) <-- (may instantiate this module)
100      work.MiV_Core32_MiV_Core32_0_MIV_RV32IMA_L1_AHB_QUEUE_10.verilog may have changed because the following files changed:
                        C:\Users\cheec\Desktop\Master\RISC-V_FreeRTOS_Computer_Vision\IO_Testing\IGL2_MiV_FreeRTOS_Demo\component\work\Top_Level\Top_Level.v (2021-02-12 00:13:09, 2021-02-12 00:16:42) <-- (may instantiate this module)
101      work.MiV_Core32_MiV_Core32_0_MIV_RV32IMA_L1_AHB_QUEUE_11.verilog may have changed because the following files changed:
                        C:\Users\cheec\Desktop\Master\RISC-V_FreeRTOS_Computer_Vision\IO_Testing\IGL2_MiV_FreeRTOS_Demo\component\work\Top_Level\Top_Level.v (2021-02-12 00:13:09, 2021-02-12 00:16:42) <-- (may instantiate this module)
102      work.MiV_Core32_MiV_Core32_0_MIV_RV32IMA_L1_AHB_QUEUE_13.verilog may have changed because the following files changed:
                        C:\Users\cheec\Desktop\Master\RISC-V_FreeRTOS_Computer_Vision\IO_Testing\IGL2_MiV_FreeRTOS_Demo\component\work\Top_Level\Top_Level.v (2021-02-12 00:13:09, 2021-02-12 00:16:42) <-- (may instantiate this module)
103      work.MiV_Core32_MiV_Core32_0_MIV_RV32IMA_L1_AHB_QUEUE_14.verilog may have changed because the following files changed:
                        C:\Users\cheec\Desktop\Master\RISC-V_FreeRTOS_Computer_Vision\IO_Testing\IGL2_MiV_FreeRTOS_Demo\component\work\Top_Level\Top_Level.v (2021-02-12 00:13:09, 2021-02-12 00:16:42) <-- (may instantiate this module)
104      work.MiV_Core32_MiV_Core32_0_MIV_RV32IMA_L1_AHB_QUEUE_15.verilog may have changed because the following files changed:
                        C:\Users\cheec\Desktop\Master\RISC-V_FreeRTOS_Computer_Vision\IO_Testing\IGL2_MiV_FreeRTOS_Demo\component\work\Top_Level\Top_Level.v (2021-02-12 00:13:09, 2021-02-12 00:16:42) <-- (may instantiate this module)
105      work.MiV_Core32_MiV_Core32_0_MIV_RV32IMA_L1_AHB_QUEUE_16.verilog may have changed because the following files changed:
                        C:\Users\cheec\Desktop\Master\RISC-V_FreeRTOS_Computer_Vision\IO_Testing\IGL2_MiV_FreeRTOS_Demo\component\work\Top_Level\Top_Level.v (2021-02-12 00:13:09, 2021-02-12 00:16:42) <-- (may instantiate this module)
106      work.MiV_Core32_MiV_Core32_0_MIV_RV32IMA_L1_AHB_QUEUE_18.verilog may have changed because the following files changed:
                        C:\Users\cheec\Desktop\Master\RISC-V_FreeRTOS_Computer_Vision\IO_Testing\IGL2_MiV_FreeRTOS_Demo\component\work\Top_Level\Top_Level.v (2021-02-12 00:13:09, 2021-02-12 00:16:42) <-- (may instantiate this module)
107      work.MiV_Core32_MiV_Core32_0_MIV_RV32IMA_L1_AHB_QUEUE_19.verilog may have changed because the following files changed:
                        C:\Users\cheec\Desktop\Master\RISC-V_FreeRTOS_Computer_Vision\IO_Testing\IGL2_MiV_FreeRTOS_Demo\component\work\Top_Level\Top_Level.v (2021-02-12 00:13:09, 2021-02-12 00:16:42) <-- (may instantiate this module)
108      work.MiV_Core32_MiV_Core32_0_MIV_RV32IMA_L1_AHB_QUEUE_4.verilog may have changed because the following files changed:
                        C:\Users\cheec\Desktop\Master\RISC-V_FreeRTOS_Computer_Vision\IO_Testing\IGL2_MiV_FreeRTOS_Demo\component\work\Top_Level\Top_Level.v (2021-02-12 00:13:09, 2021-02-12 00:16:42) <-- (may instantiate this module)
109      work.MiV_Core32_MiV_Core32_0_MIV_RV32IMA_L1_AHB_QUEUE_5.verilog may have changed because the following files changed:
                        C:\Users\cheec\Desktop\Master\RISC-V_FreeRTOS_Computer_Vision\IO_Testing\IGL2_MiV_FreeRTOS_Demo\component\work\Top_Level\Top_Level.v (2021-02-12 00:13:09, 2021-02-12 00:16:42) <-- (may instantiate this module)
110      work.MiV_Core32_MiV_Core32_0_MIV_RV32IMA_L1_AHB_QUEUE_6.verilog may have changed because the following files changed:
                        C:\Users\cheec\Desktop\Master\RISC-V_FreeRTOS_Computer_Vision\IO_Testing\IGL2_MiV_FreeRTOS_Demo\component\work\Top_Level\Top_Level.v (2021-02-12 00:13:09, 2021-02-12 00:16:42) <-- (may instantiate this module)
111      work.MiV_Core32_MiV_Core32_0_MIV_RV32IMA_L1_AHB_REPEATER.verilog may have changed because the following files changed:
                        C:\Users\cheec\Desktop\Master\RISC-V_FreeRTOS_Computer_Vision\IO_Testing\IGL2_MiV_FreeRTOS_Demo\component\work\Top_Level\Top_Level.v (2021-02-12 00:13:09, 2021-02-12 00:16:42) <-- (may instantiate this module)
112      work.MiV_Core32_MiV_Core32_0_MIV_RV32IMA_L1_AHB_REPEATER_2.verilog may have changed because the following files changed:
                        C:\Users\cheec\Desktop\Master\RISC-V_FreeRTOS_Computer_Vision\IO_Testing\IGL2_MiV_FreeRTOS_Demo\component\work\Top_Level\Top_Level.v (2021-02-12 00:13:09, 2021-02-12 00:16:42) <-- (may instantiate this module)
113      work.MiV_Core32_MiV_Core32_0_MIV_RV32IMA_L1_AHB_RESET_CATCH_AND_SYNC_D3.verilog may have changed because the following files changed:
                        C:\Users\cheec\Desktop\Master\RISC-V_FreeRTOS_Computer_Vision\IO_Testing\IGL2_MiV_FreeRTOS_Demo\component\work\Top_Level\Top_Level.v (2021-02-12 00:13:09, 2021-02-12 00:16:42) <-- (may instantiate this module)
114      work.MiV_Core32_MiV_Core32_0_MIV_RV32IMA_L1_AHB_ROCKET.verilog may have changed because the following files changed:
                        C:\Users\cheec\Desktop\Master\RISC-V_FreeRTOS_Computer_Vision\IO_Testing\IGL2_MiV_FreeRTOS_Demo\component\work\Top_Level\Top_Level.v (2021-02-12 00:13:09, 2021-02-12 00:16:42) <-- (may instantiate this module)
115      work.MiV_Core32_MiV_Core32_0_MIV_RV32IMA_L1_AHB_ROCKET_SYSTEM.verilog may have changed because the following files changed:
                        C:\Users\cheec\Desktop\Master\RISC-V_FreeRTOS_Computer_Vision\IO_Testing\IGL2_MiV_FreeRTOS_Demo\component\work\Top_Level\Top_Level.v (2021-02-12 00:13:09, 2021-02-12 00:16:42) <-- (may instantiate this module)
116      work.MiV_Core32_MiV_Core32_0_MIV_RV32IMA_L1_AHB_ROCKET_TILE.verilog may have changed because the following files changed:
                        C:\Users\cheec\Desktop\Master\RISC-V_FreeRTOS_Computer_Vision\IO_Testing\IGL2_MiV_FreeRTOS_Demo\component\work\Top_Level\Top_Level.v (2021-02-12 00:13:09, 2021-02-12 00:16:42) <-- (may instantiate this module)
117      work.MiV_Core32_MiV_Core32_0_MIV_RV32IMA_L1_AHB_RVCEXPANDER.verilog may have changed because the following files changed:
                        C:\Users\cheec\Desktop\Master\RISC-V_FreeRTOS_Computer_Vision\IO_Testing\IGL2_MiV_FreeRTOS_Demo\component\work\Top_Level\Top_Level.v (2021-02-12 00:13:09, 2021-02-12 00:16:42) <-- (may instantiate this module)
118      work.MiV_Core32_MiV_Core32_0_MIV_RV32IMA_L1_AHB_SHIFT_QUEUE.verilog may have changed because the following files changed:
                        C:\Users\cheec\Desktop\Master\RISC-V_FreeRTOS_Computer_Vision\IO_Testing\IGL2_MiV_FreeRTOS_Demo\component\work\Top_Level\Top_Level.v (2021-02-12 00:13:09, 2021-02-12 00:16:42) <-- (may instantiate this module)
119      work.MiV_Core32_MiV_Core32_0_MIV_RV32IMA_L1_AHB_SIMPLE_LAZY_MODULE_SYSTEM_BUS_FROM_TILE.verilog may have changed because the following files changed:
                        C:\Users\cheec\Desktop\Master\RISC-V_FreeRTOS_Computer_Vision\IO_Testing\IGL2_MiV_FreeRTOS_Demo\component\work\Top_Level\Top_Level.v (2021-02-12 00:13:09, 2021-02-12 00:16:42) <-- (may instantiate this module)
120      work.MiV_Core32_MiV_Core32_0_MIV_RV32IMA_L1_AHB_SYNCHRONIZER_SHIFT_REG_W12_D1.verilog may have changed because the following files changed:
                        C:\Users\cheec\Desktop\Master\RISC-V_FreeRTOS_Computer_Vision\IO_Testing\IGL2_MiV_FreeRTOS_Demo\component\work\Top_Level\Top_Level.v (2021-02-12 00:13:09, 2021-02-12 00:16:42) <-- (may instantiate this module)
121      work.MiV_Core32_MiV_Core32_0_MIV_RV32IMA_L1_AHB_SYNCHRONIZER_SHIFT_REG_W1_D3.verilog may have changed because the following files changed:
                        C:\Users\cheec\Desktop\Master\RISC-V_FreeRTOS_Computer_Vision\IO_Testing\IGL2_MiV_FreeRTOS_Demo\component\work\Top_Level\Top_Level.v (2021-02-12 00:13:09, 2021-02-12 00:16:42) <-- (may instantiate this module)
122      work.MiV_Core32_MiV_Core32_0_MIV_RV32IMA_L1_AHB_SYNCHRONIZER_SHIFT_REG_W31_D3.verilog may have changed because the following files changed:
                        C:\Users\cheec\Desktop\Master\RISC-V_FreeRTOS_Computer_Vision\IO_Testing\IGL2_MiV_FreeRTOS_Demo\component\work\Top_Level\Top_Level.v (2021-02-12 00:13:09, 2021-02-12 00:16:42) <-- (may instantiate this module)
123      work.MiV_Core32_MiV_Core32_0_MIV_RV32IMA_L1_AHB_SYNCHRONIZER_SHIFT_REG_W42_D1.verilog may have changed because the following files changed:
                        C:\Users\cheec\Desktop\Master\RISC-V_FreeRTOS_Computer_Vision\IO_Testing\IGL2_MiV_FreeRTOS_Demo\component\work\Top_Level\Top_Level.v (2021-02-12 00:13:09, 2021-02-12 00:16:42) <-- (may instantiate this module)
124      work.MiV_Core32_MiV_Core32_0_MIV_RV32IMA_L1_AHB_SYNCHRONIZER_SHIFT_REG_W54_D1.verilog may have changed because the following files changed:
                        C:\Users\cheec\Desktop\Master\RISC-V_FreeRTOS_Computer_Vision\IO_Testing\IGL2_MiV_FreeRTOS_Demo\component\work\Top_Level\Top_Level.v (2021-02-12 00:13:09, 2021-02-12 00:16:42) <-- (may instantiate this module)
125      work.MiV_Core32_MiV_Core32_0_MIV_RV32IMA_L1_AHB_SYSTEM_BUS_SBUS.verilog may have changed because the following files changed:
                        C:\Users\cheec\Desktop\Master\RISC-V_FreeRTOS_Computer_Vision\IO_Testing\IGL2_MiV_FreeRTOS_Demo\component\work\Top_Level\Top_Level.v (2021-02-12 00:13:09, 2021-02-12 00:16:42) <-- (may instantiate this module)
126      work.MiV_Core32_MiV_Core32_0_MIV_RV32IMA_L1_AHB_TAG_ARRAY.verilog may have changed because the following files changed:
                        C:\Users\cheec\Desktop\Master\RISC-V_FreeRTOS_Computer_Vision\IO_Testing\IGL2_MiV_FreeRTOS_Demo\component\work\Top_Level\Top_Level.v (2021-02-12 00:13:09, 2021-02-12 00:16:42) <-- (may instantiate this module)
127      work.MiV_Core32_MiV_Core32_0_MIV_RV32IMA_L1_AHB_TAG_ARRAY_0.verilog may have changed because the following files changed:
                        C:\Users\cheec\Desktop\Master\RISC-V_FreeRTOS_Computer_Vision\IO_Testing\IGL2_MiV_FreeRTOS_Demo\component\work\Top_Level\Top_Level.v (2021-02-12 00:13:09, 2021-02-12 00:16:42) <-- (may instantiate this module)
128      work.MiV_Core32_MiV_Core32_0_MIV_RV32IMA_L1_AHB_TAG_ARRAY_0_EXT.verilog may have changed because the following files changed:
                        C:\Users\cheec\Desktop\Master\RISC-V_FreeRTOS_Computer_Vision\IO_Testing\IGL2_MiV_FreeRTOS_Demo\component\work\Top_Level\Top_Level.v (2021-02-12 00:13:09, 2021-02-12 00:16:42) <-- (may instantiate this module)
129      work.MiV_Core32_MiV_Core32_0_MIV_RV32IMA_L1_AHB_TAG_ARRAY_EXT.verilog may have changed because the following files changed:
                        C:\Users\cheec\Desktop\Master\RISC-V_FreeRTOS_Computer_Vision\IO_Testing\IGL2_MiV_FreeRTOS_Demo\component\work\Top_Level\Top_Level.v (2021-02-12 00:13:09, 2021-02-12 00:16:42) <-- (may instantiate this module)
130      work.MiV_Core32_MiV_Core32_0_MIV_RV32IMA_L1_AHB_TLASYNC_CROSSING_SINK_DMI_XING.verilog may have changed because the following files changed:
                        C:\Users\cheec\Desktop\Master\RISC-V_FreeRTOS_Computer_Vision\IO_Testing\IGL2_MiV_FreeRTOS_Demo\component\work\Top_Level\Top_Level.v (2021-02-12 00:13:09, 2021-02-12 00:16:42) <-- (may instantiate this module)
131      work.MiV_Core32_MiV_Core32_0_MIV_RV32IMA_L1_AHB_TLASYNC_CROSSING_SOURCE_DM_INNER.verilog may have changed because the following files changed:
                        C:\Users\cheec\Desktop\Master\RISC-V_FreeRTOS_Computer_Vision\IO_Testing\IGL2_MiV_FreeRTOS_Demo\component\work\Top_Level\Top_Level.v (2021-02-12 00:13:09, 2021-02-12 00:16:42) <-- (may instantiate this module)
132      work.MiV_Core32_MiV_Core32_0_MIV_RV32IMA_L1_AHB_TLATOMIC_AUTOMATA_PERIPHERY_BUS_SLAVE_TLFRAGMENTER.verilog may have changed because the following files changed:
                        C:\Users\cheec\Desktop\Master\RISC-V_FreeRTOS_Computer_Vision\IO_Testing\IGL2_MiV_FreeRTOS_Demo\component\work\Top_Level\Top_Level.v (2021-02-12 00:13:09, 2021-02-12 00:16:42) <-- (may instantiate this module)
133      work.MiV_Core32_MiV_Core32_0_MIV_RV32IMA_L1_AHB_TLB.verilog may have changed because the following files changed:
                        C:\Users\cheec\Desktop\Master\RISC-V_FreeRTOS_Computer_Vision\IO_Testing\IGL2_MiV_FreeRTOS_Demo\component\work\Top_Level\Top_Level.v (2021-02-12 00:13:09, 2021-02-12 00:16:42) <-- (may instantiate this module)
134      work.MiV_Core32_MiV_Core32_0_MIV_RV32IMA_L1_AHB_TLBUFFER_PERIPHERY_BUS_SLAVE_TLBUFFER.verilog may have changed because the following files changed:
                        C:\Users\cheec\Desktop\Master\RISC-V_FreeRTOS_Computer_Vision\IO_Testing\IGL2_MiV_FreeRTOS_Demo\component\work\Top_Level\Top_Level.v (2021-02-12 00:13:09, 2021-02-12 00:16:42) <-- (may instantiate this module)
135      work.MiV_Core32_MiV_Core32_0_MIV_RV32IMA_L1_AHB_TLBUFFER_PERIPHERY_BUS_SLAVE_TLFRAGMENTER.verilog may have changed because the following files changed:
                        C:\Users\cheec\Desktop\Master\RISC-V_FreeRTOS_Computer_Vision\IO_Testing\IGL2_MiV_FreeRTOS_Demo\component\work\Top_Level\Top_Level.v (2021-02-12 00:13:09, 2021-02-12 00:16:42) <-- (may instantiate this module)
136      work.MiV_Core32_MiV_Core32_0_MIV_RV32IMA_L1_AHB_TLBUFFER_SYSTEM_BUS.verilog may have changed because the following files changed:
                        C:\Users\cheec\Desktop\Master\RISC-V_FreeRTOS_Computer_Vision\IO_Testing\IGL2_MiV_FreeRTOS_Demo\component\work\Top_Level\Top_Level.v (2021-02-12 00:13:09, 2021-02-12 00:16:42) <-- (may instantiate this module)
137      work.MiV_Core32_MiV_Core32_0_MIV_RV32IMA_L1_AHB_TLBUFFER_SYSTEM_BUS_SLAVE_TLBUFFER.verilog may have changed because the following files changed:
                        C:\Users\cheec\Desktop\Master\RISC-V_FreeRTOS_Computer_Vision\IO_Testing\IGL2_MiV_FreeRTOS_Demo\component\work\Top_Level\Top_Level.v (2021-02-12 00:13:09, 2021-02-12 00:16:42) <-- (may instantiate this module)
138      work.MiV_Core32_MiV_Core32_0_MIV_RV32IMA_L1_AHB_TLB_1.verilog may have changed because the following files changed:
                        C:\Users\cheec\Desktop\Master\RISC-V_FreeRTOS_Computer_Vision\IO_Testing\IGL2_MiV_FreeRTOS_Demo\component\work\Top_Level\Top_Level.v (2021-02-12 00:13:09, 2021-02-12 00:16:42) <-- (may instantiate this module)
139      work.MiV_Core32_MiV_Core32_0_MIV_RV32IMA_L1_AHB_TLCACHE_CORK_SYSTEM_BUS.verilog may have changed because the following files changed:
                        C:\Users\cheec\Desktop\Master\RISC-V_FreeRTOS_Computer_Vision\IO_Testing\IGL2_MiV_FreeRTOS_Demo\component\work\Top_Level\Top_Level.v (2021-02-12 00:13:09, 2021-02-12 00:16:42) <-- (may instantiate this module)
140      work.MiV_Core32_MiV_Core32_0_MIV_RV32IMA_L1_AHB_TLDEBUG_MODULE_DEBUG.verilog may have changed because the following files changed:
                        C:\Users\cheec\Desktop\Master\RISC-V_FreeRTOS_Computer_Vision\IO_Testing\IGL2_MiV_FreeRTOS_Demo\component\work\Top_Level\Top_Level.v (2021-02-12 00:13:09, 2021-02-12 00:16:42) <-- (may instantiate this module)
141      work.MiV_Core32_MiV_Core32_0_MIV_RV32IMA_L1_AHB_TLDEBUG_MODULE_INNER_ASYNC_DM_INNER.verilog may have changed because the following files changed:
                        C:\Users\cheec\Desktop\Master\RISC-V_FreeRTOS_Computer_Vision\IO_Testing\IGL2_MiV_FreeRTOS_Demo\component\work\Top_Level\Top_Level.v (2021-02-12 00:13:09, 2021-02-12 00:16:42) <-- (may instantiate this module)
142      work.MiV_Core32_MiV_Core32_0_MIV_RV32IMA_L1_AHB_TLDEBUG_MODULE_INNER_DM_INNER.verilog may have changed because the following files changed:
                        C:\Users\cheec\Desktop\Master\RISC-V_FreeRTOS_Computer_Vision\IO_Testing\IGL2_MiV_FreeRTOS_Demo\component\work\Top_Level\Top_Level.v (2021-02-12 00:13:09, 2021-02-12 00:16:42) <-- (may instantiate this module)
143      work.MiV_Core32_MiV_Core32_0_MIV_RV32IMA_L1_AHB_TLDEBUG_MODULE_OUTER_ASYNC_DM_OUTER.verilog may have changed because the following files changed:
                        C:\Users\cheec\Desktop\Master\RISC-V_FreeRTOS_Computer_Vision\IO_Testing\IGL2_MiV_FreeRTOS_Demo\component\work\Top_Level\Top_Level.v (2021-02-12 00:13:09, 2021-02-12 00:16:42) <-- (may instantiate this module)
144      work.MiV_Core32_MiV_Core32_0_MIV_RV32IMA_L1_AHB_TLDEBUG_MODULE_OUTER_DM_OUTER.verilog may have changed because the following files changed:
                        C:\Users\cheec\Desktop\Master\RISC-V_FreeRTOS_Computer_Vision\IO_Testing\IGL2_MiV_FreeRTOS_Demo\component\work\Top_Level\Top_Level.v (2021-02-12 00:13:09, 2021-02-12 00:16:42) <-- (may instantiate this module)
145      work.MiV_Core32_MiV_Core32_0_MIV_RV32IMA_L1_AHB_TLERROR_ERROR.verilog may have changed because the following files changed:
                        C:\Users\cheec\Desktop\Master\RISC-V_FreeRTOS_Computer_Vision\IO_Testing\IGL2_MiV_FreeRTOS_Demo\component\work\Top_Level\Top_Level.v (2021-02-12 00:13:09, 2021-02-12 00:16:42) <-- (may instantiate this module)
146      work.MiV_Core32_MiV_Core32_0_MIV_RV32IMA_L1_AHB_TLFIFOFIXER_SYSTEM_BUS.verilog may have changed because the following files changed:
                        C:\Users\cheec\Desktop\Master\RISC-V_FreeRTOS_Computer_Vision\IO_Testing\IGL2_MiV_FreeRTOS_Demo\component\work\Top_Level\Top_Level.v (2021-02-12 00:13:09, 2021-02-12 00:16:42) <-- (may instantiate this module)
147      work.MiV_Core32_MiV_Core32_0_MIV_RV32IMA_L1_AHB_TLFIFOFIXER_SYSTEM_BUS_PBUS_TLFIFOFIXER.verilog may have changed because the following files changed:
                        C:\Users\cheec\Desktop\Master\RISC-V_FreeRTOS_Computer_Vision\IO_Testing\IGL2_MiV_FreeRTOS_Demo\component\work\Top_Level\Top_Level.v (2021-02-12 00:13:09, 2021-02-12 00:16:42) <-- (may instantiate this module)
148      work.MiV_Core32_MiV_Core32_0_MIV_RV32IMA_L1_AHB_TLFILTER.verilog may have changed because the following files changed:
                        C:\Users\cheec\Desktop\Master\RISC-V_FreeRTOS_Computer_Vision\IO_Testing\IGL2_MiV_FreeRTOS_Demo\component\work\Top_Level\Top_Level.v (2021-02-12 00:13:09, 2021-02-12 00:16:42) <-- (may instantiate this module)
149      work.MiV_Core32_MiV_Core32_0_MIV_RV32IMA_L1_AHB_TLFRAGMENTER_PERIPHERY_BUS_SLAVE_TLFRAGMENTER.verilog may have changed because the following files changed:
                        C:\Users\cheec\Desktop\Master\RISC-V_FreeRTOS_Computer_Vision\IO_Testing\IGL2_MiV_FreeRTOS_Demo\component\work\Top_Level\Top_Level.v (2021-02-12 00:13:09, 2021-02-12 00:16:42) <-- (may instantiate this module)
150      work.MiV_Core32_MiV_Core32_0_MIV_RV32IMA_L1_AHB_TLPLIC_PLIC.verilog may have changed because the following files changed:
                        C:\Users\cheec\Desktop\Master\RISC-V_FreeRTOS_Computer_Vision\IO_Testing\IGL2_MiV_FreeRTOS_Demo\component\work\Top_Level\Top_Level.v (2021-02-12 00:13:09, 2021-02-12 00:16:42) <-- (may instantiate this module)
151      work.MiV_Core32_MiV_Core32_0_MIV_RV32IMA_L1_AHB_TLSPLITTER_SYSTEM_BUS_MASTER_TLSPLITTER.verilog may have changed because the following files changed:
                        C:\Users\cheec\Desktop\Master\RISC-V_FreeRTOS_Computer_Vision\IO_Testing\IGL2_MiV_FreeRTOS_Demo\component\work\Top_Level\Top_Level.v (2021-02-12 00:13:09, 2021-02-12 00:16:42) <-- (may instantiate this module)
152      work.MiV_Core32_MiV_Core32_0_MIV_RV32IMA_L1_AHB_TLTO_AHB.verilog may have changed because the following files changed:
                        C:\Users\cheec\Desktop\Master\RISC-V_FreeRTOS_Computer_Vision\IO_Testing\IGL2_MiV_FreeRTOS_Demo\component\work\Top_Level\Top_Level.v (2021-02-12 00:13:09, 2021-02-12 00:16:42) <-- (may instantiate this module)
153      work.MiV_Core32_MiV_Core32_0_MIV_RV32IMA_L1_AHB_TLTO_AHB_CONVERTER.verilog may have changed because the following files changed:
                        C:\Users\cheec\Desktop\Master\RISC-V_FreeRTOS_Computer_Vision\IO_Testing\IGL2_MiV_FreeRTOS_Demo\component\work\Top_Level\Top_Level.v (2021-02-12 00:13:09, 2021-02-12 00:16:42) <-- (may instantiate this module)
154      work.MiV_Core32_MiV_Core32_0_MIV_RV32IMA_L1_AHB_TLWIDTH_WIDGET.verilog may have changed because the following files changed:
                        C:\Users\cheec\Desktop\Master\RISC-V_FreeRTOS_Computer_Vision\IO_Testing\IGL2_MiV_FreeRTOS_Demo\component\work\Top_Level\Top_Level.v (2021-02-12 00:13:09, 2021-02-12 00:16:42) <-- (may instantiate this module)
155      work.MiV_Core32_MiV_Core32_0_MIV_RV32IMA_L1_AHB_TLWIDTH_WIDGET_SYSTEM_BUS_SLAVE_TLWIDTH_WIDGET.verilog may have changed because the following files changed:
                        C:\Users\cheec\Desktop\Master\RISC-V_FreeRTOS_Computer_Vision\IO_Testing\IGL2_MiV_FreeRTOS_Demo\component\work\Top_Level\Top_Level.v (2021-02-12 00:13:09, 2021-02-12 00:16:42) <-- (may instantiate this module)
156      work.MiV_Core32_MiV_Core32_0_MIV_RV32IMA_L1_AHB_TLXBAR_DMI_XBAR.verilog may have changed because the following files changed:
                        C:\Users\cheec\Desktop\Master\RISC-V_FreeRTOS_Computer_Vision\IO_Testing\IGL2_MiV_FreeRTOS_Demo\component\work\Top_Level\Top_Level.v (2021-02-12 00:13:09, 2021-02-12 00:16:42) <-- (may instantiate this module)
157      work.MiV_Core32_MiV_Core32_0_MIV_RV32IMA_L1_AHB_TLXBAR_MEMORY_BUS.verilog may have changed because the following files changed:
                        C:\Users\cheec\Desktop\Master\RISC-V_FreeRTOS_Computer_Vision\IO_Testing\IGL2_MiV_FreeRTOS_Demo\component\work\Top_Level\Top_Level.v (2021-02-12 00:13:09, 2021-02-12 00:16:42) <-- (may instantiate this module)
158      work.MiV_Core32_MiV_Core32_0_MIV_RV32IMA_L1_AHB_TLXBAR_PERIPHERY_BUS.verilog may have changed because the following files changed:
                        C:\Users\cheec\Desktop\Master\RISC-V_FreeRTOS_Computer_Vision\IO_Testing\IGL2_MiV_FreeRTOS_Demo\component\work\Top_Level\Top_Level.v (2021-02-12 00:13:09, 2021-02-12 00:16:42) <-- (may instantiate this module)
159      work.MiV_Core32_MiV_Core32_0_MIV_RV32IMA_L1_AHB_TLXBAR_SYSTEM_BUS.verilog may have changed because the following files changed:
                        C:\Users\cheec\Desktop\Master\RISC-V_FreeRTOS_Computer_Vision\IO_Testing\IGL2_MiV_FreeRTOS_Demo\component\work\Top_Level\Top_Level.v (2021-02-12 00:13:09, 2021-02-12 00:16:42) <-- (may instantiate this module)
160      work.MiV_Core32_MiV_Core32_0_MIV_RV32IMA_L1_AHB_TLXBAR_TL_MASTER_XBAR.verilog may have changed because the following files changed:
                        C:\Users\cheec\Desktop\Master\RISC-V_FreeRTOS_Computer_Vision\IO_Testing\IGL2_MiV_FreeRTOS_Demo\component\work\Top_Level\Top_Level.v (2021-02-12 00:13:09, 2021-02-12 00:16:42) <-- (may instantiate this module)
161      work.RCOSC_1MHZ.verilog may have changed because the following files changed:
                        C:\Users\cheec\Desktop\Master\RISC-V_FreeRTOS_Computer_Vision\IO_Testing\IGL2_MiV_FreeRTOS_Demo\component\work\Top_Level\Top_Level.v (2021-02-12 00:13:09, 2021-02-12 00:16:42) <-- (may instantiate this module)
162      work.RCOSC_1MHZ_FAB.verilog may have changed because the following files changed:
                        C:\Users\cheec\Desktop\Master\RISC-V_FreeRTOS_Computer_Vision\IO_Testing\IGL2_MiV_FreeRTOS_Demo\component\work\Top_Level\Top_Level.v (2021-02-12 00:13:09, 2021-02-12 00:16:42) <-- (may instantiate this module)
163      work.RCOSC_25_50MHZ.verilog may have changed because the following files changed:
                        C:\Users\cheec\Desktop\Master\RISC-V_FreeRTOS_Computer_Vision\IO_Testing\IGL2_MiV_FreeRTOS_Demo\component\work\Top_Level\Top_Level.v (2021-02-12 00:13:09, 2021-02-12 00:16:42) <-- (may instantiate this module)
164      work.RCOSC_25_50MHZ_FAB.verilog may have changed because the following files changed:
                        C:\Users\cheec\Desktop\Master\RISC-V_FreeRTOS_Computer_Vision\IO_Testing\IGL2_MiV_FreeRTOS_Demo\component\work\Top_Level\Top_Level.v (2021-02-12 00:13:09, 2021-02-12 00:16:42) <-- (may instantiate this module)
165      work.Timer.verilog may have changed because the following files changed:
                        C:\Users\cheec\Desktop\Master\RISC-V_FreeRTOS_Computer_Vision\IO_Testing\IGL2_MiV_FreeRTOS_Demo\component\work\Top_Level\Top_Level.v (2021-02-12 00:13:09, 2021-02-12 00:16:42) <-- (may instantiate this module)
166      work.Top_Level.verilog may have changed because the following files changed:
                        C:\Users\cheec\Desktop\Master\RISC-V_FreeRTOS_Computer_Vision\IO_Testing\IGL2_MiV_FreeRTOS_Demo\component\work\Top_Level\Top_Level.v (2021-02-12 00:13:09, 2021-02-12 00:16:42) <-- (module definition)
176      work.XTLOSC.verilog may have changed because the following files changed:
                        C:\Users\cheec\Desktop\Master\RISC-V_FreeRTOS_Computer_Vision\IO_Testing\IGL2_MiV_FreeRTOS_Demo\component\work\Top_Level\Top_Level.v (2021-02-12 00:13:09, 2021-02-12 00:16:42) <-- (may instantiate this module)
177      work.XTLOSC_FAB.verilog may have changed because the following files changed:
                        C:\Users\cheec\Desktop\Master\RISC-V_FreeRTOS_Computer_Vision\IO_Testing\IGL2_MiV_FreeRTOS_Demo\component\work\Top_Level\Top_Level.v (2021-02-12 00:13:09, 2021-02-12 00:16:42) <-- (may instantiate this module)
178      work.coreresetp_pcie_hotreset.verilog may have changed because the following files changed:
                        C:\Users\cheec\Desktop\Master\RISC-V_FreeRTOS_Computer_Vision\IO_Testing\IGL2_MiV_FreeRTOS_Demo\component\work\Top_Level\Top_Level.v (2021-02-12 00:13:09, 2021-02-12 00:16:42) <-- (may instantiate this module)

*******************************************************************
Unmodified files: 170
FID:  path (timestamp)
194      C:\Microsemi\Libero_SoC_v12.3\SynplifyPro\lib\generic\igloo2.v (2019-07-02 06:54:09)
195      C:\Microsemi\Libero_SoC_v12.3\SynplifyPro\lib\vlog\hypermods.v (2019-07-02 06:54:10)
196      C:\Microsemi\Libero_SoC_v12.3\SynplifyPro\lib\vlog\scemi_objects.v (2019-07-02 06:54:10)
197      C:\Microsemi\Libero_SoC_v12.3\SynplifyPro\lib\vlog\scemi_pipes.svh (2019-07-02 06:54:10)
198      C:\Microsemi\Libero_SoC_v12.3\SynplifyPro\lib\vlog\umr_capim.v (2019-07-02 06:54:10)
199      C:\Users\cheec\Desktop\Master\RISC-V_FreeRTOS_Computer_Vision\IO_Testing\IGL2_MiV_FreeRTOS_Demo\component\Actel\DirectCore\COREAHBTOAPB3\3.1.100\rtl\vlog\core\coreahbtoapb3.v (2019-03-18 11:28:10)
200      C:\Users\cheec\Desktop\Master\RISC-V_FreeRTOS_Computer_Vision\IO_Testing\IGL2_MiV_FreeRTOS_Demo\component\Actel\DirectCore\COREAHBTOAPB3\3.1.100\rtl\vlog\core\coreahbtoapb3_ahbtoapbsm.v (2019-03-18 11:28:10)
201      C:\Users\cheec\Desktop\Master\RISC-V_FreeRTOS_Computer_Vision\IO_Testing\IGL2_MiV_FreeRTOS_Demo\component\Actel\DirectCore\COREAHBTOAPB3\3.1.100\rtl\vlog\core\coreahbtoapb3_apbaddrdata.v (2019-03-18 11:28:10)
202      C:\Users\cheec\Desktop\Master\RISC-V_FreeRTOS_Computer_Vision\IO_Testing\IGL2_MiV_FreeRTOS_Demo\component\Actel\DirectCore\COREAHBTOAPB3\3.1.100\rtl\vlog\core\coreahbtoapb3_penablescheduler.v (2019-03-18 11:28:10)
203      C:\Users\cheec\Desktop\Master\RISC-V_FreeRTOS_Computer_Vision\IO_Testing\IGL2_MiV_FreeRTOS_Demo\component\Actel\DirectCore\COREJTAGDEBUG\3.0.100\core\corejtagdebug.v (2019-02-04 08:34:40)
204      C:\Users\cheec\Desktop\Master\RISC-V_FreeRTOS_Computer_Vision\IO_Testing\IGL2_MiV_FreeRTOS_Demo\component\Actel\DirectCore\COREJTAGDEBUG\3.0.100\core\corejtagdebug_uj_jtag.v (2019-02-04 08:34:40)
205      C:\Users\cheec\Desktop\Master\RISC-V_FreeRTOS_Computer_Vision\IO_Testing\IGL2_MiV_FreeRTOS_Demo\component\Actel\DirectCore\COREJTAGDEBUG\3.0.100\core\corejtagdebug_ujtag_wrapper.v (2019-02-04 08:34:40)
206      C:\Users\cheec\Desktop\Master\RISC-V_FreeRTOS_Computer_Vision\IO_Testing\IGL2_MiV_FreeRTOS_Demo\component\Actel\DirectCore\CoreAHBLite\5.2.100\rtl\vlog\core\coreahblite.v (2018-03-21 17:01:08)
207      C:\Users\cheec\Desktop\Master\RISC-V_FreeRTOS_Computer_Vision\IO_Testing\IGL2_MiV_FreeRTOS_Demo\component\Actel\DirectCore\CoreAHBLite\5.2.100\rtl\vlog\core\coreahblite_addrdec.v (2018-03-21 17:01:08)
208      C:\Users\cheec\Desktop\Master\RISC-V_FreeRTOS_Computer_Vision\IO_Testing\IGL2_MiV_FreeRTOS_Demo\component\Actel\DirectCore\CoreAHBLite\5.2.100\rtl\vlog\core\coreahblite_defaultslavesm.v (2018-03-21 17:01:08)
209      C:\Users\cheec\Desktop\Master\RISC-V_FreeRTOS_Computer_Vision\IO_Testing\IGL2_MiV_FreeRTOS_Demo\component\Actel\DirectCore\CoreAHBLite\5.2.100\rtl\vlog\core\coreahblite_masterstage.v (2018-03-21 17:01:08)
210      C:\Users\cheec\Desktop\Master\RISC-V_FreeRTOS_Computer_Vision\IO_Testing\IGL2_MiV_FreeRTOS_Demo\component\Actel\DirectCore\CoreAHBLite\5.2.100\rtl\vlog\core\coreahblite_matrix4x16.v (2018-03-21 17:01:08)
211      C:\Users\cheec\Desktop\Master\RISC-V_FreeRTOS_Computer_Vision\IO_Testing\IGL2_MiV_FreeRTOS_Demo\component\Actel\DirectCore\CoreAHBLite\5.2.100\rtl\vlog\core\coreahblite_slavearbiter.v (2018-03-21 17:01:08)
212      C:\Users\cheec\Desktop\Master\RISC-V_FreeRTOS_Computer_Vision\IO_Testing\IGL2_MiV_FreeRTOS_Demo\component\Actel\DirectCore\CoreAHBLite\5.2.100\rtl\vlog\core\coreahblite_slavestage.v (2018-03-21 17:01:08)
213      C:\Users\cheec\Desktop\Master\RISC-V_FreeRTOS_Computer_Vision\IO_Testing\IGL2_MiV_FreeRTOS_Demo\component\Actel\DirectCore\CoreAPB3\4.1.100\rtl\vlog\core_obfuscated\coreapb3.v (2020-10-26 20:51:05)
214      C:\Users\cheec\Desktop\Master\RISC-V_FreeRTOS_Computer_Vision\IO_Testing\IGL2_MiV_FreeRTOS_Demo\component\Actel\DirectCore\CoreAPB3\4.1.100\rtl\vlog\core_obfuscated\coreapb3_iaddr_reg.v (2020-10-26 20:51:05)
215      C:\Users\cheec\Desktop\Master\RISC-V_FreeRTOS_Computer_Vision\IO_Testing\IGL2_MiV_FreeRTOS_Demo\component\Actel\DirectCore\CoreAPB3\4.1.100\rtl\vlog\core_obfuscated\coreapb3_muxptob3.v (2020-10-26 20:51:05)
216      C:\Users\cheec\Desktop\Master\RISC-V_FreeRTOS_Computer_Vision\IO_Testing\IGL2_MiV_FreeRTOS_Demo\component\Actel\DirectCore\CoreConfigMaster\2.1.102\rtl\vlog\core\coreconfigmaster.v (2018-03-21 17:00:36)
217      C:\Users\cheec\Desktop\Master\RISC-V_FreeRTOS_Computer_Vision\IO_Testing\IGL2_MiV_FreeRTOS_Demo\component\Actel\DirectCore\CoreConfigP\7.1.100\rtl\vlog\core\coreconfigp.v (2018-03-21 17:01:08)
218      C:\Users\cheec\Desktop\Master\RISC-V_FreeRTOS_Computer_Vision\IO_Testing\IGL2_MiV_FreeRTOS_Demo\component\Actel\DirectCore\CoreResetP\7.1.100\rtl\vlog\core\coreresetp.v (2018-03-21 17:01:08)
219      C:\Users\cheec\Desktop\Master\RISC-V_FreeRTOS_Computer_Vision\IO_Testing\IGL2_MiV_FreeRTOS_Demo\component\Actel\DirectCore\CoreResetP\7.1.100\rtl\vlog\core\coreresetp_pcie_hotreset.v (2018-03-21 17:01:08)
220      C:\Users\cheec\Desktop\Master\RISC-V_FreeRTOS_Computer_Vision\IO_Testing\IGL2_MiV_FreeRTOS_Demo\component\Actel\DirectCore\CoreTimer\2.0.103\rtl\vlog\core\coretimer.v (2019-03-18 14:32:28)
221      C:\Users\cheec\Desktop\Master\RISC-V_FreeRTOS_Computer_Vision\IO_Testing\IGL2_MiV_FreeRTOS_Demo\component\Actel\SgCore\OSC\2.0.101\osc_comps.v (2018-03-21 17:01:10)
222      C:\Users\cheec\Desktop\Master\RISC-V_FreeRTOS_Computer_Vision\IO_Testing\IGL2_MiV_FreeRTOS_Demo\component\USER\UserCore\MIRSLV2MIRMSTRBRIDGE_AHB\1.0.3\rtl\core\mirslv2mirmstrbridge_ahb.v (2018-03-22 11:26:22)
223      C:\Users\cheec\Desktop\Master\RISC-V_FreeRTOS_Computer_Vision\IO_Testing\IGL2_MiV_FreeRTOS_Demo\component\work\AHB_MEM\AHB_MEM.v (2019-03-27 15:02:50)
224      C:\Users\cheec\Desktop\Master\RISC-V_FreeRTOS_Computer_Vision\IO_Testing\IGL2_MiV_FreeRTOS_Demo\component\work\AHB_MMIO\AHB_MMIO.v (2019-03-27 15:03:20)
225      C:\Users\cheec\Desktop\Master\RISC-V_FreeRTOS_Computer_Vision\IO_Testing\IGL2_MiV_FreeRTOS_Demo\component\work\AHB_Slave2MasterBridge\AHB_Slave2MasterBridge.v (2019-03-19 12:34:36)
226      C:\Users\cheec\Desktop\Master\RISC-V_FreeRTOS_Computer_Vision\IO_Testing\IGL2_MiV_FreeRTOS_Demo\component\work\AHBtoAPB3\AHBtoAPB3.v (2019-03-18 14:26:42)
227      C:\Users\cheec\Desktop\Master\RISC-V_FreeRTOS_Computer_Vision\IO_Testing\IGL2_MiV_FreeRTOS_Demo\component\work\APB3_Bus\APB3_Bus.v (2021-02-11 16:30:10)
228      C:\Users\cheec\Desktop\Master\RISC-V_FreeRTOS_Computer_Vision\IO_Testing\IGL2_MiV_FreeRTOS_Demo\component\work\BasicIO_Interface\BasicIO_Interface_syn.v (2019-04-24 10:03:06)
229      C:\Users\cheec\Desktop\Master\RISC-V_FreeRTOS_Computer_Vision\IO_Testing\IGL2_MiV_FreeRTOS_Demo\component\work\CoreGPIO_C0\CoreGPIO_C0.v (2021-02-11 21:44:14)
230      C:\Users\cheec\Desktop\Master\RISC-V_FreeRTOS_Computer_Vision\IO_Testing\IGL2_MiV_FreeRTOS_Demo\component\work\CoreGPIO_C0\CoreGPIO_C0_0\rtl\vlog\core\coregpio.v (2021-02-11 21:44:14)
231      C:\Users\cheec\Desktop\Master\RISC-V_FreeRTOS_Computer_Vision\IO_Testing\IGL2_MiV_FreeRTOS_Demo\component\work\JTAG\JTAG.v (2019-03-18 14:04:12)
232      C:\Users\cheec\Desktop\Master\RISC-V_FreeRTOS_Computer_Vision\IO_Testing\IGL2_MiV_FreeRTOS_Demo\component\work\MSS_SubSystem_sb\CCC_0\MSS_SubSystem_sb_CCC_0_FCCC.v (2019-03-27 15:26:26)
233      C:\Users\cheec\Desktop\Master\RISC-V_FreeRTOS_Computer_Vision\IO_Testing\IGL2_MiV_FreeRTOS_Demo\component\work\MSS_SubSystem_sb\FABOSC_0\MSS_SubSystem_sb_FABOSC_0_OSC.v (2019-03-27 15:26:28)
234      C:\Users\cheec\Desktop\Master\RISC-V_FreeRTOS_Computer_Vision\IO_Testing\IGL2_MiV_FreeRTOS_Demo\component\work\MSS_SubSystem_sb\MSS_SubSystem_sb.v (2019-03-27 15:26:28)
235      C:\Users\cheec\Desktop\Master\RISC-V_FreeRTOS_Computer_Vision\IO_Testing\IGL2_MiV_FreeRTOS_Demo\component\work\MSS_SubSystem_sb_HPMS\MSS_SubSystem_sb_HPMS.v (2019-03-27 15:26:24)
236      C:\Users\cheec\Desktop\Master\RISC-V_FreeRTOS_Computer_Vision\IO_Testing\IGL2_MiV_FreeRTOS_Demo\component\work\MSS_SubSystem_sb_HPMS\MSS_SubSystem_sb_HPMS_syn.v (2019-03-27 15:26:22)
237      C:\Users\cheec\Desktop\Master\RISC-V_FreeRTOS_Computer_Vision\IO_Testing\IGL2_MiV_FreeRTOS_Demo\component\work\MiV_Core32\MiV_Core32.v (2019-04-23 10:51:16)
238      C:\Users\cheec\Desktop\Master\RISC-V_FreeRTOS_Computer_Vision\IO_Testing\IGL2_MiV_FreeRTOS_Demo\component\work\MiV_Core32\MiV_Core32_0\core\miv_rv32ima_l1_ahb.v (2019-04-23 10:51:16)
239      C:\Users\cheec\Desktop\Master\RISC-V_FreeRTOS_Computer_Vision\IO_Testing\IGL2_MiV_FreeRTOS_Demo\component\work\MiV_Core32\MiV_Core32_0\core\miv_rv32ima_l1_ahb_alu.v (2019-04-23 10:51:14)
240      C:\Users\cheec\Desktop\Master\RISC-V_FreeRTOS_Computer_Vision\IO_Testing\IGL2_MiV_FreeRTOS_Demo\component\work\MiV_Core32\MiV_Core32_0\core\miv_rv32ima_l1_ahb_amoalu.v (2019-04-23 10:51:14)
241      C:\Users\cheec\Desktop\Master\RISC-V_FreeRTOS_Computer_Vision\IO_Testing\IGL2_MiV_FreeRTOS_Demo\component\work\MiV_Core32\MiV_Core32_0\core\miv_rv32ima_l1_ahb_arbiter.v (2019-04-23 10:51:14)
242      C:\Users\cheec\Desktop\Master\RISC-V_FreeRTOS_Computer_Vision\IO_Testing\IGL2_MiV_FreeRTOS_Demo\component\work\MiV_Core32\MiV_Core32_0\core\miv_rv32ima_l1_ahb_arbiter_1.v (2019-04-23 10:51:14)
243      C:\Users\cheec\Desktop\Master\RISC-V_FreeRTOS_Computer_Vision\IO_Testing\IGL2_MiV_FreeRTOS_Demo\component\work\MiV_Core32\MiV_Core32_0\core\miv_rv32ima_l1_ahb_async_queue_sink.v (2019-04-23 10:51:14)
244      C:\Users\cheec\Desktop\Master\RISC-V_FreeRTOS_Computer_Vision\IO_Testing\IGL2_MiV_FreeRTOS_Demo\component\work\MiV_Core32\MiV_Core32_0\core\miv_rv32ima_l1_ahb_async_queue_sink_1.v (2019-04-23 10:51:14)
245      C:\Users\cheec\Desktop\Master\RISC-V_FreeRTOS_Computer_Vision\IO_Testing\IGL2_MiV_FreeRTOS_Demo\component\work\MiV_Core32\MiV_Core32_0\core\miv_rv32ima_l1_ahb_async_queue_sink_2.v (2019-04-23 10:51:14)
246      C:\Users\cheec\Desktop\Master\RISC-V_FreeRTOS_Computer_Vision\IO_Testing\IGL2_MiV_FreeRTOS_Demo\component\work\MiV_Core32\MiV_Core32_0\core\miv_rv32ima_l1_ahb_async_queue_source.v (2019-04-23 10:51:14)
247      C:\Users\cheec\Desktop\Master\RISC-V_FreeRTOS_Computer_Vision\IO_Testing\IGL2_MiV_FreeRTOS_Demo\component\work\MiV_Core32\MiV_Core32_0\core\miv_rv32ima_l1_ahb_async_queue_source_1.v (2019-04-23 10:51:14)
248      C:\Users\cheec\Desktop\Master\RISC-V_FreeRTOS_Computer_Vision\IO_Testing\IGL2_MiV_FreeRTOS_Demo\component\work\MiV_Core32\MiV_Core32_0\core\miv_rv32ima_l1_ahb_async_queue_source_2.v (2019-04-23 10:51:14)
249      C:\Users\cheec\Desktop\Master\RISC-V_FreeRTOS_Computer_Vision\IO_Testing\IGL2_MiV_FreeRTOS_Demo\component\work\MiV_Core32\MiV_Core32_0\core\miv_rv32ima_l1_ahb_async_reset_reg.v (2019-04-23 10:51:14)
250      C:\Users\cheec\Desktop\Master\RISC-V_FreeRTOS_Computer_Vision\IO_Testing\IGL2_MiV_FreeRTOS_Demo\component\work\MiV_Core32\MiV_Core32_0\core\miv_rv32ima_l1_ahb_async_reset_reg_vec_w1_i0.v (2019-04-23 10:51:14)
251      C:\Users\cheec\Desktop\Master\RISC-V_FreeRTOS_Computer_Vision\IO_Testing\IGL2_MiV_FreeRTOS_Demo\component\work\MiV_Core32\MiV_Core32_0\core\miv_rv32ima_l1_ahb_async_reset_reg_vec_w2_i0.v (2019-04-23 10:51:14)
252      C:\Users\cheec\Desktop\Master\RISC-V_FreeRTOS_Computer_Vision\IO_Testing\IGL2_MiV_FreeRTOS_Demo\component\work\MiV_Core32\MiV_Core32_0\core\miv_rv32ima_l1_ahb_async_reset_reg_vec_w32_i0.v (2019-04-23 10:51:14)
253      C:\Users\cheec\Desktop\Master\RISC-V_FreeRTOS_Computer_Vision\IO_Testing\IGL2_MiV_FreeRTOS_Demo\component\work\MiV_Core32\MiV_Core32_0\core\miv_rv32ima_l1_ahb_async_reset_reg_vec_w4_i15.v (2019-04-23 10:51:14)
254      C:\Users\cheec\Desktop\Master\RISC-V_FreeRTOS_Computer_Vision\IO_Testing\IGL2_MiV_FreeRTOS_Demo\component\work\MiV_Core32\MiV_Core32_0\core\miv_rv32ima_l1_ahb_async_reset_synchronizer_shift_reg_w1_d1_i0.v (2019-04-23 10:51:14)
255      C:\Users\cheec\Desktop\Master\RISC-V_FreeRTOS_Computer_Vision\IO_Testing\IGL2_MiV_FreeRTOS_Demo\component\work\MiV_Core32\MiV_Core32_0\core\miv_rv32ima_l1_ahb_async_reset_synchronizer_shift_reg_w1_d3_i0.v (2019-04-23 10:51:14)
256      C:\Users\cheec\Desktop\Master\RISC-V_FreeRTOS_Computer_Vision\IO_Testing\IGL2_MiV_FreeRTOS_Demo\component\work\MiV_Core32\MiV_Core32_0\core\miv_rv32ima_l1_ahb_async_reset_synchronizer_shift_reg_w1_d4_i0.v (2019-04-23 10:51:14)
257      C:\Users\cheec\Desktop\Master\RISC-V_FreeRTOS_Computer_Vision\IO_Testing\IGL2_MiV_FreeRTOS_Demo\component\work\MiV_Core32\MiV_Core32_0\core\miv_rv32ima_l1_ahb_async_valid_sync.v (2019-04-23 10:51:14)
258      C:\Users\cheec\Desktop\Master\RISC-V_FreeRTOS_Computer_Vision\IO_Testing\IGL2_MiV_FreeRTOS_Demo\component\work\MiV_Core32\MiV_Core32_0\core\miv_rv32ima_l1_ahb_async_valid_sync_1.v (2019-04-23 10:51:14)
259      C:\Users\cheec\Desktop\Master\RISC-V_FreeRTOS_Computer_Vision\IO_Testing\IGL2_MiV_FreeRTOS_Demo\component\work\MiV_Core32\MiV_Core32_0\core\miv_rv32ima_l1_ahb_async_valid_sync_2.v (2019-04-23 10:51:14)
260      C:\Users\cheec\Desktop\Master\RISC-V_FreeRTOS_Computer_Vision\IO_Testing\IGL2_MiV_FreeRTOS_Demo\component\work\MiV_Core32\MiV_Core32_0\core\miv_rv32ima_l1_ahb_async_valid_sync_3.v (2019-04-23 10:51:14)
261      C:\Users\cheec\Desktop\Master\RISC-V_FreeRTOS_Computer_Vision\IO_Testing\IGL2_MiV_FreeRTOS_Demo\component\work\MiV_Core32\MiV_Core32_0\core\miv_rv32ima_l1_ahb_async_valid_sync_4.v (2019-04-23 10:51:14)
262      C:\Users\cheec\Desktop\Master\RISC-V_FreeRTOS_Computer_Vision\IO_Testing\IGL2_MiV_FreeRTOS_Demo\component\work\MiV_Core32\MiV_Core32_0\core\miv_rv32ima_l1_ahb_async_valid_sync_5.v (2019-04-23 10:51:14)
263      C:\Users\cheec\Desktop\Master\RISC-V_FreeRTOS_Computer_Vision\IO_Testing\IGL2_MiV_FreeRTOS_Demo\component\work\MiV_Core32\MiV_Core32_0\core\miv_rv32ima_l1_ahb_breakpoint_unit.v (2019-04-23 10:51:14)
264      C:\Users\cheec\Desktop\Master\RISC-V_FreeRTOS_Computer_Vision\IO_Testing\IGL2_MiV_FreeRTOS_Demo\component\work\MiV_Core32\MiV_Core32_0\core\miv_rv32ima_l1_ahb_capture_chain.v (2019-04-23 10:51:14)
265      C:\Users\cheec\Desktop\Master\RISC-V_FreeRTOS_Computer_Vision\IO_Testing\IGL2_MiV_FreeRTOS_Demo\component\work\MiV_Core32\MiV_Core32_0\core\miv_rv32ima_l1_ahb_capture_update_chain.v (2019-04-23 10:51:14)
266      C:\Users\cheec\Desktop\Master\RISC-V_FreeRTOS_Computer_Vision\IO_Testing\IGL2_MiV_FreeRTOS_Demo\component\work\MiV_Core32\MiV_Core32_0\core\miv_rv32ima_l1_ahb_capture_update_chain_1.v (2019-04-23 10:51:14)
267      C:\Users\cheec\Desktop\Master\RISC-V_FreeRTOS_Computer_Vision\IO_Testing\IGL2_MiV_FreeRTOS_Demo\component\work\MiV_Core32\MiV_Core32_0\core\miv_rv32ima_l1_ahb_capture_update_chain_2.v (2019-04-23 10:51:14)
268      C:\Users\cheec\Desktop\Master\RISC-V_FreeRTOS_Computer_Vision\IO_Testing\IGL2_MiV_FreeRTOS_Demo\component\work\MiV_Core32\MiV_Core32_0\core\miv_rv32ima_l1_ahb_coreplex_local_interrupter_clint.v (2019-04-23 10:51:14)
269      C:\Users\cheec\Desktop\Master\RISC-V_FreeRTOS_Computer_Vision\IO_Testing\IGL2_MiV_FreeRTOS_Demo\component\work\MiV_Core32\MiV_Core32_0\core\miv_rv32ima_l1_ahb_csrfile.v (2019-04-23 10:51:16)
270      C:\Users\cheec\Desktop\Master\RISC-V_FreeRTOS_Computer_Vision\IO_Testing\IGL2_MiV_FreeRTOS_Demo\component\work\MiV_Core32\MiV_Core32_0\core\miv_rv32ima_l1_ahb_data_arrays_0.v (2019-04-23 10:51:16)
271      C:\Users\cheec\Desktop\Master\RISC-V_FreeRTOS_Computer_Vision\IO_Testing\IGL2_MiV_FreeRTOS_Demo\component\work\MiV_Core32\MiV_Core32_0\core\miv_rv32ima_l1_ahb_data_arrays_0_0.v (2019-04-23 10:51:16)
272      C:\Users\cheec\Desktop\Master\RISC-V_FreeRTOS_Computer_Vision\IO_Testing\IGL2_MiV_FreeRTOS_Demo\component\work\MiV_Core32\MiV_Core32_0\core\miv_rv32ima_l1_ahb_data_arrays_0_0_ext.v (2019-04-23 10:51:16)
273      C:\Users\cheec\Desktop\Master\RISC-V_FreeRTOS_Computer_Vision\IO_Testing\IGL2_MiV_FreeRTOS_Demo\component\work\MiV_Core32\MiV_Core32_0\core\miv_rv32ima_l1_ahb_data_arrays_0_ext.v (2019-04-23 10:51:16)
274      C:\Users\cheec\Desktop\Master\RISC-V_FreeRTOS_Computer_Vision\IO_Testing\IGL2_MiV_FreeRTOS_Demo\component\work\MiV_Core32\MiV_Core32_0\core\miv_rv32ima_l1_ahb_dcache_data_array.v (2019-04-23 10:51:16)
275      C:\Users\cheec\Desktop\Master\RISC-V_FreeRTOS_Computer_Vision\IO_Testing\IGL2_MiV_FreeRTOS_Demo\component\work\MiV_Core32\MiV_Core32_0\core\miv_rv32ima_l1_ahb_dcache_dcache.v (2019-04-23 10:51:16)
276      C:\Users\cheec\Desktop\Master\RISC-V_FreeRTOS_Computer_Vision\IO_Testing\IGL2_MiV_FreeRTOS_Demo\component\work\MiV_Core32\MiV_Core32_0\core\miv_rv32ima_l1_ahb_debug_transport_module_jtag.v (2019-04-23 10:51:14)
277      C:\Users\cheec\Desktop\Master\RISC-V_FreeRTOS_Computer_Vision\IO_Testing\IGL2_MiV_FreeRTOS_Demo\component\work\MiV_Core32\MiV_Core32_0\core\miv_rv32ima_l1_ahb_dmito_tl_dmi2tl.v (2019-04-23 10:51:14)
278      C:\Users\cheec\Desktop\Master\RISC-V_FreeRTOS_Computer_Vision\IO_Testing\IGL2_MiV_FreeRTOS_Demo\component\work\MiV_Core32\MiV_Core32_0\core\miv_rv32ima_l1_ahb_frontend_frontend.v (2019-04-23 10:51:16)
279      C:\Users\cheec\Desktop\Master\RISC-V_FreeRTOS_Computer_Vision\IO_Testing\IGL2_MiV_FreeRTOS_Demo\component\work\MiV_Core32\MiV_Core32_0\core\miv_rv32ima_l1_ahb_hella_cache_arbiter.v (2019-04-23 10:51:14)
280      C:\Users\cheec\Desktop\Master\RISC-V_FreeRTOS_Computer_Vision\IO_Testing\IGL2_MiV_FreeRTOS_Demo\component\work\MiV_Core32\MiV_Core32_0\core\miv_rv32ima_l1_ahb_ibuf.v (2019-04-23 10:51:14)
281      C:\Users\cheec\Desktop\Master\RISC-V_FreeRTOS_Computer_Vision\IO_Testing\IGL2_MiV_FreeRTOS_Demo\component\work\MiV_Core32\MiV_Core32_0\core\miv_rv32ima_l1_ahb_icache_icache.v (2019-04-23 10:51:16)
282      C:\Users\cheec\Desktop\Master\RISC-V_FreeRTOS_Computer_Vision\IO_Testing\IGL2_MiV_FreeRTOS_Demo\component\work\MiV_Core32\MiV_Core32_0\core\miv_rv32ima_l1_ahb_identity_module.v (2019-04-23 10:51:14)
283      C:\Users\cheec\Desktop\Master\RISC-V_FreeRTOS_Computer_Vision\IO_Testing\IGL2_MiV_FreeRTOS_Demo\component\work\MiV_Core32\MiV_Core32_0\core\miv_rv32ima_l1_ahb_int_sync_crossing_sink.v (2019-04-23 10:51:14)
284      C:\Users\cheec\Desktop\Master\RISC-V_FreeRTOS_Computer_Vision\IO_Testing\IGL2_MiV_FreeRTOS_Demo\component\work\MiV_Core32\MiV_Core32_0\core\miv_rv32ima_l1_ahb_int_sync_crossing_sink_1.v (2019-04-23 10:51:14)
285      C:\Users\cheec\Desktop\Master\RISC-V_FreeRTOS_Computer_Vision\IO_Testing\IGL2_MiV_FreeRTOS_Demo\component\work\MiV_Core32\MiV_Core32_0\core\miv_rv32ima_l1_ahb_int_sync_crossing_source.v (2019-04-23 10:51:14)
286      C:\Users\cheec\Desktop\Master\RISC-V_FreeRTOS_Computer_Vision\IO_Testing\IGL2_MiV_FreeRTOS_Demo\component\work\MiV_Core32\MiV_Core32_0\core\miv_rv32ima_l1_ahb_int_sync_crossing_source_2.v (2019-04-23 10:51:14)
287      C:\Users\cheec\Desktop\Master\RISC-V_FreeRTOS_Computer_Vision\IO_Testing\IGL2_MiV_FreeRTOS_Demo\component\work\MiV_Core32\MiV_Core32_0\core\miv_rv32ima_l1_ahb_int_xbar.v (2019-04-23 10:51:14)
288      C:\Users\cheec\Desktop\Master\RISC-V_FreeRTOS_Computer_Vision\IO_Testing\IGL2_MiV_FreeRTOS_Demo\component\work\MiV_Core32\MiV_Core32_0\core\miv_rv32ima_l1_ahb_int_xbar_int_xbar.v (2019-04-23 10:51:14)
289      C:\Users\cheec\Desktop\Master\RISC-V_FreeRTOS_Computer_Vision\IO_Testing\IGL2_MiV_FreeRTOS_Demo\component\work\MiV_Core32\MiV_Core32_0\core\miv_rv32ima_l1_ahb_int_xing.v (2019-04-23 10:51:14)
290      C:\Users\cheec\Desktop\Master\RISC-V_FreeRTOS_Computer_Vision\IO_Testing\IGL2_MiV_FreeRTOS_Demo\component\work\MiV_Core32\MiV_Core32_0\core\miv_rv32ima_l1_ahb_jtag_bypass_chain.v (2019-04-23 10:51:14)
291      C:\Users\cheec\Desktop\Master\RISC-V_FreeRTOS_Computer_Vision\IO_Testing\IGL2_MiV_FreeRTOS_Demo\component\work\MiV_Core32\MiV_Core32_0\core\miv_rv32ima_l1_ahb_jtag_state_machine.v (2019-04-23 10:51:14)
292      C:\Users\cheec\Desktop\Master\RISC-V_FreeRTOS_Computer_Vision\IO_Testing\IGL2_MiV_FreeRTOS_Demo\component\work\MiV_Core32\MiV_Core32_0\core\miv_rv32ima_l1_ahb_jtag_tap_controller.v (2019-04-23 10:51:14)
293      C:\Users\cheec\Desktop\Master\RISC-V_FreeRTOS_Computer_Vision\IO_Testing\IGL2_MiV_FreeRTOS_Demo\component\work\MiV_Core32\MiV_Core32_0\core\miv_rv32ima_l1_ahb_level_gateway.v (2019-04-23 10:51:14)
294      C:\Users\cheec\Desktop\Master\RISC-V_FreeRTOS_Computer_Vision\IO_Testing\IGL2_MiV_FreeRTOS_Demo\component\work\MiV_Core32\MiV_Core32_0\core\miv_rv32ima_l1_ahb_memory_bus_mem_buses_0.v (2019-04-23 10:51:14)
295      C:\Users\cheec\Desktop\Master\RISC-V_FreeRTOS_Computer_Vision\IO_Testing\IGL2_MiV_FreeRTOS_Demo\component\work\MiV_Core32\MiV_Core32_0\core\miv_rv32ima_l1_ahb_mul_div.v (2019-04-23 10:51:14)
296      C:\Users\cheec\Desktop\Master\RISC-V_FreeRTOS_Computer_Vision\IO_Testing\IGL2_MiV_FreeRTOS_Demo\component\work\MiV_Core32\MiV_Core32_0\core\miv_rv32ima_l1_ahb_negative_edge_latch.v (2019-04-23 10:51:14)
297      C:\Users\cheec\Desktop\Master\RISC-V_FreeRTOS_Computer_Vision\IO_Testing\IGL2_MiV_FreeRTOS_Demo\component\work\MiV_Core32\MiV_Core32_0\core\miv_rv32ima_l1_ahb_negative_edge_latch_2.v (2019-04-23 10:51:14)
298      C:\Users\cheec\Desktop\Master\RISC-V_FreeRTOS_Computer_Vision\IO_Testing\IGL2_MiV_FreeRTOS_Demo\component\work\MiV_Core32\MiV_Core32_0\core\miv_rv32ima_l1_ahb_periphery_bus_pbus.v (2019-04-23 10:51:14)
299      C:\Users\cheec\Desktop\Master\RISC-V_FreeRTOS_Computer_Vision\IO_Testing\IGL2_MiV_FreeRTOS_Demo\component\work\MiV_Core32\MiV_Core32_0\core\miv_rv32ima_l1_ahb_plusarg_reader.v (2019-04-23 10:51:14)
300      C:\Users\cheec\Desktop\Master\RISC-V_FreeRTOS_Computer_Vision\IO_Testing\IGL2_MiV_FreeRTOS_Demo\component\work\MiV_Core32\MiV_Core32_0\core\miv_rv32ima_l1_ahb_queue.v (2019-04-23 10:51:14)
301      C:\Users\cheec\Desktop\Master\RISC-V_FreeRTOS_Computer_Vision\IO_Testing\IGL2_MiV_FreeRTOS_Demo\component\work\MiV_Core32\MiV_Core32_0\core\miv_rv32ima_l1_ahb_queue_1.v (2019-04-23 10:51:14)
302      C:\Users\cheec\Desktop\Master\RISC-V_FreeRTOS_Computer_Vision\IO_Testing\IGL2_MiV_FreeRTOS_Demo\component\work\MiV_Core32\MiV_Core32_0\core\miv_rv32ima_l1_ahb_queue_10.v (2019-04-23 10:51:14)
303      C:\Users\cheec\Desktop\Master\RISC-V_FreeRTOS_Computer_Vision\IO_Testing\IGL2_MiV_FreeRTOS_Demo\component\work\MiV_Core32\MiV_Core32_0\core\miv_rv32ima_l1_ahb_queue_11.v (2019-04-23 10:51:14)
304      C:\Users\cheec\Desktop\Master\RISC-V_FreeRTOS_Computer_Vision\IO_Testing\IGL2_MiV_FreeRTOS_Demo\component\work\MiV_Core32\MiV_Core32_0\core\miv_rv32ima_l1_ahb_queue_13.v (2019-04-23 10:51:14)
305      C:\Users\cheec\Desktop\Master\RISC-V_FreeRTOS_Computer_Vision\IO_Testing\IGL2_MiV_FreeRTOS_Demo\component\work\MiV_Core32\MiV_Core32_0\core\miv_rv32ima_l1_ahb_queue_14.v (2019-04-23 10:51:14)
306      C:\Users\cheec\Desktop\Master\RISC-V_FreeRTOS_Computer_Vision\IO_Testing\IGL2_MiV_FreeRTOS_Demo\component\work\MiV_Core32\MiV_Core32_0\core\miv_rv32ima_l1_ahb_queue_15.v (2019-04-23 10:51:14)
307      C:\Users\cheec\Desktop\Master\RISC-V_FreeRTOS_Computer_Vision\IO_Testing\IGL2_MiV_FreeRTOS_Demo\component\work\MiV_Core32\MiV_Core32_0\core\miv_rv32ima_l1_ahb_queue_16.v (2019-04-23 10:51:14)
308      C:\Users\cheec\Desktop\Master\RISC-V_FreeRTOS_Computer_Vision\IO_Testing\IGL2_MiV_FreeRTOS_Demo\component\work\MiV_Core32\MiV_Core32_0\core\miv_rv32ima_l1_ahb_queue_18.v (2019-04-23 10:51:14)
309      C:\Users\cheec\Desktop\Master\RISC-V_FreeRTOS_Computer_Vision\IO_Testing\IGL2_MiV_FreeRTOS_Demo\component\work\MiV_Core32\MiV_Core32_0\core\miv_rv32ima_l1_ahb_queue_19.v (2019-04-23 10:51:14)
310      C:\Users\cheec\Desktop\Master\RISC-V_FreeRTOS_Computer_Vision\IO_Testing\IGL2_MiV_FreeRTOS_Demo\component\work\MiV_Core32\MiV_Core32_0\core\miv_rv32ima_l1_ahb_queue_4.v (2019-04-23 10:51:14)
311      C:\Users\cheec\Desktop\Master\RISC-V_FreeRTOS_Computer_Vision\IO_Testing\IGL2_MiV_FreeRTOS_Demo\component\work\MiV_Core32\MiV_Core32_0\core\miv_rv32ima_l1_ahb_queue_5.v (2019-04-23 10:51:14)
312      C:\Users\cheec\Desktop\Master\RISC-V_FreeRTOS_Computer_Vision\IO_Testing\IGL2_MiV_FreeRTOS_Demo\component\work\MiV_Core32\MiV_Core32_0\core\miv_rv32ima_l1_ahb_queue_6.v (2019-04-23 10:51:14)
313      C:\Users\cheec\Desktop\Master\RISC-V_FreeRTOS_Computer_Vision\IO_Testing\IGL2_MiV_FreeRTOS_Demo\component\work\MiV_Core32\MiV_Core32_0\core\miv_rv32ima_l1_ahb_repeater.v (2019-04-23 10:51:14)
314      C:\Users\cheec\Desktop\Master\RISC-V_FreeRTOS_Computer_Vision\IO_Testing\IGL2_MiV_FreeRTOS_Demo\component\work\MiV_Core32\MiV_Core32_0\core\miv_rv32ima_l1_ahb_repeater_2.v (2019-04-23 10:51:14)
315      C:\Users\cheec\Desktop\Master\RISC-V_FreeRTOS_Computer_Vision\IO_Testing\IGL2_MiV_FreeRTOS_Demo\component\work\MiV_Core32\MiV_Core32_0\core\miv_rv32ima_l1_ahb_reset_catch_and_sync_d3.v (2019-04-23 10:51:14)
316      C:\Users\cheec\Desktop\Master\RISC-V_FreeRTOS_Computer_Vision\IO_Testing\IGL2_MiV_FreeRTOS_Demo\component\work\MiV_Core32\MiV_Core32_0\core\miv_rv32ima_l1_ahb_rocket.v (2019-04-23 10:51:16)
317      C:\Users\cheec\Desktop\Master\RISC-V_FreeRTOS_Computer_Vision\IO_Testing\IGL2_MiV_FreeRTOS_Demo\component\work\MiV_Core32\MiV_Core32_0\core\miv_rv32ima_l1_ahb_rocket_system.v (2019-04-23 10:51:16)
318      C:\Users\cheec\Desktop\Master\RISC-V_FreeRTOS_Computer_Vision\IO_Testing\IGL2_MiV_FreeRTOS_Demo\component\work\MiV_Core32\MiV_Core32_0\core\miv_rv32ima_l1_ahb_rocket_tile.v (2019-04-23 10:51:16)
319      C:\Users\cheec\Desktop\Master\RISC-V_FreeRTOS_Computer_Vision\IO_Testing\IGL2_MiV_FreeRTOS_Demo\component\work\MiV_Core32\MiV_Core32_0\core\miv_rv32ima_l1_ahb_rvcexpander.v (2019-04-23 10:51:14)
320      C:\Users\cheec\Desktop\Master\RISC-V_FreeRTOS_Computer_Vision\IO_Testing\IGL2_MiV_FreeRTOS_Demo\component\work\MiV_Core32\MiV_Core32_0\core\miv_rv32ima_l1_ahb_shift_queue.v (2019-04-23 10:51:14)
321      C:\Users\cheec\Desktop\Master\RISC-V_FreeRTOS_Computer_Vision\IO_Testing\IGL2_MiV_FreeRTOS_Demo\component\work\MiV_Core32\MiV_Core32_0\core\miv_rv32ima_l1_ahb_simple_lazy_module_system_bus_from_tile.v (2019-04-23 10:51:14)
322      C:\Users\cheec\Desktop\Master\RISC-V_FreeRTOS_Computer_Vision\IO_Testing\IGL2_MiV_FreeRTOS_Demo\component\work\MiV_Core32\MiV_Core32_0\core\miv_rv32ima_l1_ahb_synchronizer_shift_reg_w12_d1.v (2019-04-23 10:51:14)
323      C:\Users\cheec\Desktop\Master\RISC-V_FreeRTOS_Computer_Vision\IO_Testing\IGL2_MiV_FreeRTOS_Demo\component\work\MiV_Core32\MiV_Core32_0\core\miv_rv32ima_l1_ahb_synchronizer_shift_reg_w1_d3.v (2019-04-23 10:51:14)
324      C:\Users\cheec\Desktop\Master\RISC-V_FreeRTOS_Computer_Vision\IO_Testing\IGL2_MiV_FreeRTOS_Demo\component\work\MiV_Core32\MiV_Core32_0\core\miv_rv32ima_l1_ahb_synchronizer_shift_reg_w31_d3.v (2019-04-23 10:51:14)
325      C:\Users\cheec\Desktop\Master\RISC-V_FreeRTOS_Computer_Vision\IO_Testing\IGL2_MiV_FreeRTOS_Demo\component\work\MiV_Core32\MiV_Core32_0\core\miv_rv32ima_l1_ahb_synchronizer_shift_reg_w42_d1.v (2019-04-23 10:51:14)
326      C:\Users\cheec\Desktop\Master\RISC-V_FreeRTOS_Computer_Vision\IO_Testing\IGL2_MiV_FreeRTOS_Demo\component\work\MiV_Core32\MiV_Core32_0\core\miv_rv32ima_l1_ahb_synchronizer_shift_reg_w54_d1.v (2019-04-23 10:51:14)
327      C:\Users\cheec\Desktop\Master\RISC-V_FreeRTOS_Computer_Vision\IO_Testing\IGL2_MiV_FreeRTOS_Demo\component\work\MiV_Core32\MiV_Core32_0\core\miv_rv32ima_l1_ahb_system_bus_sbus.v (2019-04-23 10:51:14)
328      C:\Users\cheec\Desktop\Master\RISC-V_FreeRTOS_Computer_Vision\IO_Testing\IGL2_MiV_FreeRTOS_Demo\component\work\MiV_Core32\MiV_Core32_0\core\miv_rv32ima_l1_ahb_tag_array.v (2019-04-23 10:51:16)
329      C:\Users\cheec\Desktop\Master\RISC-V_FreeRTOS_Computer_Vision\IO_Testing\IGL2_MiV_FreeRTOS_Demo\component\work\MiV_Core32\MiV_Core32_0\core\miv_rv32ima_l1_ahb_tag_array_0.v (2019-04-23 10:51:16)
330      C:\Users\cheec\Desktop\Master\RISC-V_FreeRTOS_Computer_Vision\IO_Testing\IGL2_MiV_FreeRTOS_Demo\component\work\MiV_Core32\MiV_Core32_0\core\miv_rv32ima_l1_ahb_tag_array_0_ext.v (2019-04-23 10:51:16)
331      C:\Users\cheec\Desktop\Master\RISC-V_FreeRTOS_Computer_Vision\IO_Testing\IGL2_MiV_FreeRTOS_Demo\component\work\MiV_Core32\MiV_Core32_0\core\miv_rv32ima_l1_ahb_tag_array_ext.v (2019-04-23 10:51:16)
332      C:\Users\cheec\Desktop\Master\RISC-V_FreeRTOS_Computer_Vision\IO_Testing\IGL2_MiV_FreeRTOS_Demo\component\work\MiV_Core32\MiV_Core32_0\core\miv_rv32ima_l1_ahb_tlasync_crossing_sink_dmi_xing.v (2019-04-23 10:51:14)
333      C:\Users\cheec\Desktop\Master\RISC-V_FreeRTOS_Computer_Vision\IO_Testing\IGL2_MiV_FreeRTOS_Demo\component\work\MiV_Core32\MiV_Core32_0\core\miv_rv32ima_l1_ahb_tlasync_crossing_source_dm_inner.v (2019-04-23 10:51:14)
334      C:\Users\cheec\Desktop\Master\RISC-V_FreeRTOS_Computer_Vision\IO_Testing\IGL2_MiV_FreeRTOS_Demo\component\work\MiV_Core32\MiV_Core32_0\core\miv_rv32ima_l1_ahb_tlatomic_automata_periphery_bus_slave_tlfragmenter.v (2019-04-23 10:51:14)
335      C:\Users\cheec\Desktop\Master\RISC-V_FreeRTOS_Computer_Vision\IO_Testing\IGL2_MiV_FreeRTOS_Demo\component\work\MiV_Core32\MiV_Core32_0\core\miv_rv32ima_l1_ahb_tlb.v (2019-04-23 10:51:14)
336      C:\Users\cheec\Desktop\Master\RISC-V_FreeRTOS_Computer_Vision\IO_Testing\IGL2_MiV_FreeRTOS_Demo\component\work\MiV_Core32\MiV_Core32_0\core\miv_rv32ima_l1_ahb_tlb_1.v (2019-04-23 10:51:14)
337      C:\Users\cheec\Desktop\Master\RISC-V_FreeRTOS_Computer_Vision\IO_Testing\IGL2_MiV_FreeRTOS_Demo\component\work\MiV_Core32\MiV_Core32_0\core\miv_rv32ima_l1_ahb_tlbuffer_periphery_bus_slave_tlbuffer.v (2019-04-23 10:51:14)
338      C:\Users\cheec\Desktop\Master\RISC-V_FreeRTOS_Computer_Vision\IO_Testing\IGL2_MiV_FreeRTOS_Demo\component\work\MiV_Core32\MiV_Core32_0\core\miv_rv32ima_l1_ahb_tlbuffer_periphery_bus_slave_tlfragmenter.v (2019-04-23 10:51:14)
339      C:\Users\cheec\Desktop\Master\RISC-V_FreeRTOS_Computer_Vision\IO_Testing\IGL2_MiV_FreeRTOS_Demo\component\work\MiV_Core32\MiV_Core32_0\core\miv_rv32ima_l1_ahb_tlbuffer_system_bus.v (2019-04-23 10:51:14)
340      C:\Users\cheec\Desktop\Master\RISC-V_FreeRTOS_Computer_Vision\IO_Testing\IGL2_MiV_FreeRTOS_Demo\component\work\MiV_Core32\MiV_Core32_0\core\miv_rv32ima_l1_ahb_tlbuffer_system_bus_slave_tlbuffer.v (2019-04-23 10:51:14)
341      C:\Users\cheec\Desktop\Master\RISC-V_FreeRTOS_Computer_Vision\IO_Testing\IGL2_MiV_FreeRTOS_Demo\component\work\MiV_Core32\MiV_Core32_0\core\miv_rv32ima_l1_ahb_tlcache_cork_system_bus.v (2019-04-23 10:51:14)
342      C:\Users\cheec\Desktop\Master\RISC-V_FreeRTOS_Computer_Vision\IO_Testing\IGL2_MiV_FreeRTOS_Demo\component\work\MiV_Core32\MiV_Core32_0\core\miv_rv32ima_l1_ahb_tldebug_module_debug.v (2019-04-23 10:51:14)
343      C:\Users\cheec\Desktop\Master\RISC-V_FreeRTOS_Computer_Vision\IO_Testing\IGL2_MiV_FreeRTOS_Demo\component\work\MiV_Core32\MiV_Core32_0\core\miv_rv32ima_l1_ahb_tldebug_module_inner_async_dm_inner.v (2019-04-23 10:51:14)
344      C:\Users\cheec\Desktop\Master\RISC-V_FreeRTOS_Computer_Vision\IO_Testing\IGL2_MiV_FreeRTOS_Demo\component\work\MiV_Core32\MiV_Core32_0\core\miv_rv32ima_l1_ahb_tldebug_module_inner_dm_inner.v (2019-04-23 10:51:14)
345      C:\Users\cheec\Desktop\Master\RISC-V_FreeRTOS_Computer_Vision\IO_Testing\IGL2_MiV_FreeRTOS_Demo\component\work\MiV_Core32\MiV_Core32_0\core\miv_rv32ima_l1_ahb_tldebug_module_outer_async_dm_outer.v (2019-04-23 10:51:14)
346      C:\Users\cheec\Desktop\Master\RISC-V_FreeRTOS_Computer_Vision\IO_Testing\IGL2_MiV_FreeRTOS_Demo\component\work\MiV_Core32\MiV_Core32_0\core\miv_rv32ima_l1_ahb_tldebug_module_outer_dm_outer.v (2019-04-23 10:51:14)
347      C:\Users\cheec\Desktop\Master\RISC-V_FreeRTOS_Computer_Vision\IO_Testing\IGL2_MiV_FreeRTOS_Demo\component\work\MiV_Core32\MiV_Core32_0\core\miv_rv32ima_l1_ahb_tlerror_error.v (2019-04-23 10:51:16)
348      C:\Users\cheec\Desktop\Master\RISC-V_FreeRTOS_Computer_Vision\IO_Testing\IGL2_MiV_FreeRTOS_Demo\component\work\MiV_Core32\MiV_Core32_0\core\miv_rv32ima_l1_ahb_tlfifofixer_system_bus.v (2019-04-23 10:51:16)
349      C:\Users\cheec\Desktop\Master\RISC-V_FreeRTOS_Computer_Vision\IO_Testing\IGL2_MiV_FreeRTOS_Demo\component\work\MiV_Core32\MiV_Core32_0\core\miv_rv32ima_l1_ahb_tlfifofixer_system_bus_pbus_tlfifofixer.v (2019-04-23 10:51:16)
350      C:\Users\cheec\Desktop\Master\RISC-V_FreeRTOS_Computer_Vision\IO_Testing\IGL2_MiV_FreeRTOS_Demo\component\work\MiV_Core32\MiV_Core32_0\core\miv_rv32ima_l1_ahb_tlfilter.v (2019-04-23 10:51:16)
351      C:\Users\cheec\Desktop\Master\RISC-V_FreeRTOS_Computer_Vision\IO_Testing\IGL2_MiV_FreeRTOS_Demo\component\work\MiV_Core32\MiV_Core32_0\core\miv_rv32ima_l1_ahb_tlfragmenter_periphery_bus_slave_tlfragmenter.v (2019-04-23 10:51:16)
352      C:\Users\cheec\Desktop\Master\RISC-V_FreeRTOS_Computer_Vision\IO_Testing\IGL2_MiV_FreeRTOS_Demo\component\work\MiV_Core32\MiV_Core32_0\core\miv_rv32ima_l1_ahb_tlplic_plic.v (2019-04-23 10:51:16)
353      C:\Users\cheec\Desktop\Master\RISC-V_FreeRTOS_Computer_Vision\IO_Testing\IGL2_MiV_FreeRTOS_Demo\component\work\MiV_Core32\MiV_Core32_0\core\miv_rv32ima_l1_ahb_tlsplitter_system_bus_master_tlsplitter.v (2019-04-23 10:51:16)
354      C:\Users\cheec\Desktop\Master\RISC-V_FreeRTOS_Computer_Vision\IO_Testing\IGL2_MiV_FreeRTOS_Demo\component\work\MiV_Core32\MiV_Core32_0\core\miv_rv32ima_l1_ahb_tlto_ahb.v (2019-04-23 10:51:16)
355      C:\Users\cheec\Desktop\Master\RISC-V_FreeRTOS_Computer_Vision\IO_Testing\IGL2_MiV_FreeRTOS_Demo\component\work\MiV_Core32\MiV_Core32_0\core\miv_rv32ima_l1_ahb_tlto_ahb_converter.v (2019-04-23 10:51:16)
356      C:\Users\cheec\Desktop\Master\RISC-V_FreeRTOS_Computer_Vision\IO_Testing\IGL2_MiV_FreeRTOS_Demo\component\work\MiV_Core32\MiV_Core32_0\core\miv_rv32ima_l1_ahb_tlwidth_widget.v (2019-04-23 10:51:16)
357      C:\Users\cheec\Desktop\Master\RISC-V_FreeRTOS_Computer_Vision\IO_Testing\IGL2_MiV_FreeRTOS_Demo\component\work\MiV_Core32\MiV_Core32_0\core\miv_rv32ima_l1_ahb_tlwidth_widget_system_bus_slave_tlwidth_widget.v (2019-04-23 10:51:16)
358      C:\Users\cheec\Desktop\Master\RISC-V_FreeRTOS_Computer_Vision\IO_Testing\IGL2_MiV_FreeRTOS_Demo\component\work\MiV_Core32\MiV_Core32_0\core\miv_rv32ima_l1_ahb_tlxbar_dmi_xbar.v (2019-04-23 10:51:16)
359      C:\Users\cheec\Desktop\Master\RISC-V_FreeRTOS_Computer_Vision\IO_Testing\IGL2_MiV_FreeRTOS_Demo\component\work\MiV_Core32\MiV_Core32_0\core\miv_rv32ima_l1_ahb_tlxbar_memory_bus.v (2019-04-23 10:51:16)
360      C:\Users\cheec\Desktop\Master\RISC-V_FreeRTOS_Computer_Vision\IO_Testing\IGL2_MiV_FreeRTOS_Demo\component\work\MiV_Core32\MiV_Core32_0\core\miv_rv32ima_l1_ahb_tlxbar_periphery_bus.v (2019-04-23 10:51:16)
361      C:\Users\cheec\Desktop\Master\RISC-V_FreeRTOS_Computer_Vision\IO_Testing\IGL2_MiV_FreeRTOS_Demo\component\work\MiV_Core32\MiV_Core32_0\core\miv_rv32ima_l1_ahb_tlxbar_system_bus.v (2019-04-23 10:51:16)
362      C:\Users\cheec\Desktop\Master\RISC-V_FreeRTOS_Computer_Vision\IO_Testing\IGL2_MiV_FreeRTOS_Demo\component\work\MiV_Core32\MiV_Core32_0\core\miv_rv32ima_l1_ahb_tlxbar_tl_master_xbar.v (2019-04-23 10:51:16)
363      C:\Users\cheec\Desktop\Master\RISC-V_FreeRTOS_Computer_Vision\IO_Testing\IGL2_MiV_FreeRTOS_Demo\component\work\Timer\Timer.v (2019-03-18 14:32:28)

*******************************************************************
Unchanged modules: 0
MID:  lib.cell.view
